06-26 15:39:06.101  1130  2619 I WindowManager: Destroying surface Surface(name=com.example.myapplication.debug/com.example.myapplication.SecondScreenActivity$_9075)/@0xbafd328 called by com.android.server.wm.WindowStateAnimator.destroySurface:799 com.android.server.wm.WindowStateAnimator.destroySurfaceLocked:472 com.android.server.wm.WindowState.destroySurfaceUnchecked:4201 com.android.server.wm.WindowState.destroySurface:4175 com.android.server.wm.ActivityRecord.destroySurfaces:6952 com.android.server.wm.ActivityRecord.destroySurfaces:6933 com.android.server.wm.ActivityRecord.activityStopped:7633 com.android.server.wm.ActivityClientController.activityStopped:321 
06-26 15:39:06.111   780   780 I Layer   : id=21684 removeFromCurrentState com.example.myapplication.debug/com.example.myapplication.SecondScreenActivity$_9075#21684 (202)
06-26 15:39:06.112   780   780 I SurfaceFlinger: id=21684 Removed com.example.myapplication.debug/com.example.myapplication.SecondScreenActivity$_9075#21684 (202)
06-26 15:39:06.129   780   780 I Layer   : id=21684 Destroyed com.example.myapplication.debug/com.example.myapplication.SecondScreenActivity$_9075#21684
06-26 15:39:07.950  1130  2424 V WindowManager: Collecting in transition 1477: ActivityRecord{d4fb270 u0 com.example.myapplication.debug/com.example.myapplication.SecondScreenActivity t4384}, caller=com.android.server.wm.Transition.collect:759 com.android.server.wm.TransitionController.collect:935 com.android.server.wm.ActivityRecord.setVisibility:6348 com.android.server.wm.ActivityRecord.setVisibility:6300 com.android.server.wm.TaskFragment.resumeTopActivity:1731 
06-26 15:39:07.950  1130  2424 D WindowManager: prepareSync <SYNC_STATE_WAITING_FOR_DRAW>, mPrepareSyncSeqId=0, win=Window{e31e68c u0 com.example.myapplication.debug/com.example.myapplication.SecondScreenActivity}
06-26 15:39:07.951  1130  2424 V WindowManager: Setting visibility of Window{e31e68c u0 com.example.myapplication.debug/com.example.myapplication.SecondScreenActivity}: true, caller=com.android.server.wm.WindowContainer.sendAppVisibilityToClients:1301 com.android.server.wm.WindowToken.setClientVisible:446 com.android.server.wm.ActivityRecord.setClientVisible:8121 com.android.server.wm.ActivityRecord.setVisibility:6451 com.android.server.wm.ActivityRecord.setVisibility:6300 
06-26 15:39:07.951  1130  2424 D InputDispatcher: Focused application(0): ActivityRecord{d4fb270 u0 com.example.myapplication.debug/com.example.myapplication.SecondScreenActivity t4384}
06-26 15:39:07.952  1130  2424 D ActivityTaskManager: scheduleTopResumedActivityChanged, onTop=true, r=ActivityRecord{d4fb270 u0 com.example.myapplication.debug/com.example.myapplication.SecondScreenActivity t4384}, caller=com.android.server.wm.ActivityTaskSupervisor.scheduleTopResumedActivityStateIfNeeded:2857 com.android.server.wm.ActivityTaskSupervisor.updateTopResumedActivityIfNeeded:2849 com.android.server.wm.TaskFragment.setResumedActivity:579 com.android.server.wm.TaskFragment.onActivityStateChanged:903 com.android.server.wm.ActivityRecord.setState:6811 com.android.server.wm.TaskFragment.resumeTopActivity:1746 
06-26 15:39:07.953  1130  2424 D WindowManager: rotationForOrientation, orientationSource=ActivityRecord{d4fb270 u0 com.example.myapplication.debug/com.example.myapplication.SecondScreenActivity t4384}
06-26 15:39:07.953  1130  2424 D WindowManager: rotationForOrientation, orientationSource=ActivityRecord{d4fb270 u0 com.example.myapplication.debug/com.example.myapplication.SecondScreenActivity t4384}
06-26 15:39:07.953  1130  2424 D WindowManager: rotationForOrientation, orientationSource=ActivityRecord{d4fb270 u0 com.example.myapplication.debug/com.example.myapplication.SecondScreenActivity t4384}
06-26 15:39:07.955  1130  2424 V WindowManager: Collecting in transition 1477: ActivityRecord{d4fb270 u0 com.example.myapplication.debug/com.example.myapplication.SecondScreenActivity t4384}, caller=com.android.server.wm.Transition.collect:759 com.android.server.wm.TransitionController.collect:935 com.android.server.wm.ActivityRecord.setVisibility:6348 com.android.server.wm.ActivityRecord.setVisibility:6300 com.android.server.wm.ActivityRecord.completeResumeLocked:7395 
06-26 15:39:07.955  1130  2424 D WindowManagerServiceExt: notifyOccludeChangeNotice: cn=ComponentInfo{com.example.myapplication.debug/com.example.myapplication.SecondScreenActivity} occludesParent=true isInSplitScreenMode=false styleFloating=false caller=com.android.server.wm.ActivityRecord.completeResumeLocked:7452 com.android.server.wm.TaskFragment.resumeTopActivity:1866 com.android.server.wm.TaskFragment.resumeTopActivity:1386 com.android.server.wm.Task.resumeTopActivityInnerLocked:6497 com.android.server.wm.Task.resumeTopActivityUncheckedLocked:6384 
06-26 15:39:07.957  1130  2424 D WindowManager: SyncGroup 1477:  Unfinished container: ActivityRecord{d4fb270 u0 com.example.myapplication.debug/com.example.myapplication.SecondScreenActivity t4384} mSyncState=2
06-26 15:39:07.958  9075  9075 I ViewRootImpl@d16b452[SecondScreenActivity]: handleAppVisibility mAppVisible = false visible = true
06-26 15:39:07.959  9075  9075 I ViewRootImpl@d16b452[SecondScreenActivity]: stopped(false) old = true
06-26 15:39:07.959  9075  9075 D ViewRootImpl@d16b452[SecondScreenActivity]: WindowStopped on com.example.myapplication.debug/com.example.myapplication.SecondScreenActivity set to false
06-26 15:39:07.963  9075  9075 D SecondScreen: onActivityResult: requestCode=792, resultCode=-1
06-26 15:39:07.963  9075  9075 D SecondScreen: Recebido retorno: ID=1, Nome='newhhw665ygv1261e43s', Qtd=1
06-26 15:39:07.963  9075  9075 D SecondScreen: Buscando por ID 1: encontrado na posi+º+úo 0
06-26 15:39:07.964  9075  9075 D SecondScreen: Ô£à Artigo atualizado na posi+º+úo 0: ID=1, Nome='newhhw665ygv1261e43s'
06-26 15:39:07.964  9075  9075 D SecondScreen: Calculando subtotal. Base Subtotal (soma dos pre+ºos dos artigos): 0.1
06-26 15:39:07.965  9075  9075 D SecondScreen: Desconto (valor num+®rico): 0.0, isPercent=false, Desconto calculado (descontoValor): 0.0
06-26 15:39:07.966  9075  9075 D SecondScreen: Texto do desconto (UI): (R$ 0,00)
06-26 15:39:07.966  9075  9075 D SecondScreen: Taxa de entrega (UI): R$ 0,00
06-26 15:39:07.967  9075  9075 D SecondScreen: Saldo devedor calculado (UI): R$ 0,10
06-26 15:39:08.001  1130  2424 D WindowManager: SyncGroup 1477:  Unfinished container: ActivityRecord{d4fb270 u0 com.example.myapplication.debug/com.example.myapplication.SecondScreenActivity t4384} mSyncState=2
06-26 15:39:08.009  1130  2424 V WindowManager: Relayout Window{e31e68c u0 com.example.myapplication.debug/com.example.myapplication.SecondScreenActivity}: viewVisibility=0 req=1080x2400 ty=1 d0
06-26 15:39:08.009   780   956 I SurfaceFlinger: id=21724 createSurf, flag=44004, com.example.myapplication.debug/com.example.myapplication.SecondScreenActivity$_9075#21724
06-26 15:39:08.011  1130  2424 D WindowManager: makeSurface duration=2 name=com.example.myapplication.debug/com.example.myapplication.SecondScreenActivity$_9075
06-26 15:39:08.012  1130  2424 D WindowManager: SyncGroup 1477:  Unfinished container: ActivityRecord{d4fb270 u0 com.example.myapplication.debug/com.example.myapplication.SecondScreenActivity t4384} mSyncState=2
06-26 15:39:08.012  1130  2424 V WindowManager: Changing focus from null to Window{e31e68c u0 com.example.myapplication.debug/com.example.myapplication.SecondScreenActivity} displayId=0 Callers=com.android.server.wm.RootWindowContainer.updateFocusedWindowLocked:578 com.android.server.wm.WindowManagerService.updateFocusedWindowLocked:6833 com.android.server.wm.WindowManagerService.relayoutWindow:2755 com.android.server.wm.Session.relayout:282 
06-26 15:39:08.014  1130  2424 D InsetsSourceProvider: updateControlForTarget: control=InsetsSourceControl: {78af0000 mType=statusBars initiallyVisible mSurfacePosition=Point(0, 0) mInsetsHint=Insets{left=0, top=92, right=0, bottom=0}}, target=Window{e31e68c u0 com.example.myapplication.debug/com.example.myapplication.SecondScreenActivity}, from=com.android.server.wm.InsetsStateController.onControlTargetChanged:358 com.android.server.wm.InsetsStateController.onBarControlTargetChanged:324 com.android.server.wm.InsetsPolicy.updateBarControlTarget:173 com.android.server.wm.InsetsPolicy.updateSystemBars:805 com.android.server.wm.DisplayPolicy.updateSystemBarsLw:3425 
06-26 15:39:08.015  1130  2424 D WindowManager: updateSystemBarAttributes: displayId=0, win=Window{e31e68c u0 com.example.myapplication.debug/com.example.myapplication.SecondScreenActivity}, navColorWin=Window{4735537 u0 InputMethod}, focusedCanBeNavColorWin=false, behavior=1, appearance=8, statusBarAppearanceRegions=[AppearanceRegion{LIGHT_STATUS_BARS bounds=[0,0][1080,2400]}], requestedVisibilities=-9, from=com.android.server.wm.DisplayPolicy.focusChangedLw:2947 com.android.server.wm.DisplayContent.updateFocusedWindowLocked:4894 com.android.server.wm.RootWindowContainer.updateFocusedWindowLocked:578 
06-26 15:39:08.018  9075  9075 I InsetsController: onStateChanged: host=com.example.myapplication.debug/com.example.myapplication.SecondScreenActivity, from=android.view.ViewRootImpl.relayoutWindow:10072, state=InsetsState: {mDisplayFrame=Rect(0, 0 - 1080, 2400), mDisplayCutout=DisplayCutout{insets=Rect(0, 92 - 0, 0) waterfall=Insets{left=0, top=0, right=0, bottom=0} boundingRect={Bounds=[Rect(0, 0 - 0, 0), Rect(507, 0 - 573, 92), Rect(0, 0 - 0, 0), Rect(0, 0 - 0, 0)]} cutoutPathParserInfo={CutoutPathParserInfo{displayWidth=1080 displayHeight=2400 physicalDisplayWidth=1080 physicalDisplayHeight=2400 density={2.8125} cutoutSpec={M 0,0 H -11.73333333333333 V 32.71111111111111 H 11.73333333333333 V 0 H 0 Z @dp} rotation={0} scale={1.0} physicalPixelDisplaySizeRatio={1.0}}}}, mRoundedCorners=RoundedCorners{[RoundedCorner{position=TopLeft, radius=0, center=Point(0, 0)}, RoundedCorner{position=TopRight, radius=0, center=Point(0, 0)}, RoundedCorner{position=BottomRight, radius=0, center=Point(0, 0)}, RoundedCorner{position=BottomLeft, radius=0, center=Point(0, 0)}]}  mRoundedCornerFrame=Rect(0, 0 - 1080, 2400), mPrivacyIndicatorBounds=PrivacyIndicatorBounds {static bounds=Rect(956, 0 - 1080, 92) rotation=0}, mDisplayShape=DisplayShape{ spec=-311912193 displayWidth=1080 displayHeight=2400 physicalPixelDisplaySizeRatio=1.0 rotation=0 offsetX=0 offsetY=0 scale=1.0}, mSources= { InsetsSource: {c4ee0001 mType=navigationBars mFrame=[0,2265][1080,2400] mVisible=true mFlags=[]}, InsetsSource: {c4ee0004 mType=systemGestures mFrame=[0,0][0,0] mVisible=true mFlags=[]}, InsetsSource: {c4ee0005 mType=mandatorySystemGestures mFrame=[0,2265][1080,2400] mVisible=true mFlags=[]}, InsetsSource: {c4ee0006 mType=tappableElement mFrame=[0,2265][1080,2400] mVisible=true mFlags=[]}, InsetsSource: {c4ee0024 mType=systemGestures mFrame=[0,0][0,0] mVisible=true mFlags=[]}, InsetsSource: {3 mType=ime mFrame=[0,1482][1080,2400] mVisible=false mFlags=[]}, InsetsSource: {27 mType=displayCutout mFrame=[0,0][1080,92] mVisible=true mFlags=[]}, InsetsSource: {78af0000 mType=statusBars mFrame=[0,0][1080,92] mVisible=true mFlags=[]}, InsetsSource: {78af0005 mType=mandatorySystemGestures mFrame=[0,0][1080,126] mVisible=true mFlags=[]}, InsetsSource: {78af0006 mType=tappableElement mFrame=[0,0][1080,92] mVisible=true mFlags=[]} }
06-26 15:39:08.019  9075  9075 I BLASTBufferQueue_Java: new BLASTBufferQueue, mName= ViewRootImpl@d16b452[SecondScreenActivity] mNativeObject= 0xb4000070567eeff0 sc.mNativeObject= 0xb4000071d67f69d0 caller= android.view.ViewRootImpl.updateBlastSurfaceIfNeeded:3028 android.view.ViewRootImpl.relayoutWindow:10131 android.view.ViewRootImpl.performTraversals:4110 android.view.ViewRootImpl.doTraversal:3288 android.view.ViewRootImpl$TraversalRunnable.run:11344 android.view.Choreographer$CallbackRecord.run:1689 android.view.Choreographer$CallbackRecord.run:1698 android.view.Choreographer.doCallbacks:1153 android.view.Choreographer.doFrame:1079 android.view.Choreographer$FrameDisplayEventReceiver.run:1646 
06-26 15:39:08.020  9075  9075 I BLASTBufferQueue_Java: update, w= 1080 h= 2400 mName = ViewRootImpl@d16b452[SecondScreenActivity] mNativeObject= 0xb4000070567eeff0 sc.mNativeObject= 0xb4000071d67f69d0 format= -1 caller= android.graphics.BLASTBufferQueue.<init>:89 android.view.ViewRootImpl.updateBlastSurfaceIfNeeded:3028 android.view.ViewRootImpl.relayoutWindow:10131 android.view.ViewRootImpl.performTraversals:4110 android.view.ViewRootImpl.doTraversal:3288 android.view.ViewRootImpl$TraversalRunnable.run:11344 
06-26 15:39:08.020  9075  9075 I ViewRootImpl@d16b452[SecondScreenActivity]: Relayout returned: old=(0,0,1080,2400) new=(0,0,1080,2400) relayoutAsync=false req=(1080,2400)0 dur=10 res=0x403 s={true 0xb4000071c6819be0} ch=true seqId=0
06-26 15:39:08.021  9075  9075 D ViewRootImpl@d16b452[SecondScreenActivity]: mThreadedRenderer.initialize() mSurface={isValid=true 0xb4000071c6819be0} hwInitialized=true
06-26 15:39:08.023  1130  1159 D WindowManager: SyncGroup 1477:  Unfinished container: ActivityRecord{d4fb270 u0 com.example.myapplication.debug/com.example.myapplication.SecondScreenActivity t4384} mSyncState=2
06-26 15:39:08.024  9075  9075 D ViewRootImpl@d16b452[SecondScreenActivity]: reportNextDraw android.view.ViewRootImpl.performTraversals:4718 android.view.ViewRootImpl.doTraversal:3288 android.view.ViewRootImpl$TraversalRunnable.run:11344 android.view.Choreographer$CallbackRecord.run:1689 android.view.Choreographer$CallbackRecord.run:1698 
06-26 15:39:08.024  9075  9075 I ViewRootImpl@d16b452[SecondScreenActivity]: Setup new sync=wmsSync-ViewRootImpl@d16b452[SecondScreenActivity]#16
06-26 15:39:08.024  9075  9075 I ViewRootImpl@d16b452[SecondScreenActivity]: Creating new active sync group ViewRootImpl@d16b452[SecondScreenActivity]#17
06-26 15:39:08.026  1130  1159 D WindowManager: SyncGroup 1477:  Unfinished container: ActivityRecord{d4fb270 u0 com.example.myapplication.debug/com.example.myapplication.SecondScreenActivity t4384} mSyncState=2
06-26 15:39:08.027  9075  9075 I ViewRootImpl@d16b452[SecondScreenActivity]: registerCallbacksForSync syncBuffer=false
06-26 15:39:08.032  9075  9156 I ViewRootImpl@d16b452[SecondScreenActivity]: Received frameDrawingCallback syncResult=0 frameNum=1.
06-26 15:39:08.033  9075  9156 I ViewRootImpl@d16b452[SecondScreenActivity]: mWNT: t=0xb400007016807e70 mBlastBufferQueue=0xb4000070567eeff0 fn= 1 mRenderHdrSdrRatio=1.0 caller= android.view.ViewRootImpl$8.onFrameDraw:13841 android.view.ThreadedRenderer$1.onFrameDraw:792 <bottom of call stack> 
06-26 15:39:08.033  9075  9156 I ViewRootImpl@d16b452[SecondScreenActivity]: Setting up sync and frameCommitCallback
06-26 15:39:08.034  9075  9141 I BLASTBufferQueue: [ViewRootImpl@d16b452[SecondScreenActivity]#6](f:0,a:0,s:0) onFrameAvailable the first frame is available
06-26 15:39:08.034  9075  9141 I ViewRootImpl@d16b452[SecondScreenActivity]: Received frameCommittedCallback lastAttemptedDrawFrameNum=1 didProduceBuffer=true
06-26 15:39:08.035  9075  9075 I ViewRootImpl@d16b452[SecondScreenActivity]: reportDrawFinished seqId=0
06-26 15:39:08.035  1130  5310 D WindowManager: finishDrawingWindow: Window{e31e68c u0 com.example.myapplication.debug/com.example.myapplication.SecondScreenActivity} mDrawState=DRAW_PENDING seqId=0
06-26 15:39:08.038  1130  1159 V WindowManager: performShowLocked: mDrawState=HAS_DRAWN in Window{e31e68c u0 com.example.myapplication.debug/com.example.myapplication.SecondScreenActivity}
06-26 15:39:08.038  1130  1159 V WindowManager: Start calculating TransitionInfo based on participants: {ActivityRecord{6b3f7a3 u0 com.example.myapplication.debug/com.example.myapplication.CriarNovoArtigoActivityRoom t4384 f}}, ActivityRecord{d4fb270 u0 com.example.myapplication.debug/com.example.myapplication.SecondScreenActivity t4384}}
06-26 15:39:08.038  1130  1159 V WindowManager:   Final targets: [ActivityRecord{6b3f7a3 u0 com.example.myapplication.debug/com.example.myapplication.CriarNovoArtigoActivityRoom t4384 f}}, ActivityRecord{d4fb270 u0 com.example.myapplication.debug/com.example.myapplication.SecondScreenActivity t4384}]
06-26 15:39:08.040  1130  1159 I SurfaceControl: show, t=StartTransaction_SyncId<1477>, sc=Surface(name=ActivityRecord{d4fb270 u0 com.example.myapplication.debug/com.example.myapplication.SecondScreenActivity t4384})/@0xd63cecb, caller=com.android.server.wm.Transition.onTransactionReady:1992 com.android.server.wm.BLASTSyncEngine$SyncGroup.finishNow:315 com.android.server.wm.BLASTSyncEngine$SyncGroup.tryFinish:242 com.android.server.wm.BLASTSyncEngine$SyncGroup.-$$Nest$mtryFinish:0 com.android.server.wm.BLASTSyncEngine.onSurfacePlacement:675 com.android.server.wm.RootWindowContainer.performSurfacePlacementNoTrace:990 
06-26 15:39:08.041  9075  9075 I InsetsSourceConsumer: applyRequestedVisibilityToControl: visible=true, type=statusBars, host=com.example.myapplication.debug/com.example.myapplication.SecondScreenActivity
06-26 15:39:08.041  1130  1159 V WindowManager:         {null m=TO_FRONT f=FILLS_TASK|IS_ACTIVITY leash=Surface(name=ActivityRecord{d4fb270 u0 com.example.myapplication.debug/com.example.myapplication.SecondScreenActivity t4384})/@0xd63cecb sb=Rect(0, 0 - 1080, 2400) eb=Rect(0, 0 - 1080, 2400) d=0 inset=Rect(0, 0 - 0, 0)}
06-26 15:39:08.043  1130  4477 D InputDispatcher: Focus request (0): e31e68c com.example.myapplication.debug/com.example.myapplication.SecondScreenActivity but waiting because NOT_VISIBLE
06-26 15:39:08.045  1130  1155 V WindowManager:         {null m=TO_FRONT f=FILLS_TASK|IS_ACTIVITY leash=Surface(name=ActivityRecord{d4fb270 u0 com.example.myapplication.debug/com.example.myapplication.SecondScreenActivity t4384})/@0xd63cecb sb=Rect(0, 0 - 1080, 2400) eb=Rect(0, 0 - 1080, 2400) d=0 inset=Rect(0, 0 - 0, 0)}
06-26 15:39:08.050  1585  1643 V WindowManagerShell: onTransitionReady android.os.BinderProxy@9ce4cb4: {id=1477 t=CLOSE f=0x0 trk=0 r=[0@Point(0, 0)] c=[{null m=CLOSE f=FILLS_TASK|IS_ACTIVITY leash=Surface(name=ActivityRecord{6b3f7a3 u0 com.example.myapplication.debug/com.example.myapplication.CriarNovoArtigoActivityRoom t4384})/@0x55e85f sb=Rect(0, 0 - 1080, 2400) eb=Rect(0, 0 - 1080, 2400) d=0 inset=Rect(0, 0 - 0, 0)},{null m=TO_FRONT f=FILLS_TASK|IS_ACTIVITY leash=Surface(name=ActivityRecord{d4fb270 u0 com.example.myapplication.debug/com.example.myapplication.SecondScreenActivity t4384})/@0x9db12ac sb=Rect(0, 0 - 1080, 2400) eb=Rect(0, 0 - 1080, 2400) d=0 inset=Rect(0, 0 - 0, 0)}]}
06-26 15:39:08.051  1585  1643 I SurfaceControl: show, t=StartTransaction_SyncId<1477>, sc=Surface(name=ActivityRecord{d4fb270 u0 com.example.myapplication.debug/com.example.myapplication.SecondScreenActivity t4384})/@0x9db12ac, caller=com.android.wm.shell.transition.Transitions.dispatchReady:687 com.android.wm.shell.transition.Transitions.onTransitionReady:119 com.android.wm.shell.transition.Transitions$TransitionPlayerImpl$$ExternalSyntheticLambda0.run:13 android.os.Handler.handleCallback:958 android.os.Handler.dispatchMessage:99 android.os.Looper.loopOnce:230 
06-26 15:39:08.052  1585  1643 I SurfaceControl: show, t=FinishTransaction_SyncId<1477>, sc=Surface(name=ActivityRecord{d4fb270 u0 com.example.myapplication.debug/com.example.myapplication.SecondScreenActivity t4384})/@0x9db12ac, caller=com.android.wm.shell.transition.Transitions.dispatchReady:744 com.android.wm.shell.transition.Transitions.onTransitionReady:119 com.android.wm.shell.transition.Transitions$TransitionPlayerImpl$$ExternalSyntheticLambda0.run:13 android.os.Handler.handleCallback:958 android.os.Handler.dispatchMessage:99 android.os.Looper.loopOnce:230 
06-26 15:39:08.055  1585  1643 V WindowManagerShell: Transition doesn't have explicit remote, search filters for match for {id=1477 t=CLOSE f=0x0 trk=0 r=[0@Point(0, 0)] c=[{null m=CLOSE f=FILLS_TASK|IS_ACTIVITY leash=Surface(name=ActivityRecord{6b3f7a3 u0 com.example.myapplication.debug/com.example.myapplication.CriarNovoArtigoActivityRoom t4384})/@0x55e85f sb=Rect(0, 0 - 1080, 2400) eb=Rect(0, 0 - 1080, 2400) d=0 inset=Rect(0, 0 - 0, 0)},{null m=TO_FRONT f=FILLS_TASK|IS_ACTIVITY leash=Surface(name=ActivityRecord{d4fb270 u0 com.example.myapplication.debug/com.example.myapplication.SecondScreenActivity t4384})/@0x9db12ac sb=Rect(0, 0 - 1080, 2400) eb=Rect(0, 0 - 1080, 2400) d=0 inset=Rect(0, 0 - 0, 0)}]}
06-26 15:39:08.055  1585  1643 V WindowManagerShell: start default transition animation, info = {id=1477 t=CLOSE f=0x0 trk=0 r=[0@Point(0, 0)] c=[{null m=CLOSE f=FILLS_TASK|IS_ACTIVITY leash=Surface(name=ActivityRecord{6b3f7a3 u0 com.example.myapplication.debug/com.example.myapplication.CriarNovoArtigoActivityRoom t4384})/@0x55e85f sb=Rect(0, 0 - 1080, 2400) eb=Rect(0, 0 - 1080, 2400) d=0 inset=Rect(0, 0 - 0, 0)},{null m=TO_FRONT f=FILLS_TASK|IS_ACTIVITY leash=Surface(name=ActivityRecord{d4fb270 u0 com.example.myapplication.debug/com.example.myapplication.SecondScreenActivity t4384})/@0x9db12ac sb=Rect(0, 0 - 1080, 2400) eb=Rect(0, 0 - 1080, 2400) d=0 inset=Rect(0, 0 - 0, 0)}]}
06-26 15:39:08.104   780   780 I Layer   : Layer [ActivityRecord{d4fb270 u0 com.example.myapplication.debug/com.example.myapplication.SecondScreenActivity t4384}#21682] hidden!! flag(0)
06-26 15:39:08.104   780   780 I Layer   : Layer [com.example.myapplication.debug/com.example.myapplication.SecondScreenActivity$_9075#21724] hidden!! flag(0)
06-26 15:39:08.106  1130  2424 D InputDispatcher: Focus entered window (0): e31e68c com.example.myapplication.debug/com.example.myapplication.SecondScreenActivity
06-26 15:39:08.125  9075  9075 I ViewRootImpl@d16b452[SecondScreenActivity]: handleWindowFocusChanged: 1 0 call from android.view.ViewRootImpl.-$$Nest$mhandleWindowFocusChanged:0
06-26 15:39:08.125  9075  9075 D ViewRootImpl@d16b452[SecondScreenActivity]: mThreadedRenderer.initializeIfNeeded()#2 mSurface={isValid=true 0xb4000071c6819be0}
06-26 15:39:08.128  1130  2424 D CoreBackPreview: Window{e31e68c u0 com.example.myapplication.debug/com.example.myapplication.SecondScreenActivity}: Setting back callback OnBackInvokedCallbackInfo{mCallback=android.window.IOnBackInvokedCallback$Stub$Proxy@83df6d5, mPriority=0, mIsAnimationCallback=false}
06-26 15:39:08.153  1130  2424 D InsetsSourceProvider: updateControlForTarget: control=InsetsSourceControl: {3 mType=ime mSurfacePosition=Point(0, 92) mInsetsHint=Insets{left=0, top=0, right=0, bottom=918}}, target=Window{e31e68c u0 com.example.myapplication.debug/com.example.myapplication.SecondScreenActivity}, from=com.android.server.wm.ImeInsetsSourceProvider.updateControlForTarget:165 com.android.server.wm.InsetsStateController.onControlTargetChanged:358 com.android.server.wm.InsetsStateController.onImeControlTargetChanged:302 com.android.server.wm.DisplayContent.updateImeControlTarget:5727 com.android.server.wm.DisplayContent.updateImeInputAndControlTarget:5687 
06-26 15:39:08.155  1130  4186 D InsetsSourceProvider: updateControlForTarget: control=InsetsSourceControl: {c4ee0001 mType=navigationBars initiallyVisible mSurfacePosition=Point(0, 2265) mInsetsHint=Insets{left=0, top=0, right=0, bottom=135}}, target=Window{e31e68c u0 com.example.myapplication.debug/com.example.myapplication.SecondScreenActivity}, from=com.android.server.wm.InsetsStateController.onControlTargetChanged:358 com.android.server.wm.InsetsStateController.onBarControlTargetChanged:327 com.android.server.wm.InsetsPolicy.updateBarControlTarget:173 com.android.server.wm.InsetsPolicy.onInsetsModified:518 com.android.server.wm.Session.updateRequestedVisibleTypes:797 
06-26 15:39:08.157  1130  1159 D WindowManager: updateSystemBarAttributes: displayId=0, win=Window{e31e68c u0 com.example.myapplication.debug/com.example.myapplication.SecondScreenActivity}, navColorWin=Window{e31e68c u0 com.example.myapplication.debug/com.example.myapplication.SecondScreenActivity}, focusedCanBeNavColorWin=false, behavior=1, appearance=24, statusBarAppearanceRegions=[AppearanceRegion{LIGHT_STATUS_BARS bounds=[0,0][1080,2400]}], requestedVisibilities=-9, from=com.android.server.wm.DisplayPolicy.finishPostLayoutPolicyLw:2320 com.android.server.wm.DisplayContent.applySurfaceChangesTransaction:6130 com.android.server.wm.RootWindowContainer.applySurfaceChangesTransaction:1180 
06-26 15:39:08.162  1130  4186 D CoreBackPreview: Window{e31e68c u0 com.example.myapplication.debug/com.example.myapplication.SecondScreenActivity}: Setting back callback OnBackInvokedCallbackInfo{mCallback=android.window.IOnBackInvokedCallback$Stub$Proxy@3ff389, mPriority=0, mIsAnimationCallback=false}
06-26 15:39:08.168  9075  9237 I ViewRootImpl@d16b452[SecondScreenActivity]: Resizing android.view.ViewRootImpl@77b0d1d: frame = [0,0][1080,2400] reportDraw = false forceLayout = false syncSeqId = -1
06-26 15:39:08.176  9075  9237 I ViewRootImpl@d16b452[SecondScreenActivity]: Resizing android.view.ViewRootImpl@77b0d1d: frame = [0,0][1080,2400] reportDraw = false forceLayout = false syncSeqId = -1
06-26 15:39:08.177  9075  9075 I InsetsSourceConsumer: applyRequestedVisibilityToControl: visible=false, type=ime, host=com.example.myapplication.debug/com.example.myapplication.SecondScreenActivity
06-26 15:39:08.178  9075  9075 I InsetsSourceConsumer: applyRequestedVisibilityToControl: visible=true, type=navigationBars, host=com.example.myapplication.debug/com.example.myapplication.SecondScreenActivity
06-26 15:39:08.179  9075  9075 I ViewRootImpl@d16b452[SecondScreenActivity]: handleResized, msg = 4 frames=ClientWindowFrames{frame=[0,0][1080,2400] display=[0,0][1080,2400] parentFrame=[0,0][0,0]} forceNextWindowRelayout=false displayId=0 dragResizing=false compatScale=1.0 frameChanged=false attachedFrameChanged=false configChanged=false displayChanged=false compatScaleChanged=false
06-26 15:39:08.191  9075  9075 I ViewRootImpl@d16b452[SecondScreenActivity]: handleResized, msg = 4 frames=ClientWindowFrames{frame=[0,0][1080,2400] display=[0,0][1080,2400] parentFrame=[0,0][0,0]} forceNextWindowRelayout=false displayId=0 dragResizing=false compatScale=1.0 frameChanged=false attachedFrameChanged=false configChanged=false displayChanged=false compatScaleChanged=false
06-26 15:39:08.335   780   780 D SurfaceFlinger:      DEVICE | 0xb400007006336dd0 | 0102 | RGBA_8888    |    0.0   17.0 1080.0 2400.0 |    0    0 1080 2383 | com.example.myapplication.debug/com.[...]ion.SecondScreenActivity$_9075#21724
06-26 15:39:08.469   780   780 D SurfaceFlinger:      DEVICE | 0xb400007006326ad0 | 0102 | RGBA_8888    |    0.0    0.0 1080.0 2400.0 |    0    0 1080 2400 | com.example.myapplication.debug/com.[...]ion.SecondScreenActivity$_9075#21724
06-26 15:39:08.486   780   780 I Layer   : id=21682 removeFromCurrentState ActivityRecord{d4fb270 u0 com.example.myapplication.debug/com.example.myapplication.SecondScreenActivity t4384}#21682 (212)
06-26 15:39:08.486   780   780 I Layer   : id=21688 removeFromCurrentState edb0a22 ActivityRecordInputSink com.example.myapplication.debug/com.example.myapplication.SecondScreenActivity#21688 (212)
06-26 15:39:08.486   780   780 I Layer   : id=21683 removeFromCurrentState e31e68c com.example.myapplication.debug/com.example.myapplication.SecondScreenActivity#21683 (212)
06-26 15:39:08.486   780   780 I Layer   : id=21724 removeFromCurrentState com.example.myapplication.debug/com.example.myapplication.SecondScreenActivity$_9075#21724 (212)
06-26 15:39:08.486   780   780 I Layer   : id=21682 addToCurrentState ActivityRecord{d4fb270 u0 com.example.myapplication.debug/com.example.myapplication.SecondScreenActivity t4384}#21682 (212)
06-26 15:39:08.486   780   780 I Layer   : id=21688 addToCurrentState edb0a22 ActivityRecordInputSink com.example.myapplication.debug/com.example.myapplication.SecondScreenActivity#21688 (212)
06-26 15:39:08.486   780   780 I Layer   : id=21683 addToCurrentState e31e68c com.example.myapplication.debug/com.example.myapplication.SecondScreenActivity#21683 (212)
06-26 15:39:08.486   780   780 I Layer   : id=21724 addToCurrentState com.example.myapplication.debug/com.example.myapplication.SecondScreenActivity$_9075#21724 (212)
06-26 15:39:08.534   780   780 D SurfaceFlinger:      DEVICE | 0xb400007006326ad0 | 0102 | RGBA_8888    |    0.0    0.0 1080.0 2400.0 |    0    0 1080 2400 | com.example.myapplication.debug/com.[...]ion.SecondScreenActivity$_9075#21724
06-26 15:39:08.733  9075  9237 I ViewRootImpl@d16b452[SecondScreenActivity]: Resizing android.view.ViewRootImpl@77b0d1d: frame = [0,0][1080,2400] reportDraw = false forceLayout = false syncSeqId = -1
06-26 15:39:08.739  9075  9075 I InsetsController: onStateChanged: host=com.example.myapplication.debug/com.example.myapplication.SecondScreenActivity, from=android.view.ViewRootImpl$ViewRootHandler.handleMessageImpl:7196, state=InsetsState: {mDisplayFrame=Rect(0, 0 - 1080, 2400), mDisplayCutout=DisplayCutout{insets=Rect(0, 92 - 0, 0) waterfall=Insets{left=0, top=0, right=0, bottom=0} boundingRect={Bounds=[Rect(0, 0 - 0, 0), Rect(507, 0 - 573, 92), Rect(0, 0 - 0, 0), Rect(0, 0 - 0, 0)]} cutoutPathParserInfo={CutoutPathParserInfo{displayWidth=1080 displayHeight=2400 physicalDisplayWidth=1080 physicalDisplayHeight=2400 density={2.8125} cutoutSpec={M 0,0 H -11.73333333333333 V 32.71111111111111 H 11.73333333333333 V 0 H 0 Z @dp} rotation={0} scale={1.0} physicalPixelDisplaySizeRatio={1.0}}}}, mRoundedCorners=RoundedCorners{[RoundedCorner{position=TopLeft, radius=0, center=Point(0, 0)}, RoundedCorner{position=TopRight, radius=0, center=Point(0, 0)}, RoundedCorner{position=BottomRight, radius=0, center=Point(0, 0)}, RoundedCorner{position=BottomLeft, radius=0, center=Point(0, 0)}]}  mRoundedCornerFrame=Rect(0, 0 - 1080, 2400), mPrivacyIndicatorBounds=PrivacyIndicatorBounds {static bounds=Rect(956, 0 - 1080, 92) rotation=0}, mDisplayShape=DisplayShape{ spec=-311912193 displayWidth=1080 displayHeight=2400 physicalPixelDisplaySizeRatio=1.0 rotation=0 offsetX=0 offsetY=0 scale=1.0}, mSources= { InsetsSource: {c4ee0001 mType=navigationBars mFrame=[0,2265][1080,2400] mVisible=true mFlags=[]}, InsetsSource: {c4ee0004 mType=systemGestures mFrame=[0,0][0,0] mVisible=true mFlags=[]}, InsetsSource: {c4ee0005 mType=mandatorySystemGestures mFrame=[0,2265][1080,2400] mVisible=true mFlags=[]}, InsetsSource: {c4ee0006 mType=tappableElement mFrame=[0,2265][1080,2400] mVisible=true mFlags=[]}, InsetsSource: {c4ee0024 mType=systemGestures mFrame=[0,0][0,0] mVisible=true mFlags=[]}, InsetsSource: {3 mType=ime mFrame=[0,0][0,0] mVisible=false mFlags=[]}, InsetsSource: {27 mType=displayCutout mFrame=[0,0][1080,92] mVisible=true mFlags=[]}, InsetsSource: {78af0000 mType=statusBars mFrame=[0,0][1080,92] mVisible=true mFlags=[]}, InsetsSource: {78af0005 mType=mandatorySystemGestures mFrame=[0,0][1080,126] mVisible=true mFlags=[]}, InsetsSource: {78af0006 mType=tappableElement mFrame=[0,0][1080,92] mVisible=true mFlags=[]} }
06-26 15:39:08.741  9075  9075 I ViewRootImpl@d16b452[SecondScreenActivity]: handleResized, msg = 4 frames=ClientWindowFrames{frame=[0,0][1080,2400] display=[0,0][1080,2400] parentFrame=[0,0][0,0]} forceNextWindowRelayout=false displayId=0 dragResizing=false compatScale=1.0 frameChanged=false attachedFrameChanged=false configChanged=false displayChanged=false compatScaleChanged=false
06-26 15:39:09.393  9075  9075 I ViewRootImpl@d16b452[SecondScreenActivity]: ViewPostIme pointer 0
06-26 15:39:09.425  9075  9075 I ViewRootImpl@d16b452[SecondScreenActivity]: ViewPostIme pointer 1
06-26 15:39:09.426  9075  9075 D SecondScreen: Clicou em artigo para editar: ID=1, Nome='newhhw665ygv1261e43s', Quantidade=1
06-26 15:39:09.426  9075  9075 D SecondScreen: Enviando para CriarNovoArtigoActivityRoom: artigo_id=1, nome='newhhw665ygv1261e43s'
06-26 15:39:09.437  1130  4186 D ActivityTaskManager: scheduleTopResumedActivityChanged, onTop=false, r=ActivityRecord{d4fb270 u0 com.example.myapplication.debug/com.example.myapplication.SecondScreenActivity t4384}, caller=com.android.server.wm.ActivityTaskSupervisor.updateTopResumedActivityIfNeeded:2826 com.android.server.wm.TaskFragment.setResumedActivity:579 com.android.server.wm.TaskFragment.onActivityStateChanged:888 com.android.server.wm.ActivityRecord.setState:6811 com.android.server.wm.TaskFragment.startPausing:2004 com.android.server.wm.TaskFragment.startPausing:1948 
06-26 15:39:09.443  1130  4186 V WindowManager: Collecting in transition 1478: ActivityRecord{d4fb270 u0 com.example.myapplication.debug/com.example.myapplication.SecondScreenActivity t4384}, caller=com.android.server.wm.Transition.collect:759 com.android.server.wm.TransitionController.collect:935 com.android.server.wm.ActivityRecord.setVisibility:6348 com.android.server.wm.ActivityRecord.setVisibility:6300 com.android.server.wm.ActivityRecord.makeInvisible:7137 
06-26 15:39:09.443  1130  4186 D WindowManager: prepareSync <SYNC_STATE_WAITING_FOR_DRAW>, mPrepareSyncSeqId=0, win=Window{e31e68c u0 com.example.myapplication.debug/com.example.myapplication.SecondScreenActivity}
06-26 15:39:09.443  1130  4186 D WindowManager: VisibleRequested updated, r=ActivityRecord{d4fb270 u0 com.example.myapplication.debug/com.example.myapplication.SecondScreenActivity t4384}
06-26 15:39:09.446  1130  4186 V WindowManager: Changing focus from Window{e31e68c u0 com.example.myapplication.debug/com.example.myapplication.SecondScreenActivity} to null displayId=0 Callers=com.android.server.wm.RootWindowContainer.updateFocusedWindowLocked:578 com.android.server.wm.WindowManagerService.updateFocusedWindowLocked:6833 com.android.server.wm.ActivityTaskManagerService.setLastResumedActivityUncheckLocked:6118 com.android.server.wm.ActivityTaskSupervisor.updateTopResumedActivityIfNeeded:2847 
06-26 15:39:09.466  1130  4186 D InputDispatcher: Focus left window (0): e31e68c com.example.myapplication.debug/com.example.myapplication.SecondScreenActivity
06-26 15:39:09.603  9075  9075 I ViewRootImpl@d16b452[SecondScreenActivity]: handleWindowFocusChanged: 0 0 call from android.view.ViewRootImpl.-$$Nest$mhandleWindowFocusChanged:0
06-26 15:39:09.605  1130  1159 V WindowManager: Start calculating TransitionInfo based on participants: {ActivityRecord{9522fe u0 com.example.myapplication.debug/com.example.myapplication.CriarNovoArtigoActivityRoom t4384}, ActivityRecord{d4fb270 u0 com.example.myapplication.debug/com.example.myapplication.SecondScreenActivity t4384}}
06-26 15:39:09.605  1130  1159 V WindowManager:   Final targets: [ActivityRecord{9522fe u0 com.example.myapplication.debug/com.example.myapplication.CriarNovoArtigoActivityRoom t4384}, ActivityRecord{d4fb270 u0 com.example.myapplication.debug/com.example.myapplication.SecondScreenActivity t4384}]
06-26 15:39:09.608  1130  1159 V WindowManager:         {null m=TO_BACK f=FILLS_TASK|IS_ACTIVITY leash=Surface(name=ActivityRecord{d4fb270 u0 com.example.myapplication.debug/com.example.myapplication.SecondScreenActivity t4384})/@0xd63cecb sb=Rect(0, 0 - 1080, 2400) eb=Rect(0, 0 - 1080, 2400) d=0 inset=Rect(0, 0 - 0, 0)}
06-26 15:39:09.610  1130  1155 V WindowManager:         {null m=TO_BACK f=FILLS_TASK|IS_ACTIVITY leash=Surface(name=ActivityRecord{d4fb270 u0 com.example.myapplication.debug/com.example.myapplication.SecondScreenActivity t4384})/@0xd63cecb sb=Rect(0, 0 - 1080, 2400) eb=Rect(0, 0 - 1080, 2400) d=0 inset=Rect(0, 0 - 0, 0)}
06-26 15:39:09.610  1585  1643 V WindowManagerShell: onTransitionReady android.os.BinderProxy@e29696b: {id=1478 t=OPEN f=0x0 trk=0 r=[0@Point(0, 0)] c=[{null m=OPEN f=FILLS_TASK|IS_ACTIVITY leash=Surface(name=ActivityRecord{9522fe u0 com.example.myapplication.debug/com.example.myapplication.CriarNovoArtigoActivityRoom t4384})/@0xcf54486 sb=Rect(0, 0 - 0, 0) eb=Rect(0, 0 - 1080, 2400) d=-1->0 r=-1->0:-1 dim=true inset=Rect(0, 0 - 0, 0)},{null m=TO_BACK f=FILLS_TASK|IS_ACTIVITY leash=Surface(name=ActivityRecord{d4fb270 u0 com.example.myapplication.debug/com.example.myapplication.SecondScreenActivity t4384})/@0x4f33147 sb=Rect(0, 0 - 1080, 2400) eb=Rect(0, 0 - 1080, 2400) d=0 inset=Rect(0, 0 - 0, 0)}]}
06-26 15:39:09.611  1585  1643 I SurfaceControl: hide, t=FinishTransaction_SyncId<1478>, sc=Surface(name=ActivityRecord{d4fb270 u0 com.example.myapplication.debug/com.example.myapplication.SecondScreenActivity t4384})/@0x4f33147, caller=com.android.wm.shell.transition.Transitions.dispatchReady:682 com.android.wm.shell.transition.Transitions.onTransitionReady:119 com.android.wm.shell.transition.Transitions$TransitionPlayerImpl$$ExternalSyntheticLambda0.run:13 android.os.Handler.handleCallback:958 android.os.Handler.dispatchMessage:99 android.os.Looper.loopOnce:230 
06-26 15:39:09.613  1585  1643 V WindowManagerShell: Transition doesn't have explicit remote, search filters for match for {id=1478 t=OPEN f=0x0 trk=0 r=[0@Point(0, 0)] c=[{null m=OPEN f=FILLS_TASK|IS_ACTIVITY leash=Surface(name=ActivityRecord{9522fe u0 com.example.myapplication.debug/com.example.myapplication.CriarNovoArtigoActivityRoom t4384})/@0xcf54486 sb=Rect(0, 0 - 0, 0) eb=Rect(0, 0 - 1080, 2400) d=-1->0 r=-1->0:-1 dim=true inset=Rect(0, 0 - 0, 0)},{null m=TO_BACK f=FILLS_TASK|IS_ACTIVITY leash=Surface(name=ActivityRecord{d4fb270 u0 com.example.myapplication.debug/com.example.myapplication.SecondScreenActivity t4384})/@0x4f33147 sb=Rect(0, 0 - 1080, 2400) eb=Rect(0, 0 - 1080, 2400) d=0 inset=Rect(0, 0 - 0, 0)}]}
06-26 15:39:09.613  1585  1643 V WindowManagerShell: start default transition animation, info = {id=1478 t=OPEN f=0x0 trk=0 r=[0@Point(0, 0)] c=[{null m=OPEN f=FILLS_TASK|IS_ACTIVITY leash=Surface(name=ActivityRecord{9522fe u0 com.example.myapplication.debug/com.example.myapplication.CriarNovoArtigoActivityRoom t4384})/@0xcf54486 sb=Rect(0, 0 - 0, 0) eb=Rect(0, 0 - 1080, 2400) d=-1->0 r=-1->0:-1 dim=true inset=Rect(0, 0 - 0, 0)},{null m=TO_BACK f=FILLS_TASK|IS_ACTIVITY leash=Surface(name=ActivityRecord{d4fb270 u0 com.example.myapplication.debug/com.example.myapplication.SecondScreenActivity t4384})/@0x4f33147 sb=Rect(0, 0 - 1080, 2400) eb=Rect(0, 0 - 1080, 2400) d=0 inset=Rect(0, 0 - 0, 0)}]}
06-26 15:39:09.746   780   780 D SurfaceFlinger:      CLIENT | 0xb400007006326ad0 | 0102 | RGBA_8888    |    0.0    4.0 1080.0 2400.0 |    0    0 1080 2396 | com.example.myapplication.debug/com.[...]ion.SecondScreenActivity$_9075#21724
06-26 15:39:10.127   780   780 I Layer   : id=21682 removeFromCurrentState ActivityRecord{d4fb270 u0 com.example.myapplication.debug/com.example.myapplication.SecondScreenActivity t4384}#21682 (213)
06-26 15:39:10.127   780   780 I Layer   : id=21688 removeFromCurrentState edb0a22 ActivityRecordInputSink com.example.myapplication.debug/com.example.myapplication.SecondScreenActivity#21688 (213)
06-26 15:39:10.127   780   780 I Layer   : id=21683 removeFromCurrentState e31e68c com.example.myapplication.debug/com.example.myapplication.SecondScreenActivity#21683 (213)
06-26 15:39:10.127   780   780 I Layer   : id=21724 removeFromCurrentState com.example.myapplication.debug/com.example.myapplication.SecondScreenActivity$_9075#21724 (213)
06-26 15:39:10.127   780   780 I Layer   : Layer [ActivityRecord{d4fb270 u0 com.example.myapplication.debug/com.example.myapplication.SecondScreenActivity t4384}#21682] hidden!! flag(1)
06-26 15:39:10.127   780   780 I Layer   : id=21682 addToCurrentState ActivityRecord{d4fb270 u0 com.example.myapplication.debug/com.example.myapplication.SecondScreenActivity t4384}#21682 (213)
06-26 15:39:10.127   780   780 I Layer   : id=21688 addToCurrentState edb0a22 ActivityRecordInputSink com.example.myapplication.debug/com.example.myapplication.SecondScreenActivity#21688 (213)
06-26 15:39:10.127   780   780 I Layer   : id=21683 addToCurrentState e31e68c com.example.myapplication.debug/com.example.myapplication.SecondScreenActivity#21683 (213)
06-26 15:39:10.127   780   780 I Layer   : id=21724 addToCurrentState com.example.myapplication.debug/com.example.myapplication.SecondScreenActivity$_9075#21724 (213)
06-26 15:39:10.128  1130  4477 V WindowManager: Setting visibility of Window{e31e68c u0 com.example.myapplication.debug/com.example.myapplication.SecondScreenActivity}: false, caller=com.android.server.wm.WindowContainer.sendAppVisibilityToClients:1301 com.android.server.wm.WindowToken.setClientVisible:446 com.android.server.wm.ActivityRecord.setClientVisible:8121 com.android.server.wm.ActivityRecord.postApplyAnimation:6685 com.android.server.wm.ActivityRecord.commitVisibility:6628 
06-26 15:39:10.130  9075  9075 I ViewRootImpl@d16b452[SecondScreenActivity]: handleAppVisibility mAppVisible = true visible = false
06-26 15:39:10.139  9075  9075 I ViewRootImpl@d16b452[SecondScreenActivity]: destroyHardwareResources: Callers=android.view.ViewRootImpl.performTraversals:3932 android.view.ViewRootImpl.doTraversal:3288 android.view.ViewRootImpl$TraversalRunnable.run:11344 android.view.Choreographer$CallbackRecord.run:1689 android.view.Choreographer$CallbackRecord.run:1698 android.view.Choreographer.doCallbacks:1153 android.view.Choreographer.doFrame:1079 android.view.Choreographer$FrameDisplayEventReceiver.run:1646 android.os.Handler.handleCallback:958 android.os.Handler.dispatchMessage:99 
06-26 15:39:10.144   780   780 I Layer   : Layer [com.example.myapplication.debug/com.example.myapplication.SecondScreenActivity$_9075#21724] hidden!! flag(1)
06-26 15:39:10.146  1130  4477 V WindowManager: Relayout Window{e31e68c u0 com.example.myapplication.debug/com.example.myapplication.SecondScreenActivity}: viewVisibility=8 req=1080x2400 ty=1 d0
06-26 15:39:10.157  9075  9075 I ViewRootImpl@d16b452[SecondScreenActivity]: Relayout returned: old=(0,0,1080,2400) new=(0,0,1080,2400) relayoutAsync=false req=(1080,2400)8 dur=8 res=0x402 s={false 0x0} ch=true seqId=0
06-26 15:39:10.159  9075  9075 I ViewRootImpl@d16b452[SecondScreenActivity]: stopped(true) old = false
06-26 15:39:10.159  9075  9075 D ViewRootImpl@d16b452[SecondScreenActivity]: WindowStopped on com.example.myapplication.debug/com.example.myapplication.SecondScreenActivity set to true
06-26 15:39:10.162  9075  9075 D SecondScreen: onStop: isFinishing=false, isChangingConfigurations=false
06-26 15:39:10.162  9075  9075 D SecondScreen: onStop: Tentando salvar a fatura n+úo salva (ou modificada).
06-26 15:39:10.162  9075  9075 D SecondScreen: saveFatura() iniciado - finalizarActivityAposSalvar: false
06-26 15:39:10.163  9075  9075 D SecondScreen: Valida+º+Áes passaram, iniciando salvamento no banco
06-26 15:39:10.165  9075  9075 D SecondScreen: Artigos convertidos para string para salvar: 1,newhhw665ygv1261e43s,1,0.1,,
06-26 15:39:10.165  9075  9075 D SecondScreen: Notas espec+¡ficas da fatura para salvar:  (tamanho: 0)
06-26 15:39:10.167  9075  9075 D SecondScreen: ContentValues preparado para salvar/atualizar fatura: subtotal=0.1 taxa_entrega=0.0 artigos=1,newhhw665ygv1261e43s,1,0.1,, desconto_percent=0 data=2025-06-26 15:39:10 notas= numero_fatura=#0001 cliente=NSN EMPRESA MAKE MARKETING PROMOCIONAL LTDA desconto=0.0 foi_enviada=0 saldo_devedor=0.1
06-26 15:39:10.168  9075  9075 D SecondScreen: Tentativa de atualiza+º+úo da fatura ID=1, linhas atualizadas: 1
06-26 15:39:10.168  9075  9075 W SecondScreen: Tabela fatura_items n+úo existe, pulando atualiza+º+úo de associa+º+Áes
06-26 15:39:10.168  9075  9075 D SecondScreen: Fatura atualizada com sucesso no SQLite
06-26 15:39:10.168  9075  9075 D SecondScreen: Salvando no Room e fechando atividade
06-26 15:39:10.168  9075  9075 D SecondScreen: saveFaturaToRoom() iniciado - faturaId: 1, finalizarActivityAposSalvar: false
06-26 15:39:10.199  9075  9075 D SecondScreen: Transa+º+úo do banco finalizada
06-26 15:39:10.201  9075  9075 D SecondScreen: onSaveInstanceState: nomeClienteSalvo=NSN EMPRESA MAKE MARKETING PROMOCIONAL LTDA, clienteIdSalvo=-1
06-26 15:39:10.202  9075  9075 D SecondScreen: Fatura salva no Room com sucesso: ID=1
06-26 15:39:10.210  9075  9075 I Toast   : show: caller = com.example.myapplication.SecondScreenActivity.showToast:2051 
06-26 15:39:10.235  1130  2424 V WindowManager: Collecting in transition 1479: ActivityRecord{71055b9 u0 com.example.myapplication.debug/com.example.myapplication.SecondScreenActivity, caller=com.android.server.wm.Transition.collect:759 com.android.server.wm.TransitionController.collect:935 com.android.server.wm.ActivityStarter.startActivityUnchecked:2361 com.android.server.wm.ActivityStarter.executeRequest:1950 com.android.server.wm.ActivityStarter.execute:1090 
06-26 15:39:10.235  1130  2424 D ActivityTaskManager: TaskLaunchParamsModifier:task=null activity=ActivityRecord{71055b9 u0 com.example.myapplication.debug/com.example.myapplication.SecondScreenActivity t-1} display-area-from-source=DefaultTaskDisplayArea_d0@254920689 display-id=0 task-display-area-windowing-mode=1 suggested-display-area=DefaultTaskDisplayArea_d0@254920689
06-26 15:39:10.235  1130  2424 D ActivityTaskManager: TaskLaunchParamsModifier:task=Task{33fc67 #4384 type=standard A=10594:com.example.myapplication.debug} activity=ActivityRecord{71055b9 u0 com.example.myapplication.debug/com.example.myapplication.SecondScreenActivity t-1} display-area-from-source=DefaultTaskDisplayArea_d0@254920689 display-id=0 task-display-area-windowing-mode=1 suggested-display-area=DefaultTaskDisplayArea_d0@254920689 inherit-from-source=fullscreen non-freeform-task-display-area display-area=DefaultTaskDisplayArea_d0@254920689 default-portrait freeform-size-mismatch=Rect(81, 578 - 999, 1778)
06-26 15:39:10.236   780   836 I SurfaceFlinger: id=21754 createSurf, flag=84004, ActivityRecord{71055b9 u0 com.example.myapplication.debug/com.example.myapplication.SecondScreenActivity t4384}#21754
06-26 15:39:10.238  1130  2424 V WindowManager: Collecting in transition 1479: ActivityRecord{71055b9 u0 com.example.myapplication.debug/com.example.myapplication.SecondScreenActivity t4384}, caller=com.android.server.wm.Transition.collect:759 com.android.server.wm.Transition.collectExistenceChange:942 com.android.server.wm.TransitionController.collectExistenceChange:985 com.android.server.wm.ActivityStarter.handleStartResult:2542 com.android.server.wm.ActivityStarter.startActivityUnchecked:2369 
06-26 15:39:10.238  1130  2424 I ActivityTaskManager: START u0 {cmp=com.example.myapplication.debug/com.example.myapplication.SecondScreenActivity (has extras)} with LAUNCH_SINGLE_TOP from uid 10594 (BAL_ALLOW_VISIBLE_WINDOW) result code=0
06-26 15:39:10.240  1130  2424 V WindowManager: Relayout Window{e31e68c u0 com.example.myapplication.debug/com.example.myapplication.SecondScreenActivity}: viewVisibility=8 req=1080x2400 ty=1 d0
06-26 15:39:10.240  1585  1643 V WindowManagerShell: Transition requested: android.os.BinderProxy@304fa37 TransitionRequestInfo { type = OPEN, triggerTask = TaskInfo{userId=0 taskId=4384 displayId=0 isRunning=true baseIntent=Intent { act=android.intent.action.MAIN cat=[android.intent.category.LAUNCHER] flg=0x10000000 cmp=com.example.myapplication.debug/com.example.myapplication.LoadingLoginActivity } baseActivity=ComponentInfo{com.example.myapplication.debug/com.example.myapplication.MainActivity} topActivity=ComponentInfo{com.example.myapplication.debug/com.example.myapplication.SecondScreenActivity} origActivity=null realActivity=ComponentInfo{com.example.myapplication.debug/com.example.myapplication.LoadingLoginActivity} numActivities=4 lastActiveTime=61946355 supportsMultiWindow=true resizeMode=1 isResizeable=true minWidth=-1 minHeight=-1 maxWidth=-1 maxHeight=-1 defaultMinSize=220 token=WCT{android.window.IWindowContainerToken$Stub$Proxy@ae57ba4} topActivityType=1 pictureInPictureParams=null shouldDockBigOverlays=false launchIntoPipHostTaskId=-1 lastParentTaskIdBeforePip=-1 displayCutoutSafeInsets=Rect(0, 92 - 0, 0) topActivityInfo=ActivityInfo{439cd0d com.example.myapplication.SecondScreenActivity} launchCookies=[] positionInParent=Point(0, 0) parentTaskId=-1 isFocused=true isVisible=true isVisibleRequested=true isSleeping=false topActivityInSizeCompat=false topActivityEligibleForLetterboxEducation= false topActivityLetterboxed= false isFromDoubleTap= false topActivityLetterboxVerticalPosition= -1 topActivityLetterboxHorizontalPosition= -1 topActivityLetterboxWidth=-1 topActivityLetterboxHeight=-1 locusId=null displayAreaFeatureId=1 cameraCompatControlState=hidden originallySupportedMultiWindow=true hasWallpaper=false topActivityInFixedAspectRatio=false rootAffinity=10594:com.example.myapplication.debug topActivityInDisplayCompat=false topActivityInBoundsCompat=false topActivityBounds=null singleTapFromLetterbox=false isTopTaskInStage=false topActivityUiMode=33 CoverLauncherWidgetTask=false CoverScreenTask=false isAllowedSeamlessRotation=false isTopTransparentActivity=false hasPopOver=false}, remoteTransition = null, displayChange = null }
06-26 15:39:10.244  9075  9075 I ViewRootImpl@d16b452[SecondScreenActivity]: Relayout returned: old=(0,0,1080,2400) new=(0,0,1080,2400) relayoutAsync=false req=(1080,2400)8 dur=4 res=0x402 s={false 0x0} ch=false seqId=0
06-26 15:39:10.246  1130  4477 E WindowManager: win=Window{e31e68c u0 com.example.myapplication.debug/com.example.myapplication.SecondScreenActivity} destroySurfaces: appStopped=true cleanupOnResume=false win.mWindowRemovalAllowed=false win.mRemoveOnExit=false win.mViewVisibility=8 caller=com.android.server.wm.ActivityRecord.destroySurfaces:6952 com.android.server.wm.ActivityRecord.destroySurfaces:6933 com.android.server.wm.ActivityRecord.activityStopped:7633 com.android.server.wm.ActivityClientController.activityStopped:321 android.app.IActivityClientController$Stub.onTransact:702 com.android.server.wm.ActivityClientController.onTransact:186 android.os.Binder.execTransactInternal:1380 
