06-26 15:39:10.210  9075  9075 I Toast   : show: caller = com.example.myapplication.SecondScreenActivity.showToast:2051 
06-26 15:39:10.235  1130  2424 V WindowManager: Collecting in transition 1479: ActivityRecord{71055b9 u0 com.example.myapplication.debug/com.example.myapplication.SecondScreenActivity, caller=com.android.server.wm.Transition.collect:759 com.android.server.wm.TransitionController.collect:935 com.android.server.wm.ActivityStarter.startActivityUnchecked:2361 com.android.server.wm.ActivityStarter.executeRequest:1950 com.android.server.wm.ActivityStarter.execute:1090 
06-26 15:39:10.235  1130  2424 D ActivityTaskManager: TaskLaunchParamsModifier:task=null activity=ActivityRecord{71055b9 u0 com.example.myapplication.debug/com.example.myapplication.SecondScreenActivity t-1} display-area-from-source=DefaultTaskDisplayArea_d0@254920689 display-id=0 task-display-area-windowing-mode=1 suggested-display-area=DefaultTaskDisplayArea_d0@254920689
06-26 15:39:10.235  1130  2424 D ActivityTaskManager: TaskLaunchParamsModifier:task=Task{33fc67 #4384 type=standard A=10594:com.example.myapplication.debug} activity=ActivityRecord{71055b9 u0 com.example.myapplication.debug/com.example.myapplication.SecondScreenActivity t-1} display-area-from-source=DefaultTaskDisplayArea_d0@254920689 display-id=0 task-display-area-windowing-mode=1 suggested-display-area=DefaultTaskDisplayArea_d0@254920689 inherit-from-source=fullscreen non-freeform-task-display-area display-area=DefaultTaskDisplayArea_d0@254920689 default-portrait freeform-size-mismatch=Rect(81, 578 - 999, 1778)
06-26 15:39:10.236   780   836 I SurfaceFlinger: id=21754 createSurf, flag=84004, ActivityRecord{71055b9 u0 com.example.myapplication.debug/com.example.myapplication.SecondScreenActivity t4384}#21754
06-26 15:39:10.237  1130  2424 D ActivityTaskManager: scheduleTopResumedActivityChanged, onTop=false, r=ActivityRecord{9522fe u0 com.example.myapplication.debug/com.example.myapplication.CriarNovoArtigoActivityRoom t4384}, caller=com.android.server.wm.ActivityTaskSupervisor.updateTopResumedActivityIfNeeded:2826 com.android.server.wm.TaskFragment.setResumedActivity:579 com.android.server.wm.TaskFragment.onActivityStateChanged:888 com.android.server.wm.ActivityRecord.setState:6811 com.android.server.wm.TaskFragment.startPausing:2004 com.android.server.wm.TaskFragment.startPausing:1948 
06-26 15:39:10.238  1130  2424 V WindowManager: Collecting in transition 1479: ActivityRecord{71055b9 u0 com.example.myapplication.debug/com.example.myapplication.SecondScreenActivity t4384}, caller=com.android.server.wm.Transition.collect:759 com.android.server.wm.Transition.collectExistenceChange:942 com.android.server.wm.TransitionController.collectExistenceChange:985 com.android.server.wm.ActivityStarter.handleStartResult:2542 com.android.server.wm.ActivityStarter.startActivityUnchecked:2369 
06-26 15:39:10.238  1130  2424 I ActivityTaskManager: START u0 {cmp=com.example.myapplication.debug/com.example.myapplication.SecondScreenActivity (has extras)} with LAUNCH_SINGLE_TOP from uid 10594 (BAL_ALLOW_VISIBLE_WINDOW) result code=0
06-26 15:39:10.240  1130  2424 V WindowManager: Relayout Window{e31e68c u0 com.example.myapplication.debug/com.example.myapplication.SecondScreenActivity}: viewVisibility=8 req=1080x2400 ty=1 d0
06-26 15:39:10.240  1585  1643 V WindowManagerShell: Transition requested: android.os.BinderProxy@304fa37 TransitionRequestInfo { type = OPEN, triggerTask = TaskInfo{userId=0 taskId=4384 displayId=0 isRunning=true baseIntent=Intent { act=android.intent.action.MAIN cat=[android.intent.category.LAUNCHER] flg=0x10000000 cmp=com.example.myapplication.debug/com.example.myapplication.LoadingLoginActivity } baseActivity=ComponentInfo{com.example.myapplication.debug/com.example.myapplication.MainActivity} topActivity=ComponentInfo{com.example.myapplication.debug/com.example.myapplication.SecondScreenActivity} origActivity=null realActivity=ComponentInfo{com.example.myapplication.debug/com.example.myapplication.LoadingLoginActivity} numActivities=4 lastActiveTime=61946355 supportsMultiWindow=true resizeMode=1 isResizeable=true minWidth=-1 minHeight=-1 maxWidth=-1 maxHeight=-1 defaultMinSize=220 token=WCT{android.window.IWindowContainerToken$Stub$Proxy@ae57ba4} topActivityType=1 pictureInPictureParams=null shouldDockBigOverlays=false launchIntoPipHostTaskId=-1 lastParentTaskIdBeforePip=-1 displayCutoutSafeInsets=Rect(0, 92 - 0, 0) topActivityInfo=ActivityInfo{439cd0d com.example.myapplication.SecondScreenActivity} launchCookies=[] positionInParent=Point(0, 0) parentTaskId=-1 isFocused=true isVisible=true isVisibleRequested=true isSleeping=false topActivityInSizeCompat=false topActivityEligibleForLetterboxEducation= false topActivityLetterboxed= false isFromDoubleTap= false topActivityLetterboxVerticalPosition= -1 topActivityLetterboxHorizontalPosition= -1 topActivityLetterboxWidth=-1 topActivityLetterboxHeight=-1 locusId=null displayAreaFeatureId=1 cameraCompatControlState=hidden originallySupportedMultiWindow=true hasWallpaper=false topActivityInFixedAspectRatio=false rootAffinity=10594:com.example.myapplication.debug topActivityInDisplayCompat=false topActivityInBoundsCompat=false topActivityBounds=null singleTapFromLetterbox=false isTopTaskInStage=false topActivityUiMode=33 CoverLauncherWidgetTask=false CoverScreenTask=false isAllowedSeamlessRotation=false isTopTransparentActivity=false hasPopOver=false}, remoteTransition = null, displayChange = null }
06-26 15:39:10.244  9075  9075 I ViewRootImpl@d16b452[SecondScreenActivity]: Relayout returned: old=(0,0,1080,2400) new=(0,0,1080,2400) relayoutAsync=false req=(1080,2400)8 dur=4 res=0x402 s={false 0x0} ch=false seqId=0
06-26 15:39:10.246  1130  4477 E WindowManager: win=Window{e31e68c u0 com.example.myapplication.debug/com.example.myapplication.SecondScreenActivity} destroySurfaces: appStopped=true cleanupOnResume=false win.mWindowRemovalAllowed=false win.mRemoveOnExit=false win.mViewVisibility=8 caller=com.android.server.wm.ActivityRecord.destroySurfaces:6952 com.android.server.wm.ActivityRecord.destroySurfaces:6933 com.android.server.wm.ActivityRecord.activityStopped:7633 com.android.server.wm.ActivityClientController.activityStopped:321 android.app.IActivityClientController$Stub.onTransact:702 com.android.server.wm.ActivityClientController.onTransact:186 android.os.Binder.execTransactInternal:1380 
06-26 15:39:10.246  1130  4477 I WindowManager: Destroying surface Surface(name=com.example.myapplication.debug/com.example.myapplication.SecondScreenActivity$_9075)/@0xe32895f called by com.android.server.wm.WindowStateAnimator.destroySurface:799 com.android.server.wm.WindowStateAnimator.destroySurfaceLocked:472 com.android.server.wm.WindowState.destroySurfaceUnchecked:4201 com.android.server.wm.WindowState.destroySurface:4175 com.android.server.wm.ActivityRecord.destroySurfaces:6952 com.android.server.wm.ActivityRecord.destroySurfaces:6933 com.android.server.wm.ActivityRecord.activityStopped:7633 com.android.server.wm.ActivityClientController.activityStopped:321 
06-26 15:39:10.253   780   780 I Layer   : id=21724 removeFromCurrentState com.example.myapplication.debug/com.example.myapplication.SecondScreenActivity$_9075#21724 (209)
06-26 15:39:10.253   780   780 I SurfaceFlinger: id=21724 Removed com.example.myapplication.debug/com.example.myapplication.SecondScreenActivity$_9075#21724 (209)
06-26 15:39:10.254  9075  9075 D CriarNovoArtigo: ÔÅ©´©Å onPause chamado - atividade pausada
06-26 15:39:10.255  1130  2424 V WindowManager: Collecting in transition 1479: ActivityRecord{71055b9 u0 com.example.myapplication.debug/com.example.myapplication.SecondScreenActivity t4384}, caller=com.android.server.wm.Transition.collect:759 com.android.server.wm.TransitionController.collect:935 com.android.server.wm.ActivityRecord.setVisibility:6348 com.android.server.wm.ActivityRecord.setVisibility:6300 com.android.server.wm.ActivityRecord.makeVisibleIfNeeded:7102 
06-26 15:39:10.255  1130  2424 V WindowManager: Collecting in transition 1479: ActivityRecord{9522fe u0 com.example.myapplication.debug/com.example.myapplication.CriarNovoArtigoActivityRoom t4384}, caller=com.android.server.wm.Transition.collect:759 com.android.server.wm.TransitionController.collect:935 com.android.server.wm.ActivityRecord.setVisibility:6348 com.android.server.wm.ActivityRecord.setVisibility:6300 com.android.server.wm.ActivityRecord.makeInvisible:7137 
06-26 15:39:10.255  1130  2424 D WindowManager: prepareSync <SYNC_STATE_WAITING_FOR_DRAW>, mPrepareSyncSeqId=0, win=Window{19325e9 u0 com.example.myapplication.debug/com.example.myapplication.CriarNovoArtigoActivityRoom}
06-26 15:39:10.255  1130  2424 D WindowManager: VisibleRequested updated, r=ActivityRecord{9522fe u0 com.example.myapplication.debug/com.example.myapplication.CriarNovoArtigoActivityRoom t4384}
06-26 15:39:10.255  1130  2424 D WindowManager: rotationForOrientation, orientationSource=ActivityRecord{71055b9 u0 com.example.myapplication.debug/com.example.myapplication.SecondScreenActivity t4384}
06-26 15:39:10.255  1130  2424 D WindowManager: rotationForOrientation, orientationSource=ActivityRecord{71055b9 u0 com.example.myapplication.debug/com.example.myapplication.SecondScreenActivity t4384}
06-26 15:39:10.256  1130  2424 D WindowManager: rotationForOrientation, orientationSource=ActivityRecord{71055b9 u0 com.example.myapplication.debug/com.example.myapplication.SecondScreenActivity t4384}
06-26 15:39:10.256  1130  2424 V WindowManager: Collecting in transition 1479: ActivityRecord{71055b9 u0 com.example.myapplication.debug/com.example.myapplication.SecondScreenActivity t4384}, caller=com.android.server.wm.Transition.collect:759 com.android.server.wm.TransitionController.collect:935 com.android.server.wm.ActivityRecord.setVisibility:6348 com.android.server.wm.ActivityRecord.setVisibility:6300 com.android.server.wm.ActivityTaskSupervisor.realStartActivityLocked:941 
06-26 15:39:10.257  1130  2424 D InputDispatcher: Focused application(0): ActivityRecord{71055b9 u0 com.example.myapplication.debug/com.example.myapplication.SecondScreenActivity t4384}
06-26 15:39:10.257  1130  2424 V WindowManager: Changing focus from Window{19325e9 u0 com.example.myapplication.debug/com.example.myapplication.CriarNovoArtigoActivityRoom} to null displayId=0 Callers=com.android.server.wm.RootWindowContainer.updateFocusedWindowLocked:578 com.android.server.wm.WindowManagerService.updateFocusedWindowLocked:6833 com.android.server.wm.ActivityTaskManagerService.setLastResumedActivityUncheckLocked:6118 com.android.server.wm.ActivityTaskSupervisor.updateTopResumedActivityIfNeeded:2847 
06-26 15:39:10.258  1130  2424 D ActivityTaskManager: scheduleTopResumedActivityChanged, onTop=true, r=ActivityRecord{71055b9 u0 com.example.myapplication.debug/com.example.myapplication.SecondScreenActivity t4384}, caller=com.android.server.wm.ActivityTaskSupervisor.scheduleTopResumedActivityStateIfNeeded:2857 com.android.server.wm.ActivityTaskSupervisor.updateTopResumedActivityIfNeeded:2849 com.android.server.wm.TaskFragment.setResumedActivity:579 com.android.server.wm.TaskFragment.onActivityStateChanged:903 com.android.server.wm.ActivityRecord.setState:6811 com.android.server.wm.Task.minimalResumeActivityLocked:6192 
06-26 15:39:10.258  1130  2424 V WindowManager: Collecting in transition 1479: ActivityRecord{71055b9 u0 com.example.myapplication.debug/com.example.myapplication.SecondScreenActivity t4384}, caller=com.android.server.wm.Transition.collect:759 com.android.server.wm.TransitionController.collect:935 com.android.server.wm.ActivityRecord.setVisibility:6348 com.android.server.wm.ActivityRecord.setVisibility:6300 com.android.server.wm.ActivityRecord.completeResumeLocked:7395 
06-26 15:39:10.258  1130  2424 D WindowManagerServiceExt: notifyOccludeChangeNotice: cn=ComponentInfo{com.example.myapplication.debug/com.example.myapplication.SecondScreenActivity} occludesParent=true isInSplitScreenMode=false styleFloating=false caller=com.android.server.wm.ActivityRecord.completeResumeLocked:7452 com.android.server.wm.Task.minimalResumeActivityLocked:6193 com.android.server.wm.ActivityTaskSupervisor.realStartActivityLocked:1158 com.android.server.wm.ActivityTaskSupervisor.startSpecificActivity:1267 com.android.server.wm.TaskFragment.resumeTopActivity:1885 
06-26 15:39:10.260  1130  2424 D WindowManager: SyncGroup 1479:  Unfinished container: ActivityRecord{71055b9 u0 com.example.myapplication.debug/com.example.myapplication.SecondScreenActivity t4384} mSyncState=2
06-26 15:39:10.261   780   780 I Layer   : id=21724 Destroyed com.example.myapplication.debug/com.example.myapplication.SecondScreenActivity$_9075#21724
06-26 15:39:10.274  9075  9075 D SecondScreen: onCreate chamado
06-26 15:39:10.276  1130  2424 D InputDispatcher: Focus left window (0): 19325e9 com.example.myapplication.debug/com.example.myapplication.CriarNovoArtigoActivityRoom
06-26 15:39:10.334  9075  9075 D SecondScreen: ClienteDbHelper inicializado com sucesso
06-26 15:39:10.334  9075  9075 D SecondScreen: Room Database inicializado com sucesso
06-26 15:39:10.339  9075  9075 D SecondScreen: Carregando fatura do banco de dados com ID: 1
06-26 15:39:10.340  9075  9075 D SecondScreen: Nome do cliente carregado do banco: NSN EMPRESA MAKE MARKETING PROMOCIONAL LTDA
06-26 15:39:10.341  9075  9075 W SecondScreen: Cliente NSN EMPRESA MAKE MARKETING PROMOCIONAL LTDA n+úo encontrado na tabela 'clientes' para obter ID.
06-26 15:39:10.341  9075  9075 D SecondScreen: N+¦mero da fatura carregado: #0001
06-26 15:39:10.341  9075  9075 D SecondScreen: Carregando artigos do banco: 1,newhhw665ygv1261e43s,1,0.1,,
06-26 15:39:10.342  9075  9075 D SecondScreen: Artigos carregados com sucesso do banco: 1 itens
06-26 15:39:10.342  9075  9075 D SecondScreen: Fotos carregadas do banco para fatura ID 1: 0 itens
06-26 15:39:10.342  9075  9075 D SecondScreen: Nenhuma nota espec+¡fica no banco para fatura ID 1. Carregando notas padr+úo.
06-26 15:39:10.342  9075  9075 D SecondScreen: Carregando notas padr+úo do SharedPreferences (NotasPrefs): 
06-26 15:39:10.342  9075  9075 D SecondScreen: Nenhuma nota padr+úo encontrada no SharedPreferences (NotasPrefs).
06-26 15:39:10.342  9075  9075 D SecondScreen: NotaAdapter (espec+¡ficas da fatura) notificado, tamanho da lista: 0
06-26 15:39:10.342  9075  9075 D SecondScreen: Calculando subtotal. Base Subtotal (soma dos pre+ºos dos artigos): 0.1
06-26 15:39:10.343  9075  9075 D SecondScreen: Desconto (valor num+®rico): 0.0, isPercent=false, Desconto calculado (descontoValor): 0.0
06-26 15:39:10.344  9075  9075 D SecondScreen: Texto do desconto (UI): (R$ 0,00)
06-26 15:39:10.344  9075  9075 D SecondScreen: Taxa de entrega (UI): R$ 0,00
06-26 15:39:10.345  9075  9075 D SecondScreen: Saldo devedor calculado (UI): R$ 0,10
06-26 15:39:10.354  1130  2424 D WindowManager: prepareSync <SYNC_STATE_WAITING_FOR_DRAW>, mPrepareSyncSeqId=0, win=Window{a2adc9a u0 com.example.myapplication.debug/com.example.myapplication.SecondScreenActivity}
06-26 15:39:10.354   780   836 I SurfaceFlinger: id=21755 createSurf, flag=84004, a2adc9a com.example.myapplication.debug/com.example.myapplication.SecondScreenActivity#21755
06-26 15:39:10.357  9075  9075 I InsetsController: onStateChanged: host=com.example.myapplication.debug/com.example.myapplication.SecondScreenActivity, from=android.view.ViewRootImpl.setView:1753, state=InsetsState: {mDisplayFrame=Rect(0, 0 - 1080, 2400), mDisplayCutout=DisplayCutout{insets=Rect(0, 92 - 0, 0) waterfall=Insets{left=0, top=0, right=0, bottom=0} boundingRect={Bounds=[Rect(0, 0 - 0, 0), Rect(507, 0 - 573, 92), Rect(0, 0 - 0, 0), Rect(0, 0 - 0, 0)]} cutoutPathParserInfo={CutoutPathParserInfo{displayWidth=1080 displayHeight=2400 physicalDisplayWidth=1080 physicalDisplayHeight=2400 density={2.8125} cutoutSpec={M 0,0 H -11.73333333333333 V 32.71111111111111 H 11.73333333333333 V 0 H 0 Z @dp} rotation={0} scale={1.0} physicalPixelDisplaySizeRatio={1.0}}}}, mRoundedCorners=RoundedCorners{[RoundedCorner{position=TopLeft, radius=0, center=Point(0, 0)}, RoundedCorner{position=TopRight, radius=0, center=Point(0, 0)}, RoundedCorner{position=BottomRight, radius=0, center=Point(0, 0)}, RoundedCorner{position=BottomLeft, radius=0, center=Point(0, 0)}]}  mRoundedCornerFrame=Rect(0, 0 - 1080, 2400), mPrivacyIndicatorBounds=PrivacyIndicatorBounds {static bounds=Rect(956, 0 - 1080, 92) rotation=0}, mDisplayShape=DisplayShape{ spec=-311912193 displayWidth=1080 displayHeight=2400 physicalPixelDisplaySizeRatio=1.0 rotation=0 offsetX=0 offsetY=0 scale=1.0}, mSources= { InsetsSource: {c4ee0001 mType=navigationBars mFrame=[0,2265][1080,2400] mVisible=true mFlags=[]}, InsetsSource: {c4ee0004 mType=systemGestures mFrame=[0,0][0,0] mVisible=true mFlags=[]}, InsetsSource: {c4ee0005 mType=mandatorySystemGestures mFrame=[0,2265][1080,2400] mVisible=true mFlags=[]}, InsetsSource: {c4ee0006 mType=tappableElement mFrame=[0,2265][1080,2400] mVisible=true mFlags=[]}, InsetsSource: {c4ee0024 mType=systemGestures mFrame=[0,0][0,0] mVisible=true mFlags=[]}, InsetsSource: {27 mType=displayCutout mFrame=[0,0][1080,92] mVisible=true mFlags=[]}, InsetsSource: {78af0000 mType=statusBars mFrame=[0,0][1080,92] mVisible=true mFlags=[]}, InsetsSource: {78af0005 mType=mandatorySystemGestures mFrame=[0,0][1080,126] mVisible=true mFlags=[]}, InsetsSource: {78af0006 mType=tappableElement mFrame=[0,0][1080,92] mVisible=true mFlags=[]} }
06-26 15:39:10.358  9075  9075 I ViewRootImpl@7f7f16c[SecondScreenActivity]: synced displayState. AttachInfo displayState=2
06-26 15:39:10.358  9075  9075 I ViewRootImpl@7f7f16c[SecondScreenActivity]: setView = com.android.internal.policy.DecorView@59293b TM=true
06-26 15:39:10.368  1130  2424 D CoreBackPreview: Window{a2adc9a u0 com.example.myapplication.debug/com.example.myapplication.SecondScreenActivity}: Setting back callback OnBackInvokedCallbackInfo{mCallback=android.window.IOnBackInvokedCallback$Stub$Proxy@59935a8, mPriority=0, mIsAnimationCallback=false}
06-26 15:39:10.427  1130  2424 V WindowManager: Relayout Window{a2adc9a u0 com.example.myapplication.debug/com.example.myapplication.SecondScreenActivity}: viewVisibility=0 req=1080x2400 ty=1 d0
06-26 15:39:10.427   780   836 I SurfaceFlinger: id=21756 createSurf, flag=44004, com.example.myapplication.debug/com.example.myapplication.SecondScreenActivity$_9075#21756
06-26 15:39:10.428  1130  2424 D WindowManager: makeSurface duration=1 name=com.example.myapplication.debug/com.example.myapplication.SecondScreenActivity$_9075
06-26 15:39:10.429  1130  2424 D WindowManager: SyncGroup 1479:  Unfinished container: ActivityRecord{71055b9 u0 com.example.myapplication.debug/com.example.myapplication.SecondScreenActivity t4384} mSyncState=2
06-26 15:39:10.430  1130  2424 V WindowManager: Changing focus from null to Window{a2adc9a u0 com.example.myapplication.debug/com.example.myapplication.SecondScreenActivity} displayId=0 Callers=com.android.server.wm.RootWindowContainer.updateFocusedWindowLocked:578 com.android.server.wm.WindowManagerService.updateFocusedWindowLocked:6833 com.android.server.wm.WindowManagerService.relayoutWindow:2755 com.android.server.wm.Session.relayout:282 
06-26 15:39:10.431  1130  2424 D InsetsSourceProvider: updateControlForTarget: control=InsetsSourceControl: {78af0000 mType=statusBars initiallyVisible mSurfacePosition=Point(0, 0) mInsetsHint=Insets{left=0, top=92, right=0, bottom=0}}, target=Window{a2adc9a u0 com.example.myapplication.debug/com.example.myapplication.SecondScreenActivity}, from=com.android.server.wm.InsetsStateController.onControlTargetChanged:358 com.android.server.wm.InsetsStateController.onBarControlTargetChanged:324 com.android.server.wm.InsetsPolicy.updateBarControlTarget:173 com.android.server.wm.InsetsPolicy.updateSystemBars:805 com.android.server.wm.DisplayPolicy.updateSystemBarsLw:3425 
06-26 15:39:10.432  1130  2424 D InsetsSourceProvider: updateControlForTarget: control=InsetsSourceControl: {c4ee0001 mType=navigationBars initiallyVisible mSurfacePosition=Point(0, 2265) mInsetsHint=Insets{left=0, top=0, right=0, bottom=135}}, target=Window{a2adc9a u0 com.example.myapplication.debug/com.example.myapplication.SecondScreenActivity}, from=com.android.server.wm.InsetsStateController.onControlTargetChanged:358 com.android.server.wm.InsetsStateController.onBarControlTargetChanged:327 com.android.server.wm.InsetsPolicy.updateBarControlTarget:173 com.android.server.wm.InsetsPolicy.updateSystemBars:805 com.android.server.wm.DisplayPolicy.updateSystemBarsLw:3425 
06-26 15:39:10.436  9075  9075 I InsetsController: onStateChanged: host=com.example.myapplication.debug/com.example.myapplication.SecondScreenActivity, from=android.view.ViewRootImpl.relayoutWindow:10072, state=InsetsState: {mDisplayFrame=Rect(0, 0 - 1080, 2400), mDisplayCutout=DisplayCutout{insets=Rect(0, 92 - 0, 0) waterfall=Insets{left=0, top=0, right=0, bottom=0} boundingRect={Bounds=[Rect(0, 0 - 0, 0), Rect(507, 0 - 573, 92), Rect(0, 0 - 0, 0), Rect(0, 0 - 0, 0)]} cutoutPathParserInfo={CutoutPathParserInfo{displayWidth=1080 displayHeight=2400 physicalDisplayWidth=1080 physicalDisplayHeight=2400 density={2.8125} cutoutSpec={M 0,0 H -11.73333333333333 V 32.71111111111111 H 11.73333333333333 V 0 H 0 Z @dp} rotation={0} scale={1.0} physicalPixelDisplaySizeRatio={1.0}}}}, mRoundedCorners=RoundedCorners{[RoundedCorner{position=TopLeft, radius=0, center=Point(0, 0)}, RoundedCorner{position=TopRight, radius=0, center=Point(0, 0)}, RoundedCorner{position=BottomRight, radius=0, center=Point(0, 0)}, RoundedCorner{position=BottomLeft, radius=0, center=Point(0, 0)}]}  mRoundedCornerFrame=Rect(0, 0 - 1080, 2400), mPrivacyIndicatorBounds=PrivacyIndicatorBounds {static bounds=Rect(956, 0 - 1080, 92) rotation=0}, mDisplayShape=DisplayShape{ spec=-311912193 displayWidth=1080 displayHeight=2400 physicalPixelDisplaySizeRatio=1.0 rotation=0 offsetX=0 offsetY=0 scale=1.0}, mSources= { InsetsSource: {c4ee0001 mType=navigationBars mFrame=[0,2265][1080,2400] mVisible=true mFlags=[]}, InsetsSource: {c4ee0004 mType=systemGestures mFrame=[0,0][0,0] mVisible=true mFlags=[]}, InsetsSource: {c4ee0005 mType=mandatorySystemGestures mFrame=[0,2265][1080,2400] mVisible=true mFlags=[]}, InsetsSource: {c4ee0006 mType=tappableElement mFrame=[0,2265][1080,2400] mVisible=true mFlags=[]}, InsetsSource: {c4ee0024 mType=systemGestures mFrame=[0,0][0,0] mVisible=true mFlags=[]}, InsetsSource: {3 mType=ime mFrame=[0,0][0,0] mVisible=false mFlags=[]}, InsetsSource: {27 mType=displayCutout mFrame=[0,0][1080,92] mVisible=true mFlags=[]}, InsetsSource: {78af0000 mType=statusBars mFrame=[0,0][1080,92] mVisible=true mFlags=[]}, InsetsSource: {78af0005 mType=mandatorySystemGestures mFrame=[0,0][1080,126] mVisible=true mFlags=[]}, InsetsSource: {78af0006 mType=tappableElement mFrame=[0,0][1080,92] mVisible=true mFlags=[]} }
06-26 15:39:10.437  9075  9075 I BLASTBufferQueue_Java: new BLASTBufferQueue, mName= ViewRootImpl@7f7f16c[SecondScreenActivity] mNativeObject= 0xb4000070567f82d0 sc.mNativeObject= 0xb4000071d67f6f10 caller= android.view.ViewRootImpl.updateBlastSurfaceIfNeeded:3028 android.view.ViewRootImpl.relayoutWindow:10131 android.view.ViewRootImpl.performTraversals:4110 android.view.ViewRootImpl.doTraversal:3288 android.view.ViewRootImpl$TraversalRunnable.run:11344 android.view.Choreographer$CallbackRecord.run:1689 android.view.Choreographer$CallbackRecord.run:1698 android.view.Choreographer.doCallbacks:1153 android.view.Choreographer.doFrame:1079 android.view.Choreographer$FrameDisplayEventReceiver.run:1646 
06-26 15:39:10.438  9075  9075 I BLASTBufferQueue_Java: update, w= 1080 h= 2400 mName = ViewRootImpl@7f7f16c[SecondScreenActivity] mNativeObject= 0xb4000070567f82d0 sc.mNativeObject= 0xb4000071d67f6f10 format= -1 caller= android.graphics.BLASTBufferQueue.<init>:89 android.view.ViewRootImpl.updateBlastSurfaceIfNeeded:3028 android.view.ViewRootImpl.relayoutWindow:10131 android.view.ViewRootImpl.performTraversals:4110 android.view.ViewRootImpl.doTraversal:3288 android.view.ViewRootImpl$TraversalRunnable.run:11344 
06-26 15:39:10.438  9075  9075 I ViewRootImpl@7f7f16c[SecondScreenActivity]: Relayout returned: old=(0,0,1080,2400) new=(0,0,1080,2400) relayoutAsync=false req=(1080,2400)0 dur=11 res=0x403 s={true 0xb4000071c687bac0} ch=true seqId=0
06-26 15:39:10.439  9075  9075 I ViewRootImpl@7f7f16c[SecondScreenActivity]: performConfigurationChange setNightDimText nightDimLevel=0
06-26 15:39:10.439  9075  9075 D ViewRootImpl@7f7f16c[SecondScreenActivity]: mThreadedRenderer.initialize() mSurface={isValid=true 0xb4000071c687bac0} hwInitialized=true
06-26 15:39:10.446  1130  4477 D InputDispatcher: Focus request (0): a2adc9a com.example.myapplication.debug/com.example.myapplication.SecondScreenActivity but waiting because NO_WINDOW
06-26 15:39:10.468  9075  9075 D ViewRootImpl@7f7f16c[SecondScreenActivity]: reportNextDraw android.view.ViewRootImpl.performTraversals:4718 android.view.ViewRootImpl.doTraversal:3288 android.view.ViewRootImpl$TraversalRunnable.run:11344 android.view.Choreographer$CallbackRecord.run:1689 android.view.Choreographer$CallbackRecord.run:1698 
06-26 15:39:10.469  9075  9075 I ViewRootImpl@7f7f16c[SecondScreenActivity]: Setup new sync=wmsSync-ViewRootImpl@7f7f16c[SecondScreenActivity]#20
06-26 15:39:10.469  9075  9075 I ViewRootImpl@7f7f16c[SecondScreenActivity]: Creating new active sync group ViewRootImpl@7f7f16c[SecondScreenActivity]#21
06-26 15:39:10.469  9075  9075 I ViewRootImpl@7f7f16c[SecondScreenActivity]: registerCallbacksForSync syncBuffer=false
06-26 15:39:10.475  9075  9156 I ViewRootImpl@7f7f16c[SecondScreenActivity]: Received frameDrawingCallback syncResult=0 frameNum=1.
06-26 15:39:10.476  9075  9156 I ViewRootImpl@7f7f16c[SecondScreenActivity]: mWNT: t=0xb400007016805ab0 mBlastBufferQueue=0xb4000070567f82d0 fn= 1 mRenderHdrSdrRatio=1.0 caller= android.view.ViewRootImpl$8.onFrameDraw:13841 android.view.ThreadedRenderer$1.onFrameDraw:792 <bottom of call stack> 
06-26 15:39:10.476  9075  9156 I ViewRootImpl@7f7f16c[SecondScreenActivity]: Setting up sync and frameCommitCallback
06-26 15:39:10.478  9075  9141 I BLASTBufferQueue: [ViewRootImpl@7f7f16c[SecondScreenActivity]#8](f:0,a:0,s:0) onFrameAvailable the first frame is available
06-26 15:39:10.478  9075  9141 I ViewRootImpl@7f7f16c[SecondScreenActivity]: Received frameCommittedCallback lastAttemptedDrawFrameNum=1 didProduceBuffer=true
06-26 15:39:10.480  9075  9075 I ViewRootImpl@7f7f16c[SecondScreenActivity]: reportDrawFinished seqId=0
06-26 15:39:10.480  9075  9075 I ViewRootImpl@c7c57c6[CriarNovoArtigoActivityRoom]: handleWindowFocusChanged: 0 0 call from android.view.ViewRootImpl.-$$Nest$mhandleWindowFocusChanged:0
06-26 15:39:10.481  1130  4477 D WindowManager: finishDrawingWindow: Window{a2adc9a u0 com.example.myapplication.debug/com.example.myapplication.SecondScreenActivity} mDrawState=DRAW_PENDING seqId=0
06-26 15:39:10.482  9075  9075 I InsetsSourceConsumer: applyRequestedVisibilityToControl: visible=true, type=statusBars, host=com.example.myapplication.debug/com.example.myapplication.SecondScreenActivity
06-26 15:39:10.482  1130  1159 V WindowManager: performShowLocked: mDrawState=HAS_DRAWN in Window{a2adc9a u0 com.example.myapplication.debug/com.example.myapplication.SecondScreenActivity}
06-26 15:39:10.482  1130  1159 V WindowManager: Start calculating TransitionInfo based on participants: {ActivityRecord{9522fe u0 com.example.myapplication.debug/com.example.myapplication.CriarNovoArtigoActivityRoom t4384}, ActivityRecord{71055b9 u0 com.example.myapplication.debug/com.example.myapplication.SecondScreenActivity t4384}}
06-26 15:39:10.482  9075  9075 I InsetsSourceConsumer: applyRequestedVisibilityToControl: visible=true, type=navigationBars, host=com.example.myapplication.debug/com.example.myapplication.SecondScreenActivity
06-26 15:39:10.482  1130  1159 V WindowManager:   Final targets: [ActivityRecord{71055b9 u0 com.example.myapplication.debug/com.example.myapplication.SecondScreenActivity t4384}, ActivityRecord{9522fe u0 com.example.myapplication.debug/com.example.myapplication.CriarNovoArtigoActivityRoom t4384}]
06-26 15:39:10.482   780   836 I SurfaceFlinger: id=21759 createSurf, flag=84004, Transition Root: ActivityRecord{71055b9 u0 com.example.myapplication.debug/com.example.myapplication.SecondScreenActivity t4384}#21759
06-26 15:39:10.484  1130  1159 I SurfaceControl: show, t=StartTransaction_SyncId<1479>, sc=Surface(name=ActivityRecord{71055b9 u0 com.example.myapplication.debug/com.example.myapplication.SecondScreenActivity t4384})/@0x9c064f2, caller=com.android.server.wm.Transition.onTransactionReady:1992 com.android.server.wm.BLASTSyncEngine$SyncGroup.finishNow:315 com.android.server.wm.BLASTSyncEngine$SyncGroup.tryFinish:242 com.android.server.wm.BLASTSyncEngine$SyncGroup.-$$Nest$mtryFinish:0 com.android.server.wm.BLASTSyncEngine.onSurfacePlacement:675 com.android.server.wm.RootWindowContainer.performSurfacePlacementNoTrace:990 
06-26 15:39:10.485  1130  1159 V WindowManager:         {null m=OPEN f=FILLS_TASK|IS_ACTIVITY leash=Surface(name=ActivityRecord{71055b9 u0 com.example.myapplication.debug/com.example.myapplication.SecondScreenActivity t4384})/@0x9c064f2 sb=Rect(0, 0 - 0, 0) eb=Rect(0, 0 - 1080, 2400) d=-1->0 r=-1->0:-1 dim=true inset=Rect(0, 0 - 0, 0)},
06-26 15:39:10.485  1130  1159 V WindowManager:         {null m=TO_BACK f=FILLS_TASK|IS_ACTIVITY leash=Surface(name=ActivityRecord{9522fe u0 com.example.myapplication.debug/com.example.myapplication.CriarNovoArtigoActivityRoom t4384})/@0x814ab88 sb=Rect(0, 0 - 1080, 2400) eb=Rect(0, 0 - 1080, 2400) d=0 inset=Rect(0, 0 - 0, 0)}
06-26 15:39:10.486  1130  1155 I ActivityTaskManager: Displayed com.example.myapplication.debug/com.example.myapplication.SecondScreenActivity for user 0: +248ms
06-26 15:39:10.486  1130  1155 V WindowManager: Sent Transition #1479 createdAt=06-26 15:39:10.234 via request=TransitionRequestInfo { type = OPEN, triggerTask = TaskInfo{userId=0 taskId=4384 displayId=0 isRunning=true baseIntent=Intent { act=android.intent.action.MAIN cat=[android.intent.category.LAUNCHER] flg=0x10000000 cmp=com.example.myapplication.debug/com.example.myapplication.LoadingLoginActivity } baseActivity=ComponentInfo{com.example.myapplication.debug/com.example.myapplication.MainActivity} topActivity=ComponentInfo{com.example.myapplication.debug/com.example.myapplication.SecondScreenActivity} origActivity=null realActivity=ComponentInfo{com.example.myapplication.debug/com.example.myapplication.LoadingLoginActivity} numActivities=4 lastActiveTime=61946355 supportsMultiWindow=true resizeMode=1 isResizeable=true minWidth=-1 minHeight=-1 maxWidth=-1 maxHeight=-1 defaultMinSize=220 token=WCT{RemoteToken{f67c41f Task{33fc67 #4384 type=standard A=10594:com.example.myapplication.debug}}} topActivityType=1 pictureInPictureParams=null shouldDockBigOverlays=false launchIntoPipHostTaskId=-1 lastParentTaskIdBeforePip=-1 displayCutoutSafeInsets=Rect(0, 92 - 0, 0) topActivityInfo=ActivityInfo{5a311c0 com.example.myapplication.SecondScreenActivity} launchCookies=[] positionInParent=Point(0, 0) parentTaskId=-1 isFocused=true isVisible=true isVisibleRequested=true isSleeping=false topActivityInSizeCompat=false topActivityEligibleForLetterboxEducation= false topActivityLetterboxed= false isFromDoubleTap= false topActivityLetterboxVerticalPosition= -1 topActivityLetterboxHorizontalPosition= -1 topActivityLetterboxWidth=-1 topActivityLetterboxHeight=-1 locusId=null displayAreaFeatureId=1 cameraCompatControlState=hidden originallySupportedMultiWindow=true hasWallpaper=false topActivityInFixedAspectRatio=false rootAffinity=10594:com.example.myapplication.debug topActivityInDisplayCompat=false topActivityInBoundsCompat=false topActivityBounds=null singleTapFromLetterbox=false isTopTaskInStage=false topActivityUiMode=33 CoverLauncherWidgetTask=false CoverScreenTask=false isAllowedSeamlessRotation=false isTopTransparentActivity=false hasPopOver=false}, remoteTransition = null, displayChange = null }
06-26 15:39:10.487  1130  1155 V WindowManager:         {null m=OPEN f=FILLS_TASK|IS_ACTIVITY leash=Surface(name=ActivityRecord{71055b9 u0 com.example.myapplication.debug/com.example.myapplication.SecondScreenActivity t4384})/@0x9c064f2 sb=Rect(0, 0 - 0, 0) eb=Rect(0, 0 - 1080, 2400) d=-1->0 r=-1->0:-1 dim=true inset=Rect(0, 0 - 0, 0)},
06-26 15:39:10.487  1130  1155 V WindowManager:         {null m=TO_BACK f=FILLS_TASK|IS_ACTIVITY leash=Surface(name=ActivityRecord{9522fe u0 com.example.myapplication.debug/com.example.myapplication.CriarNovoArtigoActivityRoom t4384})/@0x814ab88 sb=Rect(0, 0 - 1080, 2400) eb=Rect(0, 0 - 1080, 2400) d=0 inset=Rect(0, 0 - 0, 0)}
06-26 15:39:10.487   780   836 I SurfaceFlinger: id=21760 createSurf, flag=84000, faf003 ActivityRecordInputSink com.example.myapplication.debug/com.example.myapplication.SecondScreenActivity#21760
06-26 15:39:10.488  1585  1643 V WindowManagerShell: onTransitionReady android.os.BinderProxy@304fa37: {id=1479 t=OPEN f=0x0 trk=0 r=[0@Point(0, 0)] c=[{null m=OPEN f=FILLS_TASK|IS_ACTIVITY leash=Surface(name=ActivityRecord{71055b9 u0 com.example.myapplication.debug/com.example.myapplication.SecondScreenActivity t4384})/@0xe2474c2 sb=Rect(0, 0 - 0, 0) eb=Rect(0, 0 - 1080, 2400) d=-1->0 r=-1->0:-1 dim=true inset=Rect(0, 0 - 0, 0)},{null m=TO_BACK f=FILLS_TASK|IS_ACTIVITY leash=Surface(name=ActivityRecord{9522fe u0 com.example.myapplication.debug/com.example.myapplication.CriarNovoArtigoActivityRoom t4384})/@0x12502d3 sb=Rect(0, 0 - 1080, 2400) eb=Rect(0, 0 - 1080, 2400) d=0 inset=Rect(0, 0 - 0, 0)}]}
06-26 15:39:10.488  1585  1643 I SurfaceControl: hide, t=FinishTransaction_SyncId<1479>, sc=Surface(name=ActivityRecord{9522fe u0 com.example.myapplication.debug/com.example.myapplication.CriarNovoArtigoActivityRoom t4384})/@0x12502d3, caller=com.android.wm.shell.transition.Transitions.dispatchReady:682 com.android.wm.shell.transition.Transitions.onTransitionReady:119 com.android.wm.shell.transition.Transitions$TransitionPlayerImpl$$ExternalSyntheticLambda0.run:13 android.os.Handler.handleCallback:958 android.os.Handler.dispatchMessage:99 android.os.Looper.loopOnce:230 
06-26 15:39:10.488  1585  1643 I SurfaceControl: show, t=StartTransaction_SyncId<1479>, sc=Surface(name=ActivityRecord{71055b9 u0 com.example.myapplication.debug/com.example.myapplication.SecondScreenActivity t4384})/@0xe2474c2, caller=com.android.wm.shell.transition.Transitions.dispatchReady:687 com.android.wm.shell.transition.Transitions.onTransitionReady:119 com.android.wm.shell.transition.Transitions$TransitionPlayerImpl$$ExternalSyntheticLambda0.run:13 android.os.Handler.handleCallback:958 android.os.Handler.dispatchMessage:99 android.os.Looper.loopOnce:230 
06-26 15:39:10.489  1585  1643 I SurfaceControl: show, t=FinishTransaction_SyncId<1479>, sc=Surface(name=ActivityRecord{71055b9 u0 com.example.myapplication.debug/com.example.myapplication.SecondScreenActivity t4384})/@0xe2474c2, caller=com.android.wm.shell.transition.Transitions.dispatchReady:744 com.android.wm.shell.transition.Transitions.onTransitionReady:119 com.android.wm.shell.transition.Transitions$TransitionPlayerImpl$$ExternalSyntheticLambda0.run:13 android.os.Handler.handleCallback:958 android.os.Handler.dispatchMessage:99 android.os.Looper.loopOnce:230 
06-26 15:39:10.489  1585  1643 I SurfaceControl: show, t=StartTransaction_SyncId<1479>, sc=Surface(name=Transition Root: ActivityRecord{71055b9 u0 com.example.myapplication.debug/com.example.myapplication.SecondScreenActivity t4384})/@0x5d0ae10, caller=com.android.wm.shell.transition.Transitions.playTransition:80 com.android.wm.shell.transition.Transitions.processReadyQueue:195 com.android.wm.shell.transition.Transitions.dispatchReady:762 com.android.wm.shell.transition.Transitions.onTransitionReady:119 com.android.wm.shell.transition.Transitions$TransitionPlayerImpl$$ExternalSyntheticLambda0.run:13 android.os.Handler.handleCallback:958 
06-26 15:39:10.489  1585  1643 V WindowManagerShell: Transition doesn't have explicit remote, search filters for match for {id=1479 t=OPEN f=0x0 trk=0 r=[0@Point(0, 0)] c=[{null m=OPEN f=FILLS_TASK|IS_ACTIVITY leash=Surface(name=ActivityRecord{71055b9 u0 com.example.myapplication.debug/com.example.myapplication.SecondScreenActivity t4384})/@0xe2474c2 sb=Rect(0, 0 - 0, 0) eb=Rect(0, 0 - 1080, 2400) d=-1->0 r=-1->0:-1 dim=true inset=Rect(0, 0 - 0, 0)},{null m=TO_BACK f=FILLS_TASK|IS_ACTIVITY leash=Surface(name=ActivityRecord{9522fe u0 com.example.myapplication.debug/com.example.myapplication.CriarNovoArtigoActivityRoom t4384})/@0x12502d3 sb=Rect(0, 0 - 1080, 2400) eb=Rect(0, 0 - 1080, 2400) d=0 inset=Rect(0, 0 - 0, 0)}]}
06-26 15:39:10.490  1585  1643 V WindowManagerShell: start default transition animation, info = {id=1479 t=OPEN f=0x0 trk=0 r=[0@Point(0, 0)] c=[{null m=OPEN f=FILLS_TASK|IS_ACTIVITY leash=Surface(name=ActivityRecord{71055b9 u0 com.example.myapplication.debug/com.example.myapplication.SecondScreenActivity t4384})/@0xe2474c2 sb=Rect(0, 0 - 0, 0) eb=Rect(0, 0 - 1080, 2400) d=-1->0 r=-1->0:-1 dim=true inset=Rect(0, 0 - 0, 0)},{null m=TO_BACK f=FILLS_TASK|IS_ACTIVITY leash=Surface(name=ActivityRecord{9522fe u0 com.example.myapplication.debug/com.example.myapplication.CriarNovoArtigoActivityRoom t4384})/@0x12502d3 sb=Rect(0, 0 - 1080, 2400) eb=Rect(0, 0 - 1080, 2400) d=0 inset=Rect(0, 0 - 0, 0)}]}
06-26 15:39:10.502   780  1496 I SurfaceFlinger: id=21764 createSurf, flag=20004, DimTransitionLayer for Surface(name=ActivityRecord{71055b9 u0 com.example.myapplication.debug/com.example.myapplication.SecondScreenActivity t4384})/@0xe2474c2#21764
06-26 15:39:10.502  1585  1643 I SurfaceControl: show, t=StartTransaction_SyncId<1479>, sc=Surface(name=DimTransitionLayer for Surface(name=ActivityRecord{71055b9 u0 com.example.myapplication.debug/com.example.myapplication.SecondScreenActivity t4384})/@0xe2474c2)/@0xc67441, caller=com.android.wm.shell.transition.DefaultTransitionHandler.startAnimation:2970 com.android.wm.shell.transition.Transitions.dispatchTransition:80 com.android.wm.shell.transition.Transitions.playTransition:793 com.android.wm.shell.transition.Transitions.processReadyQueue:195 com.android.wm.shell.transition.Transitions.dispatchReady:762 com.android.wm.shell.transition.Transitions.onTransitionReady:119 
06-26 15:39:10.502  1585  1643 V WindowManagerShell: attach dim transition, change={null m=OPEN f=FILLS_TASK|IS_ACTIVITY leash=Surface(name=ActivityRecord{71055b9 u0 com.example.myapplication.debug/com.example.myapplication.SecondScreenActivity t4384})/@0xe2474c2 sb=Rect(0, 0 - 0, 0) eb=Rect(0, 0 - 1080, 2400) d=-1->0 r=-1->0:-1 dim=true inset=Rect(0, 0 - 0, 0)}
06-26 15:39:10.511   780   780 I Layer   : Layer [DimTransitionLayer for Surface(name=ActivityRecord{71055b9 u0 com.example.myapplication.debug/com.example.myapplication.SecondScreenActivity t4384})/@0xe2474c2#21764] hidden!! flag(0)
06-26 15:39:10.511   780   780 I Layer   : Layer [ActivityRecord{71055b9 u0 com.example.myapplication.debug/com.example.myapplication.SecondScreenActivity t4384}#21754] hidden!! flag(0)
06-26 15:39:10.511   780   780 I Layer   : Layer [Transition Root: ActivityRecord{71055b9 u0 com.example.myapplication.debug/com.example.myapplication.SecondScreenActivity t4384}#21759] hidden!! flag(0)
06-26 15:39:10.511   780   780 I Layer   : Layer [a2adc9a com.example.myapplication.debug/com.example.myapplication.SecondScreenActivity#21755] hidden!! flag(0)
06-26 15:39:10.511   780   780 I Layer   : Layer [com.example.myapplication.debug/com.example.myapplication.SecondScreenActivity$_9075#21756] hidden!! flag(0)
06-26 15:39:10.575  1130  4477 D InputDispatcher: Focus entered window (0): a2adc9a com.example.myapplication.debug/com.example.myapplication.SecondScreenActivity
06-26 15:39:10.577  9075  9075 I ViewRootImpl@7f7f16c[SecondScreenActivity]: handleWindowFocusChanged: 1 0 call from android.view.ViewRootImpl.-$$Nest$mhandleWindowFocusChanged:0
06-26 15:39:10.578  9075  9075 D ViewRootImpl@7f7f16c[SecondScreenActivity]: mThreadedRenderer.initializeIfNeeded()#2 mSurface={isValid=true 0xb4000071c687bac0}
06-26 15:39:10.585  1130  4477 D InsetsSourceProvider: updateControlForTarget: control=InsetsSourceControl: {3 mType=ime mSurfacePosition=Point(0, 92) mInsetsHint=Insets{left=0, top=0, right=0, bottom=918}}, target=Window{a2adc9a u0 com.example.myapplication.debug/com.example.myapplication.SecondScreenActivity}, from=com.android.server.wm.ImeInsetsSourceProvider.updateControlForTarget:165 com.android.server.wm.InsetsStateController.onControlTargetChanged:358 com.android.server.wm.InsetsStateController.onImeControlTargetChanged:302 com.android.server.wm.DisplayContent.updateImeControlTarget:5727 com.android.server.wm.DisplayContent.updateImeInputAndControlTarget:5687 
06-26 15:39:10.588  9075  9075 I InsetsSourceConsumer: applyRequestedVisibilityToControl: visible=false, type=ime, host=com.example.myapplication.debug/com.example.myapplication.SecondScreenActivity
06-26 15:39:10.590   780   780 D SurfaceFlinger:      DEVICE | 0xb400007006339990 | 0102 | RGBA_8888    |    0.0    0.0 1080.0 2001.0 |    0  399 1080 2400 | com.example.myapplication.debug/com.[...]ion.SecondScreenActivity$_9075#21756
06-26 15:39:10.690   780   780 D SurfaceFlinger:      DEVICE | 0xb400007006339990 | 0102 | RGBA_8888    |    0.0    0.0 1080.0 2312.0 |    0   88 1080 2400 | com.example.myapplication.debug/com.[...]ion.SecondScreenActivity$_9075#21756
06-26 15:39:10.874   780   780 I Layer   : id=21764 removeFromCurrentState DimTransitionLayer for Surface(name=ActivityRecord{71055b9 u0 com.example.myapplication.debug/com.example.myapplication.SecondScreenActivity t4384})/@0xe2474c2#21764 (217)
06-26 15:39:10.890   780   780 D SurfaceFlinger:      DEVICE | 0xb400007006339990 | 0102 | RGBA_8888    |    0.0    0.0 1080.0 2396.0 |    0    4 1080 2400 | com.example.myapplication.debug/com.[...]ion.SecondScreenActivity$_9075#21756
06-26 15:39:10.956   780   780 D SurfaceFlinger:      DEVICE | 0xb400007006339990 | 0102 | RGBA_8888    |    0.0    0.0 1080.0 2400.0 |    0    0 1080 2400 | com.example.myapplication.debug/com.[...]ion.SecondScreenActivity$_9075#21756
06-26 15:39:10.966  1130  2424 V WindowManager: Setting visibility of Window{19325e9 u0 com.example.myapplication.debug/com.example.myapplication.CriarNovoArtigoActivityRoom}: false, caller=com.android.server.wm.WindowContainer.sendAppVisibilityToClients:1301 com.android.server.wm.WindowToken.setClientVisible:446 com.android.server.wm.ActivityRecord.setClientVisible:8121 com.android.server.wm.ActivityRecord.postApplyAnimation:6685 com.android.server.wm.ActivityRecord.commitVisibility:6628 
06-26 15:39:10.968  9075  9075 I ViewRootImpl@c7c57c6[CriarNovoArtigoActivityRoom]: handleAppVisibility mAppVisible = true visible = false
06-26 15:39:10.973   780   780 I Layer   : id=21764 removeFromCurrentState DimTransitionLayer for Surface(name=ActivityRecord{71055b9 u0 com.example.myapplication.debug/com.example.myapplication.SecondScreenActivity t4384})/@0xe2474c2#21764 (217)
06-26 15:39:10.973   780   780 I Layer   : id=21759 removeFromCurrentState Transition Root: ActivityRecord{71055b9 u0 com.example.myapplication.debug/com.example.myapplication.SecondScreenActivity t4384}#21759 (217)
06-26 15:39:10.973   780   780 I Layer   : id=21738 removeFromCurrentState ActivityRecord{9522fe u0 com.example.myapplication.debug/com.example.myapplication.CriarNovoArtigoActivityRoom t4384}#21738 (217)
06-26 15:39:10.973   780   780 I Layer   : id=21744 removeFromCurrentState 3221880 ActivityRecordInputSink com.example.myapplication.debug/com.example.myapplication.CriarNovoArtigoActivityRoom#21744 (217)
06-26 15:39:10.973   780   780 I Layer   : id=21739 removeFromCurrentState 19325e9 com.example.myapplication.debug/com.example.myapplication.CriarNovoArtigoActivityRoom#21739 (217)
06-26 15:39:10.973   780   780 I Layer   : id=21740 removeFromCurrentState com.example.myapplication.debug/com.example.myapplication.CriarNovoArtigoActivityRoom$_9075#21740 (217)
06-26 15:39:10.973   780   780 I Layer   : id=21754 removeFromCurrentState ActivityRecord{71055b9 u0 com.example.myapplication.debug/com.example.myapplication.SecondScreenActivity t4384}#21754 (217)
06-26 15:39:10.973   780   780 I Layer   : id=21760 removeFromCurrentState faf003 ActivityRecordInputSink com.example.myapplication.debug/com.example.myapplication.SecondScreenActivity#21760 (217)
06-26 15:39:10.973   780   780 I Layer   : id=21755 removeFromCurrentState a2adc9a com.example.myapplication.debug/com.example.myapplication.SecondScreenActivity#21755 (217)
06-26 15:39:10.973   780   780 I Layer   : id=21756 removeFromCurrentState com.example.myapplication.debug/com.example.myapplication.SecondScreenActivity$_9075#21756 (217)
06-26 15:39:10.973   780   780 I Layer   : Layer [ActivityRecord{9522fe u0 com.example.myapplication.debug/com.example.myapplication.CriarNovoArtigoActivityRoom t4384}#21738] hidden!! flag(1)
06-26 15:39:10.973   780   780 I Layer   : id=21738 addToCurrentState ActivityRecord{9522fe u0 com.example.myapplication.debug/com.example.myapplication.CriarNovoArtigoActivityRoom t4384}#21738 (217)
06-26 15:39:10.973   780   780 I Layer   : id=21744 addToCurrentState 3221880 ActivityRecordInputSink com.example.myapplication.debug/com.example.myapplication.CriarNovoArtigoActivityRoom#21744 (217)
06-26 15:39:10.973   780   780 I Layer   : id=21739 addToCurrentState 19325e9 com.example.myapplication.debug/com.example.myapplication.CriarNovoArtigoActivityRoom#21739 (217)
06-26 15:39:10.973   780   780 I Layer   : id=21740 addToCurrentState com.example.myapplication.debug/com.example.myapplication.CriarNovoArtigoActivityRoom$_9075#21740 (217)
06-26 15:39:10.973  9075  9075 I ViewRootImpl@c7c57c6[CriarNovoArtigoActivityRoom]: destroyHardwareResources: Callers=android.view.ViewRootImpl.performTraversals:3932 android.view.ViewRootImpl.doTraversal:3288 android.view.ViewRootImpl$TraversalRunnable.run:11344 android.view.Choreographer$CallbackRecord.run:1689 android.view.Choreographer$CallbackRecord.run:1698 android.view.Choreographer.doCallbacks:1153 android.view.Choreographer.doFrame:1079 android.view.Choreographer$FrameDisplayEventReceiver.run:1646 android.os.Handler.handleCallback:958 android.os.Handler.dispatchMessage:99 
06-26 15:39:10.973   780   780 I Layer   : id=21754 addToCurrentState ActivityRecord{71055b9 u0 com.example.myapplication.debug/com.example.myapplication.SecondScreenActivity t4384}#21754 (217)
06-26 15:39:10.973   780   780 I Layer   : id=21760 addToCurrentState faf003 ActivityRecordInputSink com.example.myapplication.debug/com.example.myapplication.SecondScreenActivity#21760 (217)
06-26 15:39:10.973   780   780 I Layer   : id=21755 addToCurrentState a2adc9a com.example.myapplication.debug/com.example.myapplication.SecondScreenActivity#21755 (217)
06-26 15:39:10.973   780   780 I Layer   : id=21756 addToCurrentState com.example.myapplication.debug/com.example.myapplication.SecondScreenActivity$_9075#21756 (217)
06-26 15:39:10.973   780   780 I Layer   : id=21759 removeFromCurrentState Transition Root: ActivityRecord{71055b9 u0 com.example.myapplication.debug/com.example.myapplication.SecondScreenActivity t4384}#21759 (217)
06-26 15:39:10.973   780   780 I Layer   : Layer [com.example.myapplication.debug/com.example.myapplication.CriarNovoArtigoActivityRoom$_9075#21740] hidden!! flag(1)
06-26 15:39:10.974   780   780 I SurfaceFlinger: id=21759 Removed Transition Root: ActivityRecord{71055b9 u0 com.example.myapplication.debug/com.example.myapplication.SecondScreenActivity t4384}#21759 (217)
06-26 15:39:10.974   780   780 I SurfaceFlinger: id=21764 Removed DimTransitionLayer for Surface(name=ActivityRecord{71055b9 u0 com.example.myapplication.debug/com.example.myapplication.SecondScreenActivity t4384})/@0xe2474c2#21764 (217)
06-26 15:39:10.977  1130  4390 V WindowManager: Relayout Window{19325e9 u0 com.example.myapplication.debug/com.example.myapplication.CriarNovoArtigoActivityRoom}: viewVisibility=8 req=1080x2400 ty=1 d0
06-26 15:39:10.987  9075  9075 I ViewRootImpl@c7c57c6[CriarNovoArtigoActivityRoom]: Relayout returned: old=(0,0,1080,2400) new=(0,0,1080,2400) relayoutAsync=false req=(1080,2400)8 dur=9 res=0x402 s={false 0x0} ch=true seqId=0
06-26 15:39:10.989   780   780 I Layer   : id=21759 Destroyed Transition Root: ActivityRecord{71055b9 u0 com.example.myapplication.debug/com.example.myapplication.SecondScreenActivity t4384}#21759
06-26 15:39:10.990  9075  9075 I ViewRootImpl@c7c57c6[CriarNovoArtigoActivityRoom]: stopped(true) old = false
06-26 15:39:10.990  9075  9075 D ViewRootImpl@c7c57c6[CriarNovoArtigoActivityRoom]: WindowStopped on com.example.myapplication.debug/com.example.myapplication.CriarNovoArtigoActivityRoom set to true
06-26 15:39:10.990   780   780 I Layer   : id=21764 Destroyed DimTransitionLayer for Surface(name=ActivityRecord{71055b9 u0 com.example.myapplication.debug/com.example.myapplication.SecondScreenActivity t4384})/@0xe2474c2#21764
06-26 15:39:10.994  9075  9075 D CriarNovoArtigo: ­øæ onStop chamado - atividade parada
06-26 15:39:11.008  1130  2424 E WindowManager: win=Window{19325e9 u0 com.example.myapplication.debug/com.example.myapplication.CriarNovoArtigoActivityRoom} destroySurfaces: appStopped=true cleanupOnResume=false win.mWindowRemovalAllowed=false win.mRemoveOnExit=false win.mViewVisibility=8 caller=com.android.server.wm.ActivityRecord.destroySurfaces:6952 com.android.server.wm.ActivityRecord.destroySurfaces:6933 com.android.server.wm.ActivityRecord.activityStopped:7633 com.android.server.wm.ActivityClientController.activityStopped:321 android.app.IActivityClientController$Stub.onTransact:702 com.android.server.wm.ActivityClientController.onTransact:186 android.os.Binder.execTransactInternal:1380 
