06-26 15:39:07.326  1130  1159 I WindowManager: Reparenting to original parent: Surface(name=30e7831 com.example.myapplication.debug/com.example.myapplication.CriarNovoArtigoActivityRoom)/@0x50f888a, destroy=true, surface=Surface(name=ae947fc PopupWindow:11a8f64)/@0xe94f2f4
06-26 15:39:07.854  9075  9075 I ViewRootImpl@8838450[CriarNovoArtigoActivityRoom]: ViewPostIme pointer 0
06-26 15:39:07.910  9075  9075 I ViewRootImpl@8838450[CriarNovoArtigoActivityRoom]: ViewPostIme pointer 1
06-26 15:39:07.913  9075  9075 D CriarNovoArtigo: Salvando: nome=newhhw665ygv1261e43s, qtd=1, precoUnit=0.1, guardar=true, artigoId=1
06-26 15:39:07.913  9075  9075 D CriarNovoArtigo: Artigo j+í existe (ID: 1), atualizando no banco
06-26 15:39:07.936  9075  9075 I Toast   : show: caller = com.example.myapplication.CriarNovoArtigoActivityRoom.showToast:534 
06-26 15:39:07.942  9075  9075 D CriarNovoArtigo: Artigo ID 1 atualizado no banco
06-26 15:39:07.943  1130  4186 V WindowManager: Collecting in transition 1477: ActivityRecord{6b3f7a3 u0 com.example.myapplication.debug/com.example.myapplication.CriarNovoArtigoActivityRoom t4384 f}}, caller=com.android.server.wm.Transition.collect:759 com.android.server.wm.Transition.collectExistenceChange:942 com.android.server.wm.TransitionController.collectExistenceChange:985 com.android.server.wm.TransitionController.requestCloseTransitionIfNeeded:923 com.android.server.wm.ActivityRecord.finishIfPossible:4311 
06-26 15:39:07.943  1130  4186 D WindowManager: prepareSync <SYNC_STATE_WAITING_FOR_DRAW>, mPrepareSyncSeqId=0, win=Window{30e7831 u0 com.example.myapplication.debug/com.example.myapplication.CriarNovoArtigoActivityRoom}
06-26 15:39:07.943  1130  4186 V WindowManager: Collecting in transition 1477: ActivityRecord{6b3f7a3 u0 com.example.myapplication.debug/com.example.myapplication.CriarNovoArtigoActivityRoom t4384 f}}, caller=com.android.server.wm.Transition.collect:759 com.android.server.wm.TransitionController.collect:935 com.android.server.wm.ActivityRecord.setVisibility:6348 com.android.server.wm.ActivityRecord.setVisibility:6300 com.android.server.wm.ActivityRecord.finishIfPossible:4390 
06-26 15:39:07.944  1130  4186 D WindowManager: VisibleRequested updated, r=ActivityRecord{6b3f7a3 u0 com.example.myapplication.debug/com.example.myapplication.CriarNovoArtigoActivityRoom t4384 f}}
06-26 15:39:07.944  1130  4186 D ActivityTaskManager: scheduleTopResumedActivityChanged, onTop=false, r=ActivityRecord{6b3f7a3 u0 com.example.myapplication.debug/com.example.myapplication.CriarNovoArtigoActivityRoom t4384 f}}, caller=com.android.server.wm.ActivityTaskSupervisor.updateTopResumedActivityIfNeeded:2826 com.android.server.wm.TaskFragment.setResumedActivity:579 com.android.server.wm.TaskFragment.onActivityStateChanged:888 com.android.server.wm.ActivityRecord.setState:6811 com.android.server.wm.TaskFragment.startPausing:2004 com.android.server.wm.ActivityRecord.finishIfPossible:4408 
06-26 15:39:07.949  9075  9075 D CriarNovoArtigo: ÔÅ©´©Å onPause chamado - atividade pausada
06-26 15:39:07.950  1130  2424 V WindowManager: Collecting in transition 1477: ActivityRecord{d4fb270 u0 com.example.myapplication.debug/com.example.myapplication.SecondScreenActivity t4384}, caller=com.android.server.wm.Transition.collect:759 com.android.server.wm.TransitionController.collect:935 com.android.server.wm.ActivityRecord.setVisibility:6348 com.android.server.wm.ActivityRecord.setVisibility:6300 com.android.server.wm.TaskFragment.resumeTopActivity:1731 
06-26 15:39:07.950  1130  2424 D WindowManager: prepareSync <SYNC_STATE_WAITING_FOR_DRAW>, mPrepareSyncSeqId=0, win=Window{e31e68c u0 com.example.myapplication.debug/com.example.myapplication.SecondScreenActivity}
06-26 15:39:07.951  1130  2424 V WindowManager: Setting visibility of Window{e31e68c u0 com.example.myapplication.debug/com.example.myapplication.SecondScreenActivity}: true, caller=com.android.server.wm.WindowContainer.sendAppVisibilityToClients:1301 com.android.server.wm.WindowToken.setClientVisible:446 com.android.server.wm.ActivityRecord.setClientVisible:8121 com.android.server.wm.ActivityRecord.setVisibility:6451 com.android.server.wm.ActivityRecord.setVisibility:6300 
06-26 15:39:07.951  1130  2424 D InputDispatcher: Focused application(0): ActivityRecord{d4fb270 u0 com.example.myapplication.debug/com.example.myapplication.SecondScreenActivity t4384}
06-26 15:39:07.952  1130  2424 V WindowManager: Changing focus from Window{30e7831 u0 com.example.myapplication.debug/com.example.myapplication.CriarNovoArtigoActivityRoom} to null displayId=0 Callers=com.android.server.wm.RootWindowContainer.updateFocusedWindowLocked:578 com.android.server.wm.WindowManagerService.updateFocusedWindowLocked:6833 com.android.server.wm.ActivityTaskManagerService.setLastResumedActivityUncheckLocked:6118 com.android.server.wm.ActivityTaskSupervisor.updateTopResumedActivityIfNeeded:2847 
06-26 15:39:07.952  1130  2424 D ActivityTaskManager: scheduleTopResumedActivityChanged, onTop=true, r=ActivityRecord{d4fb270 u0 com.example.myapplication.debug/com.example.myapplication.SecondScreenActivity t4384}, caller=com.android.server.wm.ActivityTaskSupervisor.scheduleTopResumedActivityStateIfNeeded:2857 com.android.server.wm.ActivityTaskSupervisor.updateTopResumedActivityIfNeeded:2849 com.android.server.wm.TaskFragment.setResumedActivity:579 com.android.server.wm.TaskFragment.onActivityStateChanged:903 com.android.server.wm.ActivityRecord.setState:6811 com.android.server.wm.TaskFragment.resumeTopActivity:1746 
06-26 15:39:07.953  1130  2424 D WindowManager: rotationForOrientation, orientationSource=ActivityRecord{d4fb270 u0 com.example.myapplication.debug/com.example.myapplication.SecondScreenActivity t4384}
06-26 15:39:07.953  1130  2424 D WindowManager: rotationForOrientation, orientationSource=ActivityRecord{d4fb270 u0 com.example.myapplication.debug/com.example.myapplication.SecondScreenActivity t4384}
06-26 15:39:07.953  1130  2424 D WindowManager: rotationForOrientation, orientationSource=ActivityRecord{d4fb270 u0 com.example.myapplication.debug/com.example.myapplication.SecondScreenActivity t4384}
06-26 15:39:07.954  1130  5310 D InputDispatcher: Focus left window (0): 30e7831 com.example.myapplication.debug/com.example.myapplication.CriarNovoArtigoActivityRoom
06-26 15:39:07.955  1130  2424 V WindowManager: Collecting in transition 1477: ActivityRecord{d4fb270 u0 com.example.myapplication.debug/com.example.myapplication.SecondScreenActivity t4384}, caller=com.android.server.wm.Transition.collect:759 com.android.server.wm.TransitionController.collect:935 com.android.server.wm.ActivityRecord.setVisibility:6348 com.android.server.wm.ActivityRecord.setVisibility:6300 com.android.server.wm.ActivityRecord.completeResumeLocked:7395 
06-26 15:39:07.955  1130  2424 D WindowManagerServiceExt: notifyOccludeChangeNotice: cn=ComponentInfo{com.example.myapplication.debug/com.example.myapplication.SecondScreenActivity} occludesParent=true isInSplitScreenMode=false styleFloating=false caller=com.android.server.wm.ActivityRecord.completeResumeLocked:7452 com.android.server.wm.TaskFragment.resumeTopActivity:1866 com.android.server.wm.TaskFragment.resumeTopActivity:1386 com.android.server.wm.Task.resumeTopActivityInnerLocked:6497 com.android.server.wm.Task.resumeTopActivityUncheckedLocked:6384 
06-26 15:39:07.957  1130  2424 D WindowManager: SyncGroup 1477:  Unfinished container: ActivityRecord{d4fb270 u0 com.example.myapplication.debug/com.example.myapplication.SecondScreenActivity t4384} mSyncState=2
06-26 15:39:07.958  9075  9075 I ViewRootImpl@d16b452[SecondScreenActivity]: handleAppVisibility mAppVisible = false visible = true
06-26 15:39:07.959  9075  9075 I ViewRootImpl@d16b452[SecondScreenActivity]: stopped(false) old = true
06-26 15:39:07.959  9075  9075 D ViewRootImpl@d16b452[SecondScreenActivity]: WindowStopped on com.example.myapplication.debug/com.example.myapplication.SecondScreenActivity set to false
06-26 15:39:07.963  9075  9075 D SecondScreen: onActivityResult: requestCode=792, resultCode=-1
06-26 15:39:07.963  9075  9075 D SecondScreen: Recebido retorno: ID=1, Nome='newhhw665ygv1261e43s', Qtd=1
06-26 15:39:07.963  9075  9075 D SecondScreen: Buscando por ID 1: encontrado na posi+º+úo 0
06-26 15:39:07.964  9075  9075 D SecondScreen: Ô£à Artigo atualizado na posi+º+úo 0: ID=1, Nome='newhhw665ygv1261e43s'
06-26 15:39:07.964  9075  9075 D SecondScreen: Calculando subtotal. Base Subtotal (soma dos pre+ºos dos artigos): 0.1
06-26 15:39:07.965  9075  9075 D SecondScreen: Desconto (valor num+®rico): 0.0, isPercent=false, Desconto calculado (descontoValor): 0.0
06-26 15:39:07.966  9075  9075 D SecondScreen: Texto do desconto (UI): (R$ 0,00)
06-26 15:39:07.966  9075  9075 D SecondScreen: Taxa de entrega (UI): R$ 0,00
06-26 15:39:07.967  9075  9075 D SecondScreen: Saldo devedor calculado (UI): R$ 0,10
06-26 15:39:07.968  9075  9075 I ViewRootImpl@8838450[CriarNovoArtigoActivityRoom]: handleWindowFocusChanged: 0 0 call from android.view.ViewRootImpl.-$$Nest$mhandleWindowFocusChanged:0
06-26 15:39:08.001  1130  2424 D WindowManager: SyncGroup 1477:  Unfinished container: ActivityRecord{d4fb270 u0 com.example.myapplication.debug/com.example.myapplication.SecondScreenActivity t4384} mSyncState=2
06-26 15:39:08.009  1130  2424 V WindowManager: Relayout Window{e31e68c u0 com.example.myapplication.debug/com.example.myapplication.SecondScreenActivity}: viewVisibility=0 req=1080x2400 ty=1 d0
06-26 15:39:08.009   780   956 I SurfaceFlinger: id=21724 createSurf, flag=44004, com.example.myapplication.debug/com.example.myapplication.SecondScreenActivity$_9075#21724
06-26 15:39:08.011  1130  2424 D WindowManager: makeSurface duration=2 name=com.example.myapplication.debug/com.example.myapplication.SecondScreenActivity$_9075
06-26 15:39:08.012  1130  2424 D WindowManager: SyncGroup 1477:  Unfinished container: ActivityRecord{d4fb270 u0 com.example.myapplication.debug/com.example.myapplication.SecondScreenActivity t4384} mSyncState=2
06-26 15:39:08.012  1130  2424 V WindowManager: Changing focus from null to Window{e31e68c u0 com.example.myapplication.debug/com.example.myapplication.SecondScreenActivity} displayId=0 Callers=com.android.server.wm.RootWindowContainer.updateFocusedWindowLocked:578 com.android.server.wm.WindowManagerService.updateFocusedWindowLocked:6833 com.android.server.wm.WindowManagerService.relayoutWindow:2755 com.android.server.wm.Session.relayout:282 
06-26 15:39:08.014  1130  2424 D InsetsSourceProvider: updateControlForTarget: control=InsetsSourceControl: {78af0000 mType=statusBars initiallyVisible mSurfacePosition=Point(0, 0) mInsetsHint=Insets{left=0, top=92, right=0, bottom=0}}, target=Window{e31e68c u0 com.example.myapplication.debug/com.example.myapplication.SecondScreenActivity}, from=com.android.server.wm.InsetsStateController.onControlTargetChanged:358 com.android.server.wm.InsetsStateController.onBarControlTargetChanged:324 com.android.server.wm.InsetsPolicy.updateBarControlTarget:173 com.android.server.wm.InsetsPolicy.updateSystemBars:805 com.android.server.wm.DisplayPolicy.updateSystemBarsLw:3425 
06-26 15:39:08.015  1130  2424 D WindowManager: updateSystemBarAttributes: displayId=0, win=Window{e31e68c u0 com.example.myapplication.debug/com.example.myapplication.SecondScreenActivity}, navColorWin=Window{4735537 u0 InputMethod}, focusedCanBeNavColorWin=false, behavior=1, appearance=8, statusBarAppearanceRegions=[AppearanceRegion{LIGHT_STATUS_BARS bounds=[0,0][1080,2400]}], requestedVisibilities=-9, from=com.android.server.wm.DisplayPolicy.focusChangedLw:2947 com.android.server.wm.DisplayContent.updateFocusedWindowLocked:4894 com.android.server.wm.RootWindowContainer.updateFocusedWindowLocked:578 
06-26 15:39:08.018  9075  9075 I InsetsController: onStateChanged: host=com.example.myapplication.debug/com.example.myapplication.SecondScreenActivity, from=android.view.ViewRootImpl.relayoutWindow:10072, state=InsetsState: {mDisplayFrame=Rect(0, 0 - 1080, 2400), mDisplayCutout=DisplayCutout{insets=Rect(0, 92 - 0, 0) waterfall=Insets{left=0, top=0, right=0, bottom=0} boundingRect={Bounds=[Rect(0, 0 - 0, 0), Rect(507, 0 - 573, 92), Rect(0, 0 - 0, 0), Rect(0, 0 - 0, 0)]} cutoutPathParserInfo={CutoutPathParserInfo{displayWidth=1080 displayHeight=2400 physicalDisplayWidth=1080 physicalDisplayHeight=2400 density={2.8125} cutoutSpec={M 0,0 H -11.73333333333333 V 32.71111111111111 H 11.73333333333333 V 0 H 0 Z @dp} rotation={0} scale={1.0} physicalPixelDisplaySizeRatio={1.0}}}}, mRoundedCorners=RoundedCorners{[RoundedCorner{position=TopLeft, radius=0, center=Point(0, 0)}, RoundedCorner{position=TopRight, radius=0, center=Point(0, 0)}, RoundedCorner{position=BottomRight, radius=0, center=Point(0, 0)}, RoundedCorner{position=BottomLeft, radius=0, center=Point(0, 0)}]}  mRoundedCornerFrame=Rect(0, 0 - 1080, 2400), mPrivacyIndicatorBounds=PrivacyIndicatorBounds {static bounds=Rect(956, 0 - 1080, 92) rotation=0}, mDisplayShape=DisplayShape{ spec=-311912193 displayWidth=1080 displayHeight=2400 physicalPixelDisplaySizeRatio=1.0 rotation=0 offsetX=0 offsetY=0 scale=1.0}, mSources= { InsetsSource: {c4ee0001 mType=navigationBars mFrame=[0,2265][1080,2400] mVisible=true mFlags=[]}, InsetsSource: {c4ee0004 mType=systemGestures mFrame=[0,0][0,0] mVisible=true mFlags=[]}, InsetsSource: {c4ee0005 mType=mandatorySystemGestures mFrame=[0,2265][1080,2400] mVisible=true mFlags=[]}, InsetsSource: {c4ee0006 mType=tappableElement mFrame=[0,2265][1080,2400] mVisible=true mFlags=[]}, InsetsSource: {c4ee0024 mType=systemGestures mFrame=[0,0][0,0] mVisible=true mFlags=[]}, InsetsSource: {3 mType=ime mFrame=[0,1482][1080,2400] mVisible=false mFlags=[]}, InsetsSource: {27 mType=displayCutout mFrame=[0,0][1080,92] mVisible=true mFlags=[]}, InsetsSource: {78af0000 mType=statusBars mFrame=[0,0][1080,92] mVisible=true mFlags=[]}, InsetsSource: {78af0005 mType=mandatorySystemGestures mFrame=[0,0][1080,126] mVisible=true mFlags=[]}, InsetsSource: {78af0006 mType=tappableElement mFrame=[0,0][1080,92] mVisible=true mFlags=[]} }
06-26 15:39:08.019  9075  9075 I BLASTBufferQueue_Java: new BLASTBufferQueue, mName= ViewRootImpl@d16b452[SecondScreenActivity] mNativeObject= 0xb4000070567eeff0 sc.mNativeObject= 0xb4000071d67f69d0 caller= android.view.ViewRootImpl.updateBlastSurfaceIfNeeded:3028 android.view.ViewRootImpl.relayoutWindow:10131 android.view.ViewRootImpl.performTraversals:4110 android.view.ViewRootImpl.doTraversal:3288 android.view.ViewRootImpl$TraversalRunnable.run:11344 android.view.Choreographer$CallbackRecord.run:1689 android.view.Choreographer$CallbackRecord.run:1698 android.view.Choreographer.doCallbacks:1153 android.view.Choreographer.doFrame:1079 android.view.Choreographer$FrameDisplayEventReceiver.run:1646 
06-26 15:39:08.020  9075  9075 I BLASTBufferQueue_Java: update, w= 1080 h= 2400 mName = ViewRootImpl@d16b452[SecondScreenActivity] mNativeObject= 0xb4000070567eeff0 sc.mNativeObject= 0xb4000071d67f69d0 format= -1 caller= android.graphics.BLASTBufferQueue.<init>:89 android.view.ViewRootImpl.updateBlastSurfaceIfNeeded:3028 android.view.ViewRootImpl.relayoutWindow:10131 android.view.ViewRootImpl.performTraversals:4110 android.view.ViewRootImpl.doTraversal:3288 android.view.ViewRootImpl$TraversalRunnable.run:11344 
06-26 15:39:08.020  9075  9075 I ViewRootImpl@d16b452[SecondScreenActivity]: Relayout returned: old=(0,0,1080,2400) new=(0,0,1080,2400) relayoutAsync=false req=(1080,2400)0 dur=10 res=0x403 s={true 0xb4000071c6819be0} ch=true seqId=0
06-26 15:39:08.021  9075  9075 D ViewRootImpl@d16b452[SecondScreenActivity]: mThreadedRenderer.initialize() mSurface={isValid=true 0xb4000071c6819be0} hwInitialized=true
06-26 15:39:08.023  1130  1159 D WindowManager: SyncGroup 1477:  Unfinished container: ActivityRecord{d4fb270 u0 com.example.myapplication.debug/com.example.myapplication.SecondScreenActivity t4384} mSyncState=2
06-26 15:39:08.024  9075  9075 D ViewRootImpl@d16b452[SecondScreenActivity]: reportNextDraw android.view.ViewRootImpl.performTraversals:4718 android.view.ViewRootImpl.doTraversal:3288 android.view.ViewRootImpl$TraversalRunnable.run:11344 android.view.Choreographer$CallbackRecord.run:1689 android.view.Choreographer$CallbackRecord.run:1698 
06-26 15:39:08.024  9075  9075 I ViewRootImpl@d16b452[SecondScreenActivity]: Setup new sync=wmsSync-ViewRootImpl@d16b452[SecondScreenActivity]#16
06-26 15:39:08.024  9075  9075 I ViewRootImpl@d16b452[SecondScreenActivity]: Creating new active sync group ViewRootImpl@d16b452[SecondScreenActivity]#17
06-26 15:39:08.026  1130  1159 D WindowManager: SyncGroup 1477:  Unfinished container: ActivityRecord{d4fb270 u0 com.example.myapplication.debug/com.example.myapplication.SecondScreenActivity t4384} mSyncState=2
06-26 15:39:08.027  9075  9075 I ViewRootImpl@d16b452[SecondScreenActivity]: registerCallbacksForSync syncBuffer=false
06-26 15:39:08.032  9075  9156 I ViewRootImpl@d16b452[SecondScreenActivity]: Received frameDrawingCallback syncResult=0 frameNum=1.
06-26 15:39:08.033  9075  9156 I ViewRootImpl@d16b452[SecondScreenActivity]: mWNT: t=0xb400007016807e70 mBlastBufferQueue=0xb4000070567eeff0 fn= 1 mRenderHdrSdrRatio=1.0 caller= android.view.ViewRootImpl$8.onFrameDraw:13841 android.view.ThreadedRenderer$1.onFrameDraw:792 <bottom of call stack> 
06-26 15:39:08.033  9075  9156 I ViewRootImpl@d16b452[SecondScreenActivity]: Setting up sync and frameCommitCallback
06-26 15:39:08.034  9075  9141 I BLASTBufferQueue: [ViewRootImpl@d16b452[SecondScreenActivity]#6](f:0,a:0,s:0) onFrameAvailable the first frame is available
06-26 15:39:08.034  9075  9141 I ViewRootImpl@d16b452[SecondScreenActivity]: Received frameCommittedCallback lastAttemptedDrawFrameNum=1 didProduceBuffer=true
06-26 15:39:08.035  9075  9075 I ViewRootImpl@d16b452[SecondScreenActivity]: reportDrawFinished seqId=0
06-26 15:39:08.035  1130  5310 D WindowManager: finishDrawingWindow: Window{e31e68c u0 com.example.myapplication.debug/com.example.myapplication.SecondScreenActivity} mDrawState=DRAW_PENDING seqId=0
06-26 15:39:08.038  1130  1159 V WindowManager: performShowLocked: mDrawState=HAS_DRAWN in Window{e31e68c u0 com.example.myapplication.debug/com.example.myapplication.SecondScreenActivity}
06-26 15:39:08.038  1130  1159 V WindowManager: Start calculating TransitionInfo based on participants: {ActivityRecord{6b3f7a3 u0 com.example.myapplication.debug/com.example.myapplication.CriarNovoArtigoActivityRoom t4384 f}}, ActivityRecord{d4fb270 u0 com.example.myapplication.debug/com.example.myapplication.SecondScreenActivity t4384}}
06-26 15:39:08.038  1130  1159 V WindowManager:   Final targets: [ActivityRecord{6b3f7a3 u0 com.example.myapplication.debug/com.example.myapplication.CriarNovoArtigoActivityRoom t4384 f}}, ActivityRecord{d4fb270 u0 com.example.myapplication.debug/com.example.myapplication.SecondScreenActivity t4384}]
06-26 15:39:08.038   780   956 I SurfaceFlinger: id=21727 createSurf, flag=84004, Transition Root: ActivityRecord{6b3f7a3 u0 com.example.myapplication.debug/com.example.myapplication.CriarNovoArtigoActivityRoom t4384 f}}#21727
06-26 15:39:08.040  1130  1159 I SurfaceControl: show, t=StartTransaction_SyncId<1477>, sc=Surface(name=ActivityRecord{d4fb270 u0 com.example.myapplication.debug/com.example.myapplication.SecondScreenActivity t4384})/@0xd63cecb, caller=com.android.server.wm.Transition.onTransactionReady:1992 com.android.server.wm.BLASTSyncEngine$SyncGroup.finishNow:315 com.android.server.wm.BLASTSyncEngine$SyncGroup.tryFinish:242 com.android.server.wm.BLASTSyncEngine$SyncGroup.-$$Nest$mtryFinish:0 com.android.server.wm.BLASTSyncEngine.onSurfacePlacement:675 com.android.server.wm.RootWindowContainer.performSurfacePlacementNoTrace:990 
06-26 15:39:08.041  9075  9075 I InsetsSourceConsumer: applyRequestedVisibilityToControl: visible=true, type=statusBars, host=com.example.myapplication.debug/com.example.myapplication.SecondScreenActivity
06-26 15:39:08.041  1130  1159 V WindowManager:         {null m=CLOSE f=FILLS_TASK|IS_ACTIVITY leash=Surface(name=ActivityRecord{6b3f7a3 u0 com.example.myapplication.debug/com.example.myapplication.CriarNovoArtigoActivityRoom t4384})/@0xc129ef0 sb=Rect(0, 0 - 1080, 2400) eb=Rect(0, 0 - 1080, 2400) d=0 inset=Rect(0, 0 - 0, 0)},
06-26 15:39:08.041  1130  1159 V WindowManager:         {null m=TO_FRONT f=FILLS_TASK|IS_ACTIVITY leash=Surface(name=ActivityRecord{d4fb270 u0 com.example.myapplication.debug/com.example.myapplication.SecondScreenActivity t4384})/@0xd63cecb sb=Rect(0, 0 - 1080, 2400) eb=Rect(0, 0 - 1080, 2400) d=0 inset=Rect(0, 0 - 0, 0)}
06-26 15:39:08.043  1130  4477 D InputDispatcher: Focus request (0): e31e68c com.example.myapplication.debug/com.example.myapplication.SecondScreenActivity but waiting because NOT_VISIBLE
06-26 15:39:08.045  1130  1155 V WindowManager:         {null m=CLOSE f=FILLS_TASK|IS_ACTIVITY leash=Surface(name=ActivityRecord{6b3f7a3 u0 com.example.myapplication.debug/com.example.myapplication.CriarNovoArtigoActivityRoom t4384})/@0xc129ef0 sb=Rect(0, 0 - 1080, 2400) eb=Rect(0, 0 - 1080, 2400) d=0 inset=Rect(0, 0 - 0, 0)},
06-26 15:39:08.045  1130  1155 V WindowManager:         {null m=TO_FRONT f=FILLS_TASK|IS_ACTIVITY leash=Surface(name=ActivityRecord{d4fb270 u0 com.example.myapplication.debug/com.example.myapplication.SecondScreenActivity t4384})/@0xd63cecb sb=Rect(0, 0 - 1080, 2400) eb=Rect(0, 0 - 1080, 2400) d=0 inset=Rect(0, 0 - 0, 0)}
06-26 15:39:08.050  1585  1643 V WindowManagerShell: onTransitionReady android.os.BinderProxy@9ce4cb4: {id=1477 t=CLOSE f=0x0 trk=0 r=[0@Point(0, 0)] c=[{null m=CLOSE f=FILLS_TASK|IS_ACTIVITY leash=Surface(name=ActivityRecord{6b3f7a3 u0 com.example.myapplication.debug/com.example.myapplication.CriarNovoArtigoActivityRoom t4384})/@0x55e85f sb=Rect(0, 0 - 1080, 2400) eb=Rect(0, 0 - 1080, 2400) d=0 inset=Rect(0, 0 - 0, 0)},{null m=TO_FRONT f=FILLS_TASK|IS_ACTIVITY leash=Surface(name=ActivityRecord{d4fb270 u0 com.example.myapplication.debug/com.example.myapplication.SecondScreenActivity t4384})/@0x9db12ac sb=Rect(0, 0 - 1080, 2400) eb=Rect(0, 0 - 1080, 2400) d=0 inset=Rect(0, 0 - 0, 0)}]}
06-26 15:39:08.051  1585  1643 I SurfaceControl: show, t=StartTransaction_SyncId<1477>, sc=Surface(name=ActivityRecord{d4fb270 u0 com.example.myapplication.debug/com.example.myapplication.SecondScreenActivity t4384})/@0x9db12ac, caller=com.android.wm.shell.transition.Transitions.dispatchReady:687 com.android.wm.shell.transition.Transitions.onTransitionReady:119 com.android.wm.shell.transition.Transitions$TransitionPlayerImpl$$ExternalSyntheticLambda0.run:13 android.os.Handler.handleCallback:958 android.os.Handler.dispatchMessage:99 android.os.Looper.loopOnce:230 
06-26 15:39:08.052  1585  1643 I SurfaceControl: show, t=FinishTransaction_SyncId<1477>, sc=Surface(name=ActivityRecord{d4fb270 u0 com.example.myapplication.debug/com.example.myapplication.SecondScreenActivity t4384})/@0x9db12ac, caller=com.android.wm.shell.transition.Transitions.dispatchReady:744 com.android.wm.shell.transition.Transitions.onTransitionReady:119 com.android.wm.shell.transition.Transitions$TransitionPlayerImpl$$ExternalSyntheticLambda0.run:13 android.os.Handler.handleCallback:958 android.os.Handler.dispatchMessage:99 android.os.Looper.loopOnce:230 
06-26 15:39:08.052  1585  1643 I SurfaceControl: hide, t=FinishTransaction_SyncId<1477>, sc=Surface(name=ActivityRecord{6b3f7a3 u0 com.example.myapplication.debug/com.example.myapplication.CriarNovoArtigoActivityRoom t4384})/@0x55e85f, caller=com.android.wm.shell.transition.Transitions.dispatchReady:682 com.android.wm.shell.transition.Transitions.onTransitionReady:119 com.android.wm.shell.transition.Transitions$TransitionPlayerImpl$$ExternalSyntheticLambda0.run:13 android.os.Handler.handleCallback:958 android.os.Handler.dispatchMessage:99 android.os.Looper.loopOnce:230 
06-26 15:39:08.054  1585  1643 I SurfaceControl: show, t=StartTransaction_SyncId<1477>, sc=Surface(name=Transition Root: ActivityRecord{6b3f7a3 u0 com.example.myapplication.debug/com.example.myapplication.CriarNovoArtigoActivityRoom t4384 f}})/@0xeff8b75, caller=com.android.wm.shell.transition.Transitions.playTransition:80 com.android.wm.shell.transition.Transitions.processReadyQueue:195 com.android.wm.shell.transition.Transitions.dispatchReady:762 com.android.wm.shell.transition.Transitions.onTransitionReady:119 com.android.wm.shell.transition.Transitions$TransitionPlayerImpl$$ExternalSyntheticLambda0.run:13 android.os.Handler.handleCallback:958 
06-26 15:39:08.055  1585  1643 V WindowManagerShell: Transition doesn't have explicit remote, search filters for match for {id=1477 t=CLOSE f=0x0 trk=0 r=[0@Point(0, 0)] c=[{null m=CLOSE f=FILLS_TASK|IS_ACTIVITY leash=Surface(name=ActivityRecord{6b3f7a3 u0 com.example.myapplication.debug/com.example.myapplication.CriarNovoArtigoActivityRoom t4384})/@0x55e85f sb=Rect(0, 0 - 1080, 2400) eb=Rect(0, 0 - 1080, 2400) d=0 inset=Rect(0, 0 - 0, 0)},{null m=TO_FRONT f=FILLS_TASK|IS_ACTIVITY leash=Surface(name=ActivityRecord{d4fb270 u0 com.example.myapplication.debug/com.example.myapplication.SecondScreenActivity t4384})/@0x9db12ac sb=Rect(0, 0 - 1080, 2400) eb=Rect(0, 0 - 1080, 2400) d=0 inset=Rect(0, 0 - 0, 0)}]}
06-26 15:39:08.055  1585  1643 V WindowManagerShell: start default transition animation, info = {id=1477 t=CLOSE f=0x0 trk=0 r=[0@Point(0, 0)] c=[{null m=CLOSE f=FILLS_TASK|IS_ACTIVITY leash=Surface(name=ActivityRecord{6b3f7a3 u0 com.example.myapplication.debug/com.example.myapplication.CriarNovoArtigoActivityRoom t4384})/@0x55e85f sb=Rect(0, 0 - 1080, 2400) eb=Rect(0, 0 - 1080, 2400) d=0 inset=Rect(0, 0 - 0, 0)},{null m=TO_FRONT f=FILLS_TASK|IS_ACTIVITY leash=Surface(name=ActivityRecord{d4fb270 u0 com.example.myapplication.debug/com.example.myapplication.SecondScreenActivity t4384})/@0x9db12ac sb=Rect(0, 0 - 1080, 2400) eb=Rect(0, 0 - 1080, 2400) d=0 inset=Rect(0, 0 - 0, 0)}]}
06-26 15:39:08.104   780   780 I Layer   : Layer [ActivityRecord{d4fb270 u0 com.example.myapplication.debug/com.example.myapplication.SecondScreenActivity t4384}#21682] hidden!! flag(0)
06-26 15:39:08.104   780   780 I Layer   : Layer [com.example.myapplication.debug/com.example.myapplication.SecondScreenActivity$_9075#21724] hidden!! flag(0)
06-26 15:39:08.104   780   780 I Layer   : Layer [Transition Root: ActivityRecord{6b3f7a3 u0 com.example.myapplication.debug/com.example.myapplication.CriarNovoArtigoActivityRoom t4384 f}}#21727] hidden!! flag(0)
06-26 15:39:08.106  1130  2424 D InputDispatcher: Focus entered window (0): e31e68c com.example.myapplication.debug/com.example.myapplication.SecondScreenActivity
06-26 15:39:08.125  9075  9075 I ViewRootImpl@d16b452[SecondScreenActivity]: handleWindowFocusChanged: 1 0 call from android.view.ViewRootImpl.-$$Nest$mhandleWindowFocusChanged:0
06-26 15:39:08.125  9075  9075 D ViewRootImpl@d16b452[SecondScreenActivity]: mThreadedRenderer.initializeIfNeeded()#2 mSurface={isValid=true 0xb4000071c6819be0}
06-26 15:39:08.128  1130  2424 D CoreBackPreview: Window{30e7831 u0 com.example.myapplication.debug/com.example.myapplication.CriarNovoArtigoActivityRoom}: Setting back callback OnBackInvokedCallbackInfo{mCallback=android.window.IOnBackInvokedCallback$Stub$Proxy@46c8f8c, mPriority=0, mIsAnimationCallback=false}
06-26 15:39:08.128  1130  2424 D CoreBackPreview: Window{e31e68c u0 com.example.myapplication.debug/com.example.myapplication.SecondScreenActivity}: Setting back callback OnBackInvokedCallbackInfo{mCallback=android.window.IOnBackInvokedCallback$Stub$Proxy@83df6d5, mPriority=0, mIsAnimationCallback=false}
06-26 15:39:08.146  9075  9075 I InsetsController: setRequestedVisibleTypes: visible=false, mask=ime, host=com.example.myapplication.debug/com.example.myapplication.CriarNovoArtigoActivityRoom, from=android.view.InsetsController.controlAnimationUnchecked:1445 android.view.InsetsController.applyAnimation:2005 android.view.InsetsController.applyAnimation:1968 android.view.InsetsController.hide:1403 android.view.ViewRootImpl$ViewRootHandler.handleMessageImpl:7240 android.view.ViewRootImpl$ViewRootHandler.handleMessage:7166 android.os.Handler.dispatchMessage:106 android.os.Looper.loopOnce:230 android.os.Looper.loop:319 android.app.ActivityThread.main:8919 
06-26 15:39:08.147  9075  9075 I InsetsController: controlAnimationUncheckedInner: Added types=ime, animType=1, host=com.example.myapplication.debug/com.example.myapplication.CriarNovoArtigoActivityRoom, from=android.view.InsetsController.controlAnimationUnchecked:1449 android.view.InsetsController.applyAnimation:2005 android.view.InsetsController.applyAnimation:1968 
06-26 15:39:08.150  1130  2424 D InsetsSourceProvider: updateVisibility: serverVisible=true, clientVisible=false, source=InsetsSource: {3 mType=ime mFrame=[0,1482][1080,2400] mVisible=false mFlags=[]}, controlTarget=Window{30e7831 u0 com.example.myapplication.debug/com.example.myapplication.CriarNovoArtigoActivityRoom}, from=com.android.server.wm.ImeInsetsSourceProvider.updateVisibility:154 com.android.server.wm.InsetsSourceProvider.setClientVisible:606 com.android.server.wm.ImeInsetsSourceProvider.setClientVisible:101 com.android.server.wm.InsetsSourceProvider.updateControlForTarget:550 com.android.server.wm.ImeInsetsSourceProvider.updateControlForTarget:165 com.android.server.wm.InsetsStateController.onControlTargetChanged:358 com.android.server.wm.InsetsStateController.onImeControlTargetChanged:302 com.android.server.wm.DisplayContent.updateImeControlTarget:5727 com.android.server.wm.DisplayContent.updateImeInputAndControlTarget:5687 com.android.server.wm.WindowManagerService$LocalService.updateInputMethodTargetWindow:8725 
06-26 15:39:08.153  1130  2424 D InsetsSourceProvider: updateControlForTarget: control=InsetsSourceControl: {3 mType=ime mSurfacePosition=Point(0, 92) mInsetsHint=Insets{left=0, top=0, right=0, bottom=918}}, target=Window{e31e68c u0 com.example.myapplication.debug/com.example.myapplication.SecondScreenActivity}, from=com.android.server.wm.ImeInsetsSourceProvider.updateControlForTarget:165 com.android.server.wm.InsetsStateController.onControlTargetChanged:358 com.android.server.wm.InsetsStateController.onImeControlTargetChanged:302 com.android.server.wm.DisplayContent.updateImeControlTarget:5727 com.android.server.wm.DisplayContent.updateImeInputAndControlTarget:5687 
06-26 15:39:08.155  1130  4186 D InsetsSourceProvider: updateControlForTarget: control=InsetsSourceControl: {c4ee0001 mType=navigationBars initiallyVisible mSurfacePosition=Point(0, 2265) mInsetsHint=Insets{left=0, top=0, right=0, bottom=135}}, target=Window{e31e68c u0 com.example.myapplication.debug/com.example.myapplication.SecondScreenActivity}, from=com.android.server.wm.InsetsStateController.onControlTargetChanged:358 com.android.server.wm.InsetsStateController.onBarControlTargetChanged:327 com.android.server.wm.InsetsPolicy.updateBarControlTarget:173 com.android.server.wm.InsetsPolicy.onInsetsModified:518 com.android.server.wm.Session.updateRequestedVisibleTypes:797 
06-26 15:39:08.157  1130  1159 D WindowManager: updateSystemBarAttributes: displayId=0, win=Window{e31e68c u0 com.example.myapplication.debug/com.example.myapplication.SecondScreenActivity}, navColorWin=Window{e31e68c u0 com.example.myapplication.debug/com.example.myapplication.SecondScreenActivity}, focusedCanBeNavColorWin=false, behavior=1, appearance=24, statusBarAppearanceRegions=[AppearanceRegion{LIGHT_STATUS_BARS bounds=[0,0][1080,2400]}], requestedVisibilities=-9, from=com.android.server.wm.DisplayPolicy.finishPostLayoutPolicyLw:2320 com.android.server.wm.DisplayContent.applySurfaceChangesTransaction:6130 com.android.server.wm.RootWindowContainer.applySurfaceChangesTransaction:1180 
06-26 15:39:08.162  1130  4186 D CoreBackPreview: Window{e31e68c u0 com.example.myapplication.debug/com.example.myapplication.SecondScreenActivity}: Setting back callback OnBackInvokedCallbackInfo{mCallback=android.window.IOnBackInvokedCallback$Stub$Proxy@3ff389, mPriority=0, mIsAnimationCallback=false}
06-26 15:39:08.163  9075  9075 I InsetsController: onStateChanged: host=com.example.myapplication.debug/com.example.myapplication.CriarNovoArtigoActivityRoom, from=android.view.ViewRootImpl$ViewRootHandler.handleMessageImpl:7209, state=InsetsState: {mDisplayFrame=Rect(0, 0 - 1080, 2400), mDisplayCutout=DisplayCutout{insets=Rect(0, 92 - 0, 0) waterfall=Insets{left=0, top=0, right=0, bottom=0} boundingRect={Bounds=[Rect(0, 0 - 0, 0), Rect(507, 0 - 573, 92), Rect(0, 0 - 0, 0), Rect(0, 0 - 0, 0)]} cutoutPathParserInfo={CutoutPathParserInfo{displayWidth=1080 displayHeight=2400 physicalDisplayWidth=1080 physicalDisplayHeight=2400 density={2.8125} cutoutSpec={M 0,0 H -11.73333333333333 V 32.71111111111111 H 11.73333333333333 V 0 H 0 Z @dp} rotation={0} scale={1.0} physicalPixelDisplaySizeRatio={1.0}}}}, mRoundedCorners=RoundedCorners{[RoundedCorner{position=TopLeft, radius=0, center=Point(0, 0)}, RoundedCorner{position=TopRight, radius=0, center=Point(0, 0)}, RoundedCorner{position=BottomRight, radius=0, center=Point(0, 0)}, RoundedCorner{position=BottomLeft, radius=0, center=Point(0, 0)}]}  mRoundedCornerFrame=Rect(0, 0 - 1080, 2400), mPrivacyIndicatorBounds=PrivacyIndicatorBounds {static bounds=Rect(956, 0 - 1080, 92) rotation=0}, mDisplayShape=DisplayShape{ spec=-311912193 displayWidth=1080 displayHeight=2400 physicalPixelDisplaySizeRatio=1.0 rotation=0 offsetX=0 offsetY=0 scale=1.0}, mSources= { InsetsSource: {c4ee0001 mType=navigationBars mFrame=[0,2265][1080,2400] mVisible=true mFlags=[]}, InsetsSource: {c4ee0004 mType=systemGestures mFrame=[0,0][0,0] mVisible=true mFlags=[]}, InsetsSource: {c4ee0005 mType=mandatorySystemGestures mFrame=[0,2265][1080,2400] mVisible=true mFlags=[]}, InsetsSource: {c4ee0006 mType=tappableElement mFrame=[0,2265][1080,2400] mVisible=true mFlags=[]}, InsetsSource: {c4ee0024 mType=systemGestures mFrame=[0,0][0,0] mVisible=true mFlags=[]}, InsetsSource: {3 mType=ime mFrame=[0,1482][1080,2400] mVisible=true mFlags=[]}, InsetsSource: {27 mType=displayCutout mFrame=[0,0][1080,92] mVisible=true mFlags=[]}, InsetsSource: {78af0000 mType=statusBars mFrame=[0,0][1080,92] mVisible=true mFlags=[]}, InsetsSource: {78af0005 mType=mandatorySystemGestures mFrame=[0,0][1080,126] mVisible=true mFlags=[]}, InsetsSource: {78af0006 mType=tappableElement mFrame=[0,0][1080,92] mVisible=true mFlags=[]} }
06-26 15:39:08.165  9075  9075 I InsetsController: cancelAnimation: types=ime, animType=1, host=com.example.myapplication.debug/com.example.myapplication.CriarNovoArtigoActivityRoom, from=android.view.InsetsController.notifyControlRevoked:1786 android.view.InsetsSourceConsumer.setControl:154 android.view.ImeInsetsSourceConsumer.setControl:195 
06-26 15:39:08.168  9075  9237 I ViewRootImpl@d16b452[SecondScreenActivity]: Resizing android.view.ViewRootImpl@77b0d1d: frame = [0,0][1080,2400] reportDraw = false forceLayout = false syncSeqId = -1
06-26 15:39:08.176  9075  9237 I ViewRootImpl@d16b452[SecondScreenActivity]: Resizing android.view.ViewRootImpl@77b0d1d: frame = [0,0][1080,2400] reportDraw = false forceLayout = false syncSeqId = -1
06-26 15:39:08.177  9075  9075 I InsetsSourceConsumer: applyRequestedVisibilityToControl: visible=false, type=ime, host=com.example.myapplication.debug/com.example.myapplication.SecondScreenActivity
06-26 15:39:08.178  9075  9075 I InsetsSourceConsumer: applyRequestedVisibilityToControl: visible=true, type=navigationBars, host=com.example.myapplication.debug/com.example.myapplication.SecondScreenActivity
06-26 15:39:08.179  9075  9075 I ViewRootImpl@d16b452[SecondScreenActivity]: handleResized, msg = 4 frames=ClientWindowFrames{frame=[0,0][1080,2400] display=[0,0][1080,2400] parentFrame=[0,0][0,0]} forceNextWindowRelayout=false displayId=0 dragResizing=false compatScale=1.0 frameChanged=false attachedFrameChanged=false configChanged=false displayChanged=false compatScaleChanged=false
06-26 15:39:08.191  9075  9075 I ViewRootImpl@d16b452[SecondScreenActivity]: handleResized, msg = 4 frames=ClientWindowFrames{frame=[0,0][1080,2400] display=[0,0][1080,2400] parentFrame=[0,0][0,0]} forceNextWindowRelayout=false displayId=0 dragResizing=false compatScale=1.0 frameChanged=false attachedFrameChanged=false configChanged=false displayChanged=false compatScaleChanged=false
06-26 15:39:08.335   780   780 D SurfaceFlinger:      DEVICE | 0xb400007006336dd0 | 0102 | RGBA_8888    |    0.0   17.0 1080.0 2400.0 |    0    0 1080 2383 | com.example.myapplication.debug/com.[...]ion.SecondScreenActivity$_9075#21724
06-26 15:39:08.469   780   780 D SurfaceFlinger:      DEVICE | 0xb400007006326ad0 | 0102 | RGBA_8888    |    0.0    0.0 1080.0 2400.0 |    0    0 1080 2400 | com.example.myapplication.debug/com.[...]ion.SecondScreenActivity$_9075#21724
06-26 15:39:08.482  1130  4186 V WindowManager: Setting visibility of Window{30e7831 u0 com.example.myapplication.debug/com.example.myapplication.CriarNovoArtigoActivityRoom}: false, caller=com.android.server.wm.WindowContainer.sendAppVisibilityToClients:1301 com.android.server.wm.WindowToken.setClientVisible:446 com.android.server.wm.ActivityRecord.setClientVisible:8121 com.android.server.wm.ActivityRecord.postApplyAnimation:6685 com.android.server.wm.ActivityRecord.commitVisibility:6628 
06-26 15:39:08.483  9075  9075 I ViewRootImpl@8838450[CriarNovoArtigoActivityRoom]: handleAppVisibility mAppVisible = true visible = false
06-26 15:39:08.485   780   780 I Layer   : Layer [ActivityRecord{6b3f7a3 u0 com.example.myapplication.debug/com.example.myapplication.CriarNovoArtigoActivityRoom t4384}#21697] hidden!! flag(1)
06-26 15:39:08.486   780   780 I Layer   : id=21727 removeFromCurrentState Transition Root: ActivityRecord{6b3f7a3 u0 com.example.myapplication.debug/com.example.myapplication.CriarNovoArtigoActivityRoom t4384 f}}#21727 (212)
06-26 15:39:08.486   780   780 I Layer   : id=21682 removeFromCurrentState ActivityRecord{d4fb270 u0 com.example.myapplication.debug/com.example.myapplication.SecondScreenActivity t4384}#21682 (212)
06-26 15:39:08.486   780   780 I Layer   : id=21688 removeFromCurrentState edb0a22 ActivityRecordInputSink com.example.myapplication.debug/com.example.myapplication.SecondScreenActivity#21688 (212)
06-26 15:39:08.486   780   780 I Layer   : id=21683 removeFromCurrentState e31e68c com.example.myapplication.debug/com.example.myapplication.SecondScreenActivity#21683 (212)
06-26 15:39:08.486   780   780 I Layer   : id=21724 removeFromCurrentState com.example.myapplication.debug/com.example.myapplication.SecondScreenActivity$_9075#21724 (212)
06-26 15:39:08.486   780   780 I Layer   : id=21682 addToCurrentState ActivityRecord{d4fb270 u0 com.example.myapplication.debug/com.example.myapplication.SecondScreenActivity t4384}#21682 (212)
06-26 15:39:08.486   780   780 I Layer   : id=21688 addToCurrentState edb0a22 ActivityRecordInputSink com.example.myapplication.debug/com.example.myapplication.SecondScreenActivity#21688 (212)
06-26 15:39:08.486   780   780 I Layer   : id=21683 addToCurrentState e31e68c com.example.myapplication.debug/com.example.myapplication.SecondScreenActivity#21683 (212)
06-26 15:39:08.486   780   780 I Layer   : id=21724 addToCurrentState com.example.myapplication.debug/com.example.myapplication.SecondScreenActivity$_9075#21724 (212)
06-26 15:39:08.491  9075  9075 I ViewRootImpl@8838450[CriarNovoArtigoActivityRoom]: destroyHardwareResources: Callers=android.view.ViewRootImpl.performTraversals:3932 android.view.ViewRootImpl.doTraversal:3288 android.view.ViewRootImpl$TraversalRunnable.run:11344 android.view.Choreographer$CallbackRecord.run:1689 android.view.Choreographer$CallbackRecord.run:1698 android.view.Choreographer.doCallbacks:1153 android.view.Choreographer.doFrame:1079 android.view.Choreographer$FrameDisplayEventReceiver.run:1646 android.os.Handler.handleCallback:958 android.os.Handler.dispatchMessage:99 
06-26 15:39:08.498  1130  5310 V WindowManager: Relayout Window{30e7831 u0 com.example.myapplication.debug/com.example.myapplication.CriarNovoArtigoActivityRoom}: viewVisibility=8 req=1080x2400 ty=1 d0
06-26 15:39:08.503   780   780 I Layer   : id=21727 removeFromCurrentState Transition Root: ActivityRecord{6b3f7a3 u0 com.example.myapplication.debug/com.example.myapplication.CriarNovoArtigoActivityRoom t4384 f}}#21727 (212)
06-26 15:39:08.503   780   780 I Layer   : Layer [com.example.myapplication.debug/com.example.myapplication.CriarNovoArtigoActivityRoom$_9075#21699] hidden!! flag(1)
06-26 15:39:08.505   780   780 I SurfaceFlinger: id=21727 Removed Transition Root: ActivityRecord{6b3f7a3 u0 com.example.myapplication.debug/com.example.myapplication.CriarNovoArtigoActivityRoom t4384 f}}#21727 (208)
06-26 15:39:08.512  9075  9075 I InsetsController: onStateChanged: host=com.example.myapplication.debug/com.example.myapplication.CriarNovoArtigoActivityRoom, from=android.view.ViewRootImpl.relayoutWindow:10072, state=InsetsState: {mDisplayFrame=Rect(0, 0 - 1080, 2400), mDisplayCutout=DisplayCutout{insets=Rect(0, 92 - 0, 0) waterfall=Insets{left=0, top=0, right=0, bottom=0} boundingRect={Bounds=[Rect(0, 0 - 0, 0), Rect(507, 0 - 573, 92), Rect(0, 0 - 0, 0), Rect(0, 0 - 0, 0)]} cutoutPathParserInfo={CutoutPathParserInfo{displayWidth=1080 displayHeight=2400 physicalDisplayWidth=1080 physicalDisplayHeight=2400 density={2.8125} cutoutSpec={M 0,0 H -11.73333333333333 V 32.71111111111111 H 11.73333333333333 V 0 H 0 Z @dp} rotation={0} scale={1.0} physicalPixelDisplaySizeRatio={1.0}}}}, mRoundedCorners=RoundedCorners{[RoundedCorner{position=TopLeft, radius=0, center=Point(0, 0)}, RoundedCorner{position=TopRight, radius=0, center=Point(0, 0)}, RoundedCorner{position=BottomRight, radius=0, center=Point(0, 0)}, RoundedCorner{position=BottomLeft, radius=0, center=Point(0, 0)}]}  mRoundedCornerFrame=Rect(0, 0 - 1080, 2400), mPrivacyIndicatorBounds=PrivacyIndicatorBounds {static bounds=Rect(956, 0 - 1080, 92) rotation=0}, mDisplayShape=DisplayShape{ spec=-311912193 displayWidth=1080 displayHeight=2400 physicalPixelDisplaySizeRatio=1.0 rotation=0 offsetX=0 offsetY=0 scale=1.0}, mSources= { InsetsSource: {c4ee0001 mType=navigationBars mFrame=[0,2265][1080,2400] mVisible=true mFlags=[]}, InsetsSource: {c4ee0004 mType=systemGestures mFrame=[0,0][0,0] mVisible=true mFlags=[]}, InsetsSource: {c4ee0005 mType=mandatorySystemGestures mFrame=[0,2265][1080,2400] mVisible=true mFlags=[]}, InsetsSource: {c4ee0006 mType=tappableElement mFrame=[0,2265][1080,2400] mVisible=true mFlags=[]}, InsetsSource: {c4ee0024 mType=systemGestures mFrame=[0,0][0,0] mVisible=true mFlags=[]}, InsetsSource: {3 mType=ime mFrame=[0,1482][1080,2400] mVisible=false mFlags=[]}, InsetsSource: {27 mType=displayCutout mFrame=[0,0][1080,92] mVisible=true mFlags=[]}, InsetsSource: {78af0000 mType=statusBars mFrame=[0,0][1080,92] mVisible=true mFlags=[]}, InsetsSource: {78af0005 mType=mandatorySystemGestures mFrame=[0,0][1080,126] mVisible=true mFlags=[]}, InsetsSource: {78af0006 mType=tappableElement mFrame=[0,0][1080,92] mVisible=true mFlags=[]} }
06-26 15:39:08.515  9075  9075 I ViewRootImpl@8838450[CriarNovoArtigoActivityRoom]: Relayout returned: old=(0,0,1080,2400) new=(0,0,1080,2400) relayoutAsync=false req=(1080,2400)8 dur=20 res=0x402 s={false 0x0} ch=true seqId=0
06-26 15:39:08.517  9075  9075 I ViewRootImpl@8838450[CriarNovoArtigoActivityRoom]: stopped(true) old = false
06-26 15:39:08.517  9075  9075 D ViewRootImpl@8838450[CriarNovoArtigoActivityRoom]: WindowStopped on com.example.myapplication.debug/com.example.myapplication.CriarNovoArtigoActivityRoom set to true
06-26 15:39:08.517   780   780 I Layer   : id=21727 Destroyed Transition Root: ActivityRecord{6b3f7a3 u0 com.example.myapplication.debug/com.example.myapplication.CriarNovoArtigoActivityRoom t4384 f}}#21727
06-26 15:39:08.518  9075  9075 D CriarNovoArtigo: ­øæ onStop chamado - atividade parada
06-26 15:39:08.520  9075  9075 D CriarNovoArtigo: ­ÆÇ onDestroy chamado - atividade destru+¡da
06-26 15:39:08.521  1130  4186 D CoreBackPreview: Window{30e7831 u0 com.example.myapplication.debug/com.example.myapplication.CriarNovoArtigoActivityRoom}: Setting back callback null
06-26 15:39:08.524  9075  9075 I ViewRootImpl@8838450[CriarNovoArtigoActivityRoom]: dispatchDetachedFromWindow
06-26 15:39:08.525  1130  4186 W InputManager-JNI: Input channel object '30e7831 com.example.myapplication.debug/com.example.myapplication.CriarNovoArtigoActivityRoom (client)' was disposed without first being removed with the input manager!
06-26 15:39:08.525  1130  4186 V WindowManager: Remove Window{30e7831 u0 com.example.myapplication.debug/com.example.myapplication.CriarNovoArtigoActivityRoom}: mSurfaceController=Surface(name=com.example.myapplication.debug/com.example.myapplication.CriarNovoArtigoActivityRoom$_9075)/@0x6c8d5aa mAnimatingExit=false mRemoveOnExit=false mHasSurface=true surfaceShowing=false animating=false app-animation=false mDisplayFrozen=false callers=com.android.server.wm.WindowManagerService.removeWindow:2148 com.android.server.wm.Session.remove:257 android.view.IWindowSession$Stub.onTransact:747 com.android.server.wm.Session.onTransact:204 android.os.Binder.execTransactInternal:1375 android.os.Binder.execTransact:1311 
06-26 15:39:08.525  1130  4186 I WindowManager: Destroying surface Surface(name=com.example.myapplication.debug/com.example.myapplication.CriarNovoArtigoActivityRoom$_9075)/@0x6c8d5aa called by com.android.server.wm.WindowStateAnimator.destroySurface:799 com.android.server.wm.WindowStateAnimator.destroySurfaceLocked:472 com.android.server.wm.WindowState.removeImmediately:2937 com.android.server.wm.WindowState.removeIfPossible:3214 com.android.server.wm.WindowManagerService.removeWindow:2148 com.android.server.wm.Session.remove:257 android.view.IWindowSession$Stub.onTransact:747 com.android.server.wm.Session.onTransact:204 
06-26 15:39:08.534   780   780 D SurfaceFlinger:      DEVICE | 0xb400007006326ad0 | 0102 | RGBA_8888    |    0.0    0.0 1080.0 2400.0 |    0    0 1080 2400 | com.example.myapplication.debug/com.[...]ion.SecondScreenActivity$_9075#21724
06-26 15:39:08.535   780   780 I Layer   : id=21699 removeFromCurrentState com.example.myapplication.debug/com.example.myapplication.CriarNovoArtigoActivityRoom$_9075#21699 (207)
06-26 15:39:08.535   780   780 I Layer   : id=21698 removeFromCurrentState 30e7831 com.example.myapplication.debug/com.example.myapplication.CriarNovoArtigoActivityRoom#21698 (207)
06-26 15:39:08.535   780   835 I SurfaceFlinger: id=21703 Removed 6a4615d ActivityRecordInputSink com.example.myapplication.debug/com.example.myapplication.CriarNovoArtigoActivityRoom#21703 (207)
06-26 15:39:08.536   780   780 I SurfaceFlinger: id=21698 Removed 30e7831 com.example.myapplication.debug/com.example.myapplication.CriarNovoArtigoActivityRoom#21698 (207)
06-26 15:39:08.536   780   780 I SurfaceFlinger: id=21699 Removed com.example.myapplication.debug/com.example.myapplication.CriarNovoArtigoActivityRoom$_9075#21699 (207)
06-26 15:39:08.551   780   780 I Layer   : id=21697 removeFromCurrentState ActivityRecord{6b3f7a3 u0 com.example.myapplication.debug/com.example.myapplication.CriarNovoArtigoActivityRoom t4384}#21697 (207)
06-26 15:39:08.551   780   780 I Layer   : id=21703 removeFromCurrentState 6a4615d ActivityRecordInputSink com.example.myapplication.debug/com.example.myapplication.CriarNovoArtigoActivityRoom#21703 (207)
06-26 15:39:08.552   780   780 I Layer   : id=21699 Destroyed com.example.myapplication.debug/com.example.myapplication.CriarNovoArtigoActivityRoom$_9075#21699
06-26 15:39:08.552   780   780 I Layer   : id=21698 Destroyed 30e7831 com.example.myapplication.debug/com.example.myapplication.CriarNovoArtigoActivityRoom#21698
06-26 15:39:08.733  9075  9237 I ViewRootImpl@d16b452[SecondScreenActivity]: Resizing android.view.ViewRootImpl@77b0d1d: frame = [0,0][1080,2400] reportDraw = false forceLayout = false syncSeqId = -1
