06-26 15:39:10.432  1130  2424 D InsetsSourceProvider: updateControlForTarget: control=InsetsSourceControl: {c4ee0001 mType=navigationBars initiallyVisible mSurfacePosition=Point(0, 2265) mInsetsHint=Insets{left=0, top=0, right=0, bottom=135}}, target=Window{a2adc9a u0 com.example.myapplication.debug/com.example.myapplication.SecondScreenActivity}, from=com.android.server.wm.InsetsStateController.onControlTargetChanged:358 com.android.server.wm.InsetsStateController.onBarControlTargetChanged:327 com.android.server.wm.InsetsPolicy.updateBarControlTarget:173 com.android.server.wm.InsetsPolicy.updateSystemBars:805 com.android.server.wm.DisplayPolicy.updateSystemBarsLw:3425 
06-26 15:39:10.436  9075  9075 I InsetsController: onStateChanged: host=com.example.myapplication.debug/com.example.myapplication.SecondScreenActivity, from=android.view.ViewRootImpl.relayoutWindow:10072, state=InsetsState: {mDisplayFrame=Rect(0, 0 - 1080, 2400), mDisplayCutout=DisplayCutout{insets=Rect(0, 92 - 0, 0) waterfall=Insets{left=0, top=0, right=0, bottom=0} boundingRect={Bounds=[Rect(0, 0 - 0, 0), Rect(507, 0 - 573, 92), Rect(0, 0 - 0, 0), Rect(0, 0 - 0, 0)]} cutoutPathParserInfo={CutoutPathParserInfo{displayWidth=1080 displayHeight=2400 physicalDisplayWidth=1080 physicalDisplayHeight=2400 density={2.8125} cutoutSpec={M 0,0 H -11.73333333333333 V 32.71111111111111 H 11.73333333333333 V 0 H 0 Z @dp} rotation={0} scale={1.0} physicalPixelDisplaySizeRatio={1.0}}}}, mRoundedCorners=RoundedCorners{[RoundedCorner{position=TopLeft, radius=0, center=Point(0, 0)}, RoundedCorner{position=TopRight, radius=0, center=Point(0, 0)}, RoundedCorner{position=BottomRight, radius=0, center=Point(0, 0)}, RoundedCorner{position=BottomLeft, radius=0, center=Point(0, 0)}]}  mRoundedCornerFrame=Rect(0, 0 - 1080, 2400), mPrivacyIndicatorBounds=PrivacyIndicatorBounds {static bounds=Rect(956, 0 - 1080, 92) rotation=0}, mDisplayShape=DisplayShape{ spec=-311912193 displayWidth=1080 displayHeight=2400 physicalPixelDisplaySizeRatio=1.0 rotation=0 offsetX=0 offsetY=0 scale=1.0}, mSources= { InsetsSource: {c4ee0001 mType=navigationBars mFrame=[0,2265][1080,2400] mVisible=true mFlags=[]}, InsetsSource: {c4ee0004 mType=systemGestures mFrame=[0,0][0,0] mVisible=true mFlags=[]}, InsetsSource: {c4ee0005 mType=mandatorySystemGestures mFrame=[0,2265][1080,2400] mVisible=true mFlags=[]}, InsetsSource: {c4ee0006 mType=tappableElement mFrame=[0,2265][1080,2400] mVisible=true mFlags=[]}, InsetsSource: {c4ee0024 mType=systemGestures mFrame=[0,0][0,0] mVisible=true mFlags=[]}, InsetsSource: {3 mType=ime mFrame=[0,0][0,0] mVisible=false mFlags=[]}, InsetsSource: {27 mType=displayCutout mFrame=[0,0][1080,92] mVisible=true mFlags=[]}, InsetsSource: {78af0000 mType=statusBars mFrame=[0,0][1080,92] mVisible=true mFlags=[]}, InsetsSource: {78af0005 mType=mandatorySystemGestures mFrame=[0,0][1080,126] mVisible=true mFlags=[]}, InsetsSource: {78af0006 mType=tappableElement mFrame=[0,0][1080,92] mVisible=true mFlags=[]} }
06-26 15:39:10.446  1130  4477 D InputDispatcher: Focus request (0): a2adc9a com.example.myapplication.debug/com.example.myapplication.SecondScreenActivity but waiting because NO_WINDOW
06-26 15:39:10.481  1130  4477 D WindowManager: finishDrawingWindow: Window{a2adc9a u0 com.example.myapplication.debug/com.example.myapplication.SecondScreenActivity} mDrawState=DRAW_PENDING seqId=0
06-26 15:39:10.482  9075  9075 I InsetsSourceConsumer: applyRequestedVisibilityToControl: visible=true, type=statusBars, host=com.example.myapplication.debug/com.example.myapplication.SecondScreenActivity
06-26 15:39:10.482  1130  1159 V WindowManager: performShowLocked: mDrawState=HAS_DRAWN in Window{a2adc9a u0 com.example.myapplication.debug/com.example.myapplication.SecondScreenActivity}
06-26 15:39:10.482  1130  1159 V WindowManager: Start calculating TransitionInfo based on participants: {ActivityRecord{9522fe u0 com.example.myapplication.debug/com.example.myapplication.CriarNovoArtigoActivityRoom t4384}, ActivityRecord{71055b9 u0 com.example.myapplication.debug/com.example.myapplication.SecondScreenActivity t4384}}
06-26 15:39:10.482  9075  9075 I InsetsSourceConsumer: applyRequestedVisibilityToControl: visible=true, type=navigationBars, host=com.example.myapplication.debug/com.example.myapplication.SecondScreenActivity
06-26 15:39:10.482  1130  1159 V WindowManager:   Final targets: [ActivityRecord{71055b9 u0 com.example.myapplication.debug/com.example.myapplication.SecondScreenActivity t4384}, ActivityRecord{9522fe u0 com.example.myapplication.debug/com.example.myapplication.CriarNovoArtigoActivityRoom t4384}]
06-26 15:39:10.482   780   836 I SurfaceFlinger: id=21759 createSurf, flag=84004, Transition Root: ActivityRecord{71055b9 u0 com.example.myapplication.debug/com.example.myapplication.SecondScreenActivity t4384}#21759
06-26 15:39:10.484  1130  1159 I SurfaceControl: show, t=StartTransaction_SyncId<1479>, sc=Surface(name=ActivityRecord{71055b9 u0 com.example.myapplication.debug/com.example.myapplication.SecondScreenActivity t4384})/@0x9c064f2, caller=com.android.server.wm.Transition.onTransactionReady:1992 com.android.server.wm.BLASTSyncEngine$SyncGroup.finishNow:315 com.android.server.wm.BLASTSyncEngine$SyncGroup.tryFinish:242 com.android.server.wm.BLASTSyncEngine$SyncGroup.-$$Nest$mtryFinish:0 com.android.server.wm.BLASTSyncEngine.onSurfacePlacement:675 com.android.server.wm.RootWindowContainer.performSurfacePlacementNoTrace:990 
06-26 15:39:10.485  1130  1159 V WindowManager:         {null m=OPEN f=FILLS_TASK|IS_ACTIVITY leash=Surface(name=ActivityRecord{71055b9 u0 com.example.myapplication.debug/com.example.myapplication.SecondScreenActivity t4384})/@0x9c064f2 sb=Rect(0, 0 - 0, 0) eb=Rect(0, 0 - 1080, 2400) d=-1->0 r=-1->0:-1 dim=true inset=Rect(0, 0 - 0, 0)},
06-26 15:39:10.485  1130  1159 V WindowManager:         {null m=TO_BACK f=FILLS_TASK|IS_ACTIVITY leash=Surface(name=ActivityRecord{9522fe u0 com.example.myapplication.debug/com.example.myapplication.CriarNovoArtigoActivityRoom t4384})/@0x814ab88 sb=Rect(0, 0 - 1080, 2400) eb=Rect(0, 0 - 1080, 2400) d=0 inset=Rect(0, 0 - 0, 0)}
06-26 15:39:10.486  1130  1155 I ActivityTaskManager: Displayed com.example.myapplication.debug/com.example.myapplication.SecondScreenActivity for user 0: +248ms
06-26 15:39:10.486  1130  1155 I Pageboost: Launch time gathered : pid 9075 com.example.myapplication.debug 248
06-26 15:39:10.486  1130  1155 V WindowManager: Sent Transition #1479 createdAt=06-26 15:39:10.234 via request=TransitionRequestInfo { type = OPEN, triggerTask = TaskInfo{userId=0 taskId=4384 displayId=0 isRunning=true baseIntent=Intent { act=android.intent.action.MAIN cat=[android.intent.category.LAUNCHER] flg=0x10000000 cmp=com.example.myapplication.debug/com.example.myapplication.LoadingLoginActivity } baseActivity=ComponentInfo{com.example.myapplication.debug/com.example.myapplication.MainActivity} topActivity=ComponentInfo{com.example.myapplication.debug/com.example.myapplication.SecondScreenActivity} origActivity=null realActivity=ComponentInfo{com.example.myapplication.debug/com.example.myapplication.LoadingLoginActivity} numActivities=4 lastActiveTime=61946355 supportsMultiWindow=true resizeMode=1 isResizeable=true minWidth=-1 minHeight=-1 maxWidth=-1 maxHeight=-1 defaultMinSize=220 token=WCT{RemoteToken{f67c41f Task{33fc67 #4384 type=standard A=10594:com.example.myapplication.debug}}} topActivityType=1 pictureInPictureParams=null shouldDockBigOverlays=false launchIntoPipHostTaskId=-1 lastParentTaskIdBeforePip=-1 displayCutoutSafeInsets=Rect(0, 92 - 0, 0) topActivityInfo=ActivityInfo{5a311c0 com.example.myapplication.SecondScreenActivity} launchCookies=[] positionInParent=Point(0, 0) parentTaskId=-1 isFocused=true isVisible=true isVisibleRequested=true isSleeping=false topActivityInSizeCompat=false topActivityEligibleForLetterboxEducation= false topActivityLetterboxed= false isFromDoubleTap= false topActivityLetterboxVerticalPosition= -1 topActivityLetterboxHorizontalPosition= -1 topActivityLetterboxWidth=-1 topActivityLetterboxHeight=-1 locusId=null displayAreaFeatureId=1 cameraCompatControlState=hidden originallySupportedMultiWindow=true hasWallpaper=false topActivityInFixedAspectRatio=false rootAffinity=10594:com.example.myapplication.debug topActivityInDisplayCompat=false topActivityInBoundsCompat=false topActivityBounds=null singleTapFromLetterbox=false isTopTaskInStage=false topActivityUiMode=33 CoverLauncherWidgetTask=false CoverScreenTask=false isAllowedSeamlessRotation=false isTopTransparentActivity=false hasPopOver=false}, remoteTransition = null, displayChange = null }
06-26 15:39:10.487  1130  1155 V WindowManager:         {null m=OPEN f=FILLS_TASK|IS_ACTIVITY leash=Surface(name=ActivityRecord{71055b9 u0 com.example.myapplication.debug/com.example.myapplication.SecondScreenActivity t4384})/@0x9c064f2 sb=Rect(0, 0 - 0, 0) eb=Rect(0, 0 - 1080, 2400) d=-1->0 r=-1->0:-1 dim=true inset=Rect(0, 0 - 0, 0)},
06-26 15:39:10.487  1130  1155 V WindowManager:         {null m=TO_BACK f=FILLS_TASK|IS_ACTIVITY leash=Surface(name=ActivityRecord{9522fe u0 com.example.myapplication.debug/com.example.myapplication.CriarNovoArtigoActivityRoom t4384})/@0x814ab88 sb=Rect(0, 0 - 1080, 2400) eb=Rect(0, 0 - 1080, 2400) d=0 inset=Rect(0, 0 - 0, 0)}
06-26 15:39:10.487   780   836 I SurfaceFlinger: id=21760 createSurf, flag=84000, faf003 ActivityRecordInputSink com.example.myapplication.debug/com.example.myapplication.SecondScreenActivity#21760
06-26 15:39:10.488  1585  1643 V WindowManagerShell: onTransitionReady android.os.BinderProxy@304fa37: {id=1479 t=OPEN f=0x0 trk=0 r=[0@Point(0, 0)] c=[{null m=OPEN f=FILLS_TASK|IS_ACTIVITY leash=Surface(name=ActivityRecord{71055b9 u0 com.example.myapplication.debug/com.example.myapplication.SecondScreenActivity t4384})/@0xe2474c2 sb=Rect(0, 0 - 0, 0) eb=Rect(0, 0 - 1080, 2400) d=-1->0 r=-1->0:-1 dim=true inset=Rect(0, 0 - 0, 0)},{null m=TO_BACK f=FILLS_TASK|IS_ACTIVITY leash=Surface(name=ActivityRecord{9522fe u0 com.example.myapplication.debug/com.example.myapplication.CriarNovoArtigoActivityRoom t4384})/@0x12502d3 sb=Rect(0, 0 - 1080, 2400) eb=Rect(0, 0 - 1080, 2400) d=0 inset=Rect(0, 0 - 0, 0)}]}
06-26 15:39:10.488  1585  1643 I SurfaceControl: hide, t=FinishTransaction_SyncId<1479>, sc=Surface(name=ActivityRecord{9522fe u0 com.example.myapplication.debug/com.example.myapplication.CriarNovoArtigoActivityRoom t4384})/@0x12502d3, caller=com.android.wm.shell.transition.Transitions.dispatchReady:682 com.android.wm.shell.transition.Transitions.onTransitionReady:119 com.android.wm.shell.transition.Transitions$TransitionPlayerImpl$$ExternalSyntheticLambda0.run:13 android.os.Handler.handleCallback:958 android.os.Handler.dispatchMessage:99 android.os.Looper.loopOnce:230 
06-26 15:39:10.488  1585  1643 I SurfaceControl: show, t=StartTransaction_SyncId<1479>, sc=Surface(name=ActivityRecord{71055b9 u0 com.example.myapplication.debug/com.example.myapplication.SecondScreenActivity t4384})/@0xe2474c2, caller=com.android.wm.shell.transition.Transitions.dispatchReady:687 com.android.wm.shell.transition.Transitions.onTransitionReady:119 com.android.wm.shell.transition.Transitions$TransitionPlayerImpl$$ExternalSyntheticLambda0.run:13 android.os.Handler.handleCallback:958 android.os.Handler.dispatchMessage:99 android.os.Looper.loopOnce:230 
06-26 15:39:10.489  1585  1643 I SurfaceControl: show, t=FinishTransaction_SyncId<1479>, sc=Surface(name=ActivityRecord{71055b9 u0 com.example.myapplication.debug/com.example.myapplication.SecondScreenActivity t4384})/@0xe2474c2, caller=com.android.wm.shell.transition.Transitions.dispatchReady:744 com.android.wm.shell.transition.Transitions.onTransitionReady:119 com.android.wm.shell.transition.Transitions$TransitionPlayerImpl$$ExternalSyntheticLambda0.run:13 android.os.Handler.handleCallback:958 android.os.Handler.dispatchMessage:99 android.os.Looper.loopOnce:230 
06-26 15:39:10.489  1585  1643 I SurfaceControl: show, t=StartTransaction_SyncId<1479>, sc=Surface(name=Transition Root: ActivityRecord{71055b9 u0 com.example.myapplication.debug/com.example.myapplication.SecondScreenActivity t4384})/@0x5d0ae10, caller=com.android.wm.shell.transition.Transitions.playTransition:80 com.android.wm.shell.transition.Transitions.processReadyQueue:195 com.android.wm.shell.transition.Transitions.dispatchReady:762 com.android.wm.shell.transition.Transitions.onTransitionReady:119 com.android.wm.shell.transition.Transitions$TransitionPlayerImpl$$ExternalSyntheticLambda0.run:13 android.os.Handler.handleCallback:958 
06-26 15:39:10.489  1585  1643 V WindowManagerShell: Transition doesn't have explicit remote, search filters for match for {id=1479 t=OPEN f=0x0 trk=0 r=[0@Point(0, 0)] c=[{null m=OPEN f=FILLS_TASK|IS_ACTIVITY leash=Surface(name=ActivityRecord{71055b9 u0 com.example.myapplication.debug/com.example.myapplication.SecondScreenActivity t4384})/@0xe2474c2 sb=Rect(0, 0 - 0, 0) eb=Rect(0, 0 - 1080, 2400) d=-1->0 r=-1->0:-1 dim=true inset=Rect(0, 0 - 0, 0)},{null m=TO_BACK f=FILLS_TASK|IS_ACTIVITY leash=Surface(name=ActivityRecord{9522fe u0 com.example.myapplication.debug/com.example.myapplication.CriarNovoArtigoActivityRoom t4384})/@0x12502d3 sb=Rect(0, 0 - 1080, 2400) eb=Rect(0, 0 - 1080, 2400) d=0 inset=Rect(0, 0 - 0, 0)}]}
06-26 15:39:10.490  1585  1643 V WindowManagerShell: start default transition animation, info = {id=1479 t=OPEN f=0x0 trk=0 r=[0@Point(0, 0)] c=[{null m=OPEN f=FILLS_TASK|IS_ACTIVITY leash=Surface(name=ActivityRecord{71055b9 u0 com.example.myapplication.debug/com.example.myapplication.SecondScreenActivity t4384})/@0xe2474c2 sb=Rect(0, 0 - 0, 0) eb=Rect(0, 0 - 1080, 2400) d=-1->0 r=-1->0:-1 dim=true inset=Rect(0, 0 - 0, 0)},{null m=TO_BACK f=FILLS_TASK|IS_ACTIVITY leash=Surface(name=ActivityRecord{9522fe u0 com.example.myapplication.debug/com.example.myapplication.CriarNovoArtigoActivityRoom t4384})/@0x12502d3 sb=Rect(0, 0 - 1080, 2400) eb=Rect(0, 0 - 1080, 2400) d=0 inset=Rect(0, 0 - 0, 0)}]}
06-26 15:39:10.502   780  1496 I SurfaceFlinger: id=21764 createSurf, flag=20004, DimTransitionLayer for Surface(name=ActivityRecord{71055b9 u0 com.example.myapplication.debug/com.example.myapplication.SecondScreenActivity t4384})/@0xe2474c2#21764
06-26 15:39:10.502  1585  1643 I SurfaceControl: show, t=StartTransaction_SyncId<1479>, sc=Surface(name=DimTransitionLayer for Surface(name=ActivityRecord{71055b9 u0 com.example.myapplication.debug/com.example.myapplication.SecondScreenActivity t4384})/@0xe2474c2)/@0xc67441, caller=com.android.wm.shell.transition.DefaultTransitionHandler.startAnimation:2970 com.android.wm.shell.transition.Transitions.dispatchTransition:80 com.android.wm.shell.transition.Transitions.playTransition:793 com.android.wm.shell.transition.Transitions.processReadyQueue:195 com.android.wm.shell.transition.Transitions.dispatchReady:762 com.android.wm.shell.transition.Transitions.onTransitionReady:119 
06-26 15:39:10.502  1585  1643 V WindowManagerShell: attach dim transition, change={null m=OPEN f=FILLS_TASK|IS_ACTIVITY leash=Surface(name=ActivityRecord{71055b9 u0 com.example.myapplication.debug/com.example.myapplication.SecondScreenActivity t4384})/@0xe2474c2 sb=Rect(0, 0 - 0, 0) eb=Rect(0, 0 - 1080, 2400) d=-1->0 r=-1->0:-1 dim=true inset=Rect(0, 0 - 0, 0)}
06-26 15:39:10.511   780   780 I Layer   : Layer [DimTransitionLayer for Surface(name=ActivityRecord{71055b9 u0 com.example.myapplication.debug/com.example.myapplication.SecondScreenActivity t4384})/@0xe2474c2#21764] hidden!! flag(0)
06-26 15:39:10.511   780   780 I Layer   : Layer [ActivityRecord{71055b9 u0 com.example.myapplication.debug/com.example.myapplication.SecondScreenActivity t4384}#21754] hidden!! flag(0)
06-26 15:39:10.511   780   780 I Layer   : Layer [Transition Root: ActivityRecord{71055b9 u0 com.example.myapplication.debug/com.example.myapplication.SecondScreenActivity t4384}#21759] hidden!! flag(0)
06-26 15:39:10.511   780   780 I Layer   : Layer [a2adc9a com.example.myapplication.debug/com.example.myapplication.SecondScreenActivity#21755] hidden!! flag(0)
06-26 15:39:10.511   780   780 I Layer   : Layer [com.example.myapplication.debug/com.example.myapplication.SecondScreenActivity$_9075#21756] hidden!! flag(0)
06-26 15:39:10.575  1130  4477 D InputDispatcher: Focus entered window (0): a2adc9a com.example.myapplication.debug/com.example.myapplication.SecondScreenActivity
06-26 15:39:10.580  1130  4477 I ImeTracker: com.example.myapplication.debug:7edd9d91: onRequestHide at ORIGIN_SERVER_HIDE_INPUT reason HIDE_UNSPECIFIED_WINDOW
06-26 15:39:10.580  1130  4477 I ImeTracker: com.example.myapplication.debug:7edd9d91: onCancelled at PHASE_SERVER_SHOULD_HIDE
06-26 15:39:10.584  4711  4711 I HBD     : b [AiWriter] setContact : com.example.myapplication.debug
06-26 15:39:10.585  1130  4477 D InsetsSourceProvider: updateControlForTarget: control=InsetsSourceControl: {3 mType=ime mSurfacePosition=Point(0, 92) mInsetsHint=Insets{left=0, top=0, right=0, bottom=918}}, target=Window{a2adc9a u0 com.example.myapplication.debug/com.example.myapplication.SecondScreenActivity}, from=com.android.server.wm.ImeInsetsSourceProvider.updateControlForTarget:165 com.android.server.wm.InsetsStateController.onControlTargetChanged:358 com.android.server.wm.InsetsStateController.onImeControlTargetChanged:302 com.android.server.wm.DisplayContent.updateImeControlTarget:5727 com.android.server.wm.DisplayContent.updateImeInputAndControlTarget:5687 
06-26 15:39:10.588  9075  9075 I InsetsSourceConsumer: applyRequestedVisibilityToControl: visible=false, type=ime, host=com.example.myapplication.debug/com.example.myapplication.SecondScreenActivity
06-26 15:39:10.590   780   780 D SurfaceFlinger:      CLIENT | 0xb400007006287c10 | 0102 | RGBA_8888    |    0.0    8.0 1080.0 2400.0 |    0    0 1080 2392 | com.example.myapplication.debug/com.[...]arNovoArtigoActivityRoom$_9075#21740
06-26 15:39:10.590   780   780 D SurfaceFlinger:      DEVICE | 0xb400007006339990 | 0102 | RGBA_8888    |    0.0    0.0 1080.0 2001.0 |    0  399 1080 2400 | com.example.myapplication.debug/com.[...]ion.SecondScreenActivity$_9075#21756
06-26 15:39:10.690   780   780 D SurfaceFlinger:      DEVICE | 0xb400007006339990 | 0102 | RGBA_8888    |    0.0    0.0 1080.0 2312.0 |    0   88 1080 2400 | com.example.myapplication.debug/com.[...]ion.SecondScreenActivity$_9075#21756
06-26 15:39:10.874   780   780 I Layer   : id=21764 removeFromCurrentState DimTransitionLayer for Surface(name=ActivityRecord{71055b9 u0 com.example.myapplication.debug/com.example.myapplication.SecondScreenActivity t4384})/@0xe2474c2#21764 (217)
06-26 15:39:10.890   780   780 D SurfaceFlinger:      DEVICE | 0xb400007006339990 | 0102 | RGBA_8888    |    0.0    0.0 1080.0 2396.0 |    0    4 1080 2400 | com.example.myapplication.debug/com.[...]ion.SecondScreenActivity$_9075#21756
06-26 15:39:10.956   780   780 D SurfaceFlinger:      DEVICE | 0xb400007006339990 | 0102 | RGBA_8888    |    0.0    0.0 1080.0 2400.0 |    0    0 1080 2400 | com.example.myapplication.debug/com.[...]ion.SecondScreenActivity$_9075#21756
06-26 15:39:10.966  1130  2424 V WindowManager: Setting visibility of Window{19325e9 u0 com.example.myapplication.debug/com.example.myapplication.CriarNovoArtigoActivityRoom}: false, caller=com.android.server.wm.WindowContainer.sendAppVisibilityToClients:1301 com.android.server.wm.WindowToken.setClientVisible:446 com.android.server.wm.ActivityRecord.setClientVisible:8121 com.android.server.wm.ActivityRecord.postApplyAnimation:6685 com.android.server.wm.ActivityRecord.commitVisibility:6628 
06-26 15:39:10.973   780   780 I Layer   : id=21764 removeFromCurrentState DimTransitionLayer for Surface(name=ActivityRecord{71055b9 u0 com.example.myapplication.debug/com.example.myapplication.SecondScreenActivity t4384})/@0xe2474c2#21764 (217)
06-26 15:39:10.973   780   780 I Layer   : id=21759 removeFromCurrentState Transition Root: ActivityRecord{71055b9 u0 com.example.myapplication.debug/com.example.myapplication.SecondScreenActivity t4384}#21759 (217)
06-26 15:39:10.973   780   780 I Layer   : id=21738 removeFromCurrentState ActivityRecord{9522fe u0 com.example.myapplication.debug/com.example.myapplication.CriarNovoArtigoActivityRoom t4384}#21738 (217)
06-26 15:39:10.973   780   780 I Layer   : id=21744 removeFromCurrentState 3221880 ActivityRecordInputSink com.example.myapplication.debug/com.example.myapplication.CriarNovoArtigoActivityRoom#21744 (217)
06-26 15:39:10.973   780   780 I Layer   : id=21739 removeFromCurrentState 19325e9 com.example.myapplication.debug/com.example.myapplication.CriarNovoArtigoActivityRoom#21739 (217)
06-26 15:39:10.973   780   780 I Layer   : id=21740 removeFromCurrentState com.example.myapplication.debug/com.example.myapplication.CriarNovoArtigoActivityRoom$_9075#21740 (217)
06-26 15:39:10.973   780   780 I Layer   : id=21754 removeFromCurrentState ActivityRecord{71055b9 u0 com.example.myapplication.debug/com.example.myapplication.SecondScreenActivity t4384}#21754 (217)
06-26 15:39:10.973   780   780 I Layer   : id=21760 removeFromCurrentState faf003 ActivityRecordInputSink com.example.myapplication.debug/com.example.myapplication.SecondScreenActivity#21760 (217)
06-26 15:39:10.973   780   780 I Layer   : id=21755 removeFromCurrentState a2adc9a com.example.myapplication.debug/com.example.myapplication.SecondScreenActivity#21755 (217)
06-26 15:39:10.973   780   780 I Layer   : id=21756 removeFromCurrentState com.example.myapplication.debug/com.example.myapplication.SecondScreenActivity$_9075#21756 (217)
06-26 15:39:10.973   780   780 I Layer   : Layer [ActivityRecord{9522fe u0 com.example.myapplication.debug/com.example.myapplication.CriarNovoArtigoActivityRoom t4384}#21738] hidden!! flag(1)
06-26 15:39:10.973   780   780 I Layer   : id=21738 addToCurrentState ActivityRecord{9522fe u0 com.example.myapplication.debug/com.example.myapplication.CriarNovoArtigoActivityRoom t4384}#21738 (217)
06-26 15:39:10.973   780   780 I Layer   : id=21744 addToCurrentState 3221880 ActivityRecordInputSink com.example.myapplication.debug/com.example.myapplication.CriarNovoArtigoActivityRoom#21744 (217)
06-26 15:39:10.973   780   780 I Layer   : id=21739 addToCurrentState 19325e9 com.example.myapplication.debug/com.example.myapplication.CriarNovoArtigoActivityRoom#21739 (217)
06-26 15:39:10.973   780   780 I Layer   : id=21740 addToCurrentState com.example.myapplication.debug/com.example.myapplication.CriarNovoArtigoActivityRoom$_9075#21740 (217)
06-26 15:39:10.973   780   780 I Layer   : id=21754 addToCurrentState ActivityRecord{71055b9 u0 com.example.myapplication.debug/com.example.myapplication.SecondScreenActivity t4384}#21754 (217)
06-26 15:39:10.973   780   780 I Layer   : id=21760 addToCurrentState faf003 ActivityRecordInputSink com.example.myapplication.debug/com.example.myapplication.SecondScreenActivity#21760 (217)
06-26 15:39:10.973   780   780 I Layer   : id=21755 addToCurrentState a2adc9a com.example.myapplication.debug/com.example.myapplication.SecondScreenActivity#21755 (217)
06-26 15:39:10.973   780   780 I Layer   : id=21756 addToCurrentState com.example.myapplication.debug/com.example.myapplication.SecondScreenActivity$_9075#21756 (217)
06-26 15:39:10.973   780   780 I Layer   : id=21759 removeFromCurrentState Transition Root: ActivityRecord{71055b9 u0 com.example.myapplication.debug/com.example.myapplication.SecondScreenActivity t4384}#21759 (217)
06-26 15:39:10.973   780   780 I Layer   : Layer [com.example.myapplication.debug/com.example.myapplication.CriarNovoArtigoActivityRoom$_9075#21740] hidden!! flag(1)
06-26 15:39:10.974   780   780 I SurfaceFlinger: id=21759 Removed Transition Root: ActivityRecord{71055b9 u0 com.example.myapplication.debug/com.example.myapplication.SecondScreenActivity t4384}#21759 (217)
06-26 15:39:10.974   780   780 I SurfaceFlinger: id=21764 Removed DimTransitionLayer for Surface(name=ActivityRecord{71055b9 u0 com.example.myapplication.debug/com.example.myapplication.SecondScreenActivity t4384})/@0xe2474c2#21764 (217)
06-26 15:39:10.977  1130  4390 V WindowManager: Relayout Window{19325e9 u0 com.example.myapplication.debug/com.example.myapplication.CriarNovoArtigoActivityRoom}: viewVisibility=8 req=1080x2400 ty=1 d0
06-26 15:39:10.989   780   780 I Layer   : id=21759 Destroyed Transition Root: ActivityRecord{71055b9 u0 com.example.myapplication.debug/com.example.myapplication.SecondScreenActivity t4384}#21759
06-26 15:39:10.990  9075  9075 D ViewRootImpl@c7c57c6[CriarNovoArtigoActivityRoom]: WindowStopped on com.example.myapplication.debug/com.example.myapplication.CriarNovoArtigoActivityRoom set to true
06-26 15:39:10.990   780   780 I Layer   : id=21764 Destroyed DimTransitionLayer for Surface(name=ActivityRecord{71055b9 u0 com.example.myapplication.debug/com.example.myapplication.SecondScreenActivity t4384})/@0xe2474c2#21764
06-26 15:39:11.008  1130  2424 E WindowManager: win=Window{19325e9 u0 com.example.myapplication.debug/com.example.myapplication.CriarNovoArtigoActivityRoom} destroySurfaces: appStopped=true cleanupOnResume=false win.mWindowRemovalAllowed=false win.mRemoveOnExit=false win.mViewVisibility=8 caller=com.android.server.wm.ActivityRecord.destroySurfaces:6952 com.android.server.wm.ActivityRecord.destroySurfaces:6933 com.android.server.wm.ActivityRecord.activityStopped:7633 com.android.server.wm.ActivityClientController.activityStopped:321 android.app.IActivityClientController$Stub.onTransact:702 com.android.server.wm.ActivityClientController.onTransact:186 android.os.Binder.execTransactInternal:1380 
06-26 15:39:11.008  1130  2424 I WindowManager: Destroying surface Surface(name=com.example.myapplication.debug/com.example.myapplication.CriarNovoArtigoActivityRoom$_9075)/@0x68f726a called by com.android.server.wm.WindowStateAnimator.destroySurface:799 com.android.server.wm.WindowStateAnimator.destroySurfaceLocked:472 com.android.server.wm.WindowState.destroySurfaceUnchecked:4201 com.android.server.wm.WindowState.destroySurface:4175 com.android.server.wm.ActivityRecord.destroySurfaces:6952 com.android.server.wm.ActivityRecord.destroySurfaces:6933 com.android.server.wm.ActivityRecord.activityStopped:7633 com.android.server.wm.ActivityClientController.activityStopped:321 
06-26 15:39:11.011   780   780 I Layer   : id=21740 removeFromCurrentState com.example.myapplication.debug/com.example.myapplication.CriarNovoArtigoActivityRoom$_9075#21740 (211)
06-26 15:39:11.019   780  1496 I SurfaceFlinger: id=21740 Removed com.example.myapplication.debug/com.example.myapplication.CriarNovoArtigoActivityRoom$_9075#21740 (211)
06-26 15:39:11.022   780   780 I Layer   : id=21740 Destroyed com.example.myapplication.debug/com.example.myapplication.CriarNovoArtigoActivityRoom$_9075#21740
06-26 15:39:11.086  1130  1158 D SGM:GameManager: identifyForegroundApp. com.example.myapplication.debug, mCurrentUserId: 0, callerUserId: 0
06-26 15:39:11.086  1130  1158 D SGM:PkgDataHelper: getGamePkgData(). com.example.myapplication.debug
06-26 15:39:11.754  1130  1156 D WindowManager: rotationForOrientation, orientationSource=ActivityRecord{71055b9 u0 com.example.myapplication.debug/com.example.myapplication.SecondScreenActivity t4384}
06-26 15:39:11.800  1130  1156 D WindowManager: rotationForOrientation, orientationSource=ActivityRecord{71055b9 u0 com.example.myapplication.debug/com.example.myapplication.SecondScreenActivity t4384}
06-26 15:39:11.825  1130  2424 W NotificationService: Toast already killed. pkg=com.example.myapplication.debug token=android.os.BinderProxy@a1d7132
06-26 15:39:11.844  1585  1585 I AppIconSolution: start to load, pkg=com.example.myapplication.debug, bg=192-192, dr=135-135, forDefault=true, density=0
06-26 15:39:11.846  1585  1585 I AppIconSolution: getIconScale, pkg=com.example.myapplication.debug, size=135, iconScale=IconScale[alpha=0, scale=1.0, isCrop=true]
06-26 15:39:11.849  1130  1156 D WindowManager: rotationForOrientation, orientationSource=ActivityRecord{71055b9 u0 com.example.myapplication.debug/com.example.myapplication.SecondScreenActivity t4384}
06-26 15:39:11.853  1585  1585 I AppIconSolution: default container[CROP], pkg=com.example.myapplication.debug, bg=135-135, dr=135-135, isNight = true
06-26 15:39:11.873  1130  1156 D WindowManager: rotationForOrientation, orientationSource=ActivityRecord{71055b9 u0 com.example.myapplication.debug/com.example.myapplication.SecondScreenActivity t4384}
06-26 15:39:11.985   780   780 D SurfaceFlinger:      DEVICE | 0xb400007006339990 | 0102 | RGBA_8888    |    0.0    0.0 1080.0 2400.0 |    0    0 1080 2400 | com.example.myapplication.debug/com.[...]ion.SecondScreenActivity$_9075#21756
06-26 15:39:12.351   780   780 D SurfaceFlinger:      DEVICE | 0xb400007006339990 | 0102 | RGBA_8888    |    0.0    0.0 1080.0 2400.0 |    0    0 1080 2400 | com.example.myapplication.debug/com.[...]ion.SecondScreenActivity$_9075#21756
06-26 15:39:12.374  1130  1156 D WindowManager: rotationForOrientation, orientationSource=ActivityRecord{71055b9 u0 com.example.myapplication.debug/com.example.myapplication.SecondScreenActivity t4384}
06-26 15:39:15.907  1130  4390 W NotificationService: Toast already killed. pkg=com.example.myapplication.debug token=android.os.BinderProxy@8690376
06-26 15:39:16.427   780   780 D SurfaceFlinger:      DEVICE | 0xb400007006339990 | 0102 | RGBA_8888    |    0.0    0.0 1080.0 2400.0 |    0    0 1080 2400 | com.example.myapplication.debug/com.[...]ion.SecondScreenActivity$_9075#21756
