06-26 15:39:07.327  1130  1159 E WindowManager: win=Window{ae947fc u0 PopupWindow:11a8f64 EXITING} destroySurfaces: appStopped=false cleanupOnResume=false win.mWindowRemovalAllowed=true win.mRemoveOnExit=true win.mViewVisibility=0 caller=com.android.server.wm.WindowState.onExitAnimationDone:5764 com.android.server.wm.WindowStateAnimator.onAnimationFinished:208 com.android.server.wm.WindowState.onAnimationFinished:5995 com.android.server.wm.WindowContainer$$ExternalSyntheticLambda4.onAnimationFinished:0 com.android.server.wm.SurfaceAnimator.lambda$getFinishedCallback$0:140 com.android.server.wm.SurfaceAnimator.$r8$lambda$eYT7rjaBOE8bCIRq043wVzQ_RTM:0 com.android.server.wm.SurfaceAnimator$$ExternalSyntheticLambda1.run:0 
06-26 15:39:08.142  4711  4711 I HBD     : e unbindCurrentHoneyBoard : text_board 
06-26 15:39:08.142  4711  4711 I HBD     : e expression state[false], searchState[0] 
06-26 15:39:08.223   780  2827 E NativeCustomFrequencyManager: [NativeCFMS] BpCustomFrequencyManager::acquire()
06-26 15:39:08.323  1130  4440 E TaskPersister: File error accessing recents directory (directory doesn't exist?).
06-26 15:39:08.324  1130  4440 E TaskPersister: File error accessing recents directory (directory doesn't exist?).
06-26 15:39:08.714  1130  4186 E WindowManager: win=Window{4735537 u0 InputMethod} destroySurfaces: appStopped=true cleanupOnResume=false win.mWindowRemovalAllowed=false win.mRemoveOnExit=false win.mViewVisibility=8 caller=com.android.server.wm.WindowManagerService.tryStartExitingAnimation:2980 com.android.server.wm.WindowManagerService.relayoutWindow:2685 com.android.server.wm.Session.relayout:282 android.view.IWindowSession$Stub.onTransact:782 com.android.server.wm.Session.onTransact:204 android.os.Binder.execTransactInternal:1375 android.os.Binder.execTransact:1311 
06-26 15:39:09.438  1130  4186 E Transition: Trying to add a ready-group twice: Display{#0 state=ON size=1080x2400 ROTATION_0}
06-26 15:39:09.439  3111  3111 E pageboostd: Received HALT command code 2
06-26 15:39:09.521  9075  9075 D CriarNovoArtigo: ­ƒöÆ Configurando listeners e garantindo que atividade permane+ºa aberta
06-26 15:39:09.610  3111  3111 E pageboostd: Received HALT command code 2
06-26 15:39:09.748   780  2827 E NativeCustomFrequencyManager: [NativeCFMS] BpCustomFrequencyManager::acquire()
06-26 15:39:09.840  1795  2895 E EPDG -- [IPSECADAPTER_ERIS]: checkConnection cid (17 ) - timeout : 5
06-26 15:39:09.851  1795  2895 E EPDG -- [IPSECADAPTER_ERIS]: checkConnection cid (2 ) - timeout : 5
06-26 15:39:10.168  9075  9075 D SecondScreen: Salvando no Room e fechando atividade
06-26 15:39:10.238  1130  2424 E Transition: Trying to add a ready-group twice: Display{#0 state=ON size=1080x2400 ROTATION_0}
06-26 15:39:10.239  3111  3111 E pageboostd: Received HALT command code 2
06-26 15:39:10.246  1130  4477 E WindowManager: win=Window{e31e68c u0 com.example.myapplication.debug/com.example.myapplication.SecondScreenActivity} destroySurfaces: appStopped=true cleanupOnResume=false win.mWindowRemovalAllowed=false win.mRemoveOnExit=false win.mViewVisibility=8 caller=com.android.server.wm.ActivityRecord.destroySurfaces:6952 com.android.server.wm.ActivityRecord.destroySurfaces:6933 com.android.server.wm.ActivityRecord.activityStopped:7633 com.android.server.wm.ActivityClientController.activityStopped:321 android.app.IActivityClientController$Stub.onTransact:702 com.android.server.wm.ActivityClientController.onTransact:186 android.os.Binder.execTransactInternal:1380 
06-26 15:39:10.487  3111  3111 E pageboostd: Received HALT command code 2
06-26 15:39:11.008  1130  2424 E WindowManager: win=Window{19325e9 u0 com.example.myapplication.debug/com.example.myapplication.CriarNovoArtigoActivityRoom} destroySurfaces: appStopped=true cleanupOnResume=false win.mWindowRemovalAllowed=false win.mRemoveOnExit=false win.mViewVisibility=8 caller=com.android.server.wm.ActivityRecord.destroySurfaces:6952 com.android.server.wm.ActivityRecord.destroySurfaces:6933 com.android.server.wm.ActivityRecord.activityStopped:7633 com.android.server.wm.ActivityClientController.activityStopped:321 android.app.IActivityClientController$Stub.onTransact:702 com.android.server.wm.ActivityClientController.onTransact:186 android.os.Binder.execTransactInternal:1380 
06-26 15:39:12.059  1130  4440 E TaskPersister: File error accessing recents directory (directory doesn't exist?).
06-26 15:39:12.060  1130  4440 E TaskPersister: File error accessing recents directory (directory doesn't exist?).
06-26 15:39:12.277   729   789 E SensorsHub: AccSensor : Meta event
06-26 15:39:12.281   729   789 E SensorsHub: GyroSensor : Meta event
06-26 15:39:12.714  9277  9277 E android.dqagent: Not starting debugger since process cannot load the jdwp agent.
06-26 15:39:16.916   745   779 E BatteryDump: !@new_battery_dump : 3628,-345,100,100,4,323,323,381,0,0,332,381,0,Charging,NO_CHARGING,Normal,Good,USB,1,Normal,0,0,9900,0x40000000,0x10000,0x0,0,0,0000,0000,00000000,0,0,0,0,452,3638,460,990,0,
06-26 15:39:16.930  1585 27807 E SecPowerUI.Notification: no saved value, so we do nothing !!
06-26 15:39:18.003   687   687 E audit   : type=1400 audit(1750963158.000:13084): avc:  denied  { getattr } for  pid=6200 comm="Thread-190" path="/system/lib/bootstrap" dev="dm-6" ino=72269434 scontext=u:r:untrusted_app:s0:c208,c257,c512,c768 tcontext=u:object_r:system_bootstrap_lib_file:s0 tclass=dir permissive=0 SEPF_SM-M546B_13_0001 audit_filtered
06-26 15:39:18.007   687   687 E audit   : type=1400 audit(1750963158.004:13085): avc:  denied  { search } for  pid=6200 comm="Thread-190" name="/" dev="dm-8" ino=38 scontext=u:r:untrusted_app:s0:c208,c257,c512,c768 tcontext=u:object_r:system_dlkm_file:s0 tclass=dir permissive=0 SEPF_SM-M546B_13_0001 audit_filtered
06-26 15:39:18.027   687   687 E audit   : type=1400 audit(1750963158.024:13086): avc:  denied  { getattr } for  pid=6200 comm="Thread-190" path="/system/lib64/bootstrap" dev="dm-6" ino=72090360 scontext=u:r:untrusted_app:s0:c208,c257,c512,c768 tcontext=u:object_r:system_bootstrap_lib_file:s0 tclass=dir permissive=0 SEPF_SM-M546B_13_0001 audit_filtered
06-26 15:39:18.763  1130  1161 E Watchdog: !@Sync: 1209 heap: 135 / 141 FD: 1222 [2025-06-26 15:39:18.762]
06-26 15:39:26.675 12916 16745 E msys    : E[N WA]WCCXMPPStreamDisconnectImmediately(676)=>[WARNING] xmpp/disconnect/immediate in state=2 reason=xmpp/idle/timeout
06-26 15:39:26.675 12916 13254 E MvfstCallbacks.cpp: readError: streamid=3; error=LocalError: Idle timeout, Idle timeout, num non control streams: 3
06-26 15:39:26.675 12916 13254 E MvfstCallbacks.cpp: readError: streamid=7; error=LocalError: Idle timeout, Idle timeout, num non control streams: 3
06-26 15:39:26.675 12916 13254 E MvfstCallbacks.cpp: readError: streamid=11; error=LocalError: Idle timeout, Idle timeout, num non control streams: 3
06-26 15:39:26.675 12916 13254 E MvfstCallbacks.cpp: onConnectionError: error=LocalError: Idle timeout, Idle timeout, num non control streams: 3
06-26 15:39:26.676 12916 13365 E MvfstCallbacks.cpp: readError: streamid=4; error=LocalError: Idle timeout, Idle timeout, num non control streams: 4
06-26 15:39:26.676 12916 13365 E MvfstCallbacks.cpp: readError: streamid=3; error=LocalError: Idle timeout, Idle timeout, num non control streams: 4
06-26 15:39:26.676 12916 13365 E MvfstCallbacks.cpp: readError: streamid=7; error=LocalError: Idle timeout, Idle timeout, num non control streams: 4
06-26 15:39:26.676 12916 13365 E MvfstCallbacks.cpp: readError: streamid=11; error=LocalError: Idle timeout, Idle timeout, num non control streams: 4
06-26 15:39:26.676 12916 13365 E MvfstCallbacks.cpp: onConnectionError: error=LocalError: Idle timeout, Idle timeout, num non control streams: 4
06-26 15:39:26.681 12916 16845 E msys    : E[N mccw.liger]onReadError(732)=>read/error - ex: AsyncSocketException: recv() failed (peer=57.144.164.36:5222), type = Internal error, errno = 103 (Software caused connection abort), errno: 103
06-26 15:39:26.687 12916 16745 E msys    : E[N WA]_WCCXMPPStreamDisconnectHandler(300)=>xmpp/disconnect - WCIStreamStateErrorCode: 1, domain: WCIStreamState, subdomain: happyeyeballs: Error Domain=WCIStreamState Code=1 UserInfo=0xb4000070d68cd6b0 {MCFErrorDirectUnderlyingErrorKey=0xb4000071668c8890 "Error Domain=happyeyeballs Code=1"}
06-26 15:39:26.687 12916 16745 E msys    : E[N WA]_WCCConnectionDefaultLifecycleEventHandler(1968)=>[INFO] connection/xmpp/lifecycle_event/not-connected, [426.3977s]
06-26 15:39:26.687 12916 16745 E msys    : E[N WA]_WCCXMPPStreamDoDisconnect(1051)=>xmpp/disconnect - flags: 0
06-26 15:39:26.687 12916 16745 E msys    : E[N WA]_WCCConnectionDefaultEmitStateChange(2939)=>[INFO] connection/new_state/not-connected [connection_id=1038875554, wcc_source=1, wcc_reason=0]
06-26 15:39:26.690 12916 16745 E msys    : E[N WA]_WCCConnectionDefaultDisconnectHandler(2091)=>[INFO] connection/disconnected/[did-connect, did-read-bytes]
06-26 15:39:26.694 12916 16745 E msys    : E[N WA]_WCCConnectionDefaultEmitStateChange(2939)=>[INFO] connection/new_state/connecting [connection_id=1038875555, wcc_source=1, wcc_reason=0]
06-26 15:39:26.696 12916 13365 E msys    : E[N mns]_OnDiskCacheGetData(542)=>Start post callback cache refresh DNS resolution
06-26 15:39:26.705 12916 13254 E msys    : E[N mns]_OnDiskCacheGetData(542)=>Start post callback cache refresh DNS resolution
06-26 15:39:26.707 12916 13365 E msys    : E[N mns]_OnSystemDNSSuccessCallback(314)=>Cache refresh succeeded with system DNS resolver. IP count: 1
06-26 15:39:26.714 12916 13254 E msys    : E[N mns]_OnSystemDNSSuccessCallback(314)=>Cache refresh succeeded with system DNS resolver. IP count: 1
06-26 15:39:26.733 12916 16745 E msys    : E[N WA]_WCCConnectionDefaultDoConnectWithAuthKeys(1436)=>[INFO] connection/connect/start/[host=z-p42-chat-e2ee-ig.facebook.com port=5222]/[57.144.164.36:5222]
06-26 15:39:26.734 12916 16745 E msys    : E[N WA]_WCCConnectionDefaultLifecycleEventHandler(1960)=>[INFO] connection/xmpp/lifecycle_event/will-connect
06-26 15:39:26.764 12916 16745 E msys    : E[N WA]_WCCConnectionDefaultLifecycleEventHandler(1968)=>[INFO] connection/xmpp/lifecycle_event/did-connect, [0.0290s]
06-26 15:39:26.769 12916 16745 E msys    : E[N WA]_WCCConnectionDefaultLifecycleEventHandler(1968)=>[INFO] connection/xmpp/lifecycle_event/did-send-initial-payload, [0.0049s]
06-26 15:39:26.934 12916 16745 E msys    : E[N WA]_WCCConnectionDefaultLifecycleEventHandler(1968)=>[INFO] connection/xmpp/lifecycle_event/will-handshake, [0.1649s]
06-26 15:39:26.936 12916 16745 E msys    : E[N WA]_WCCConnectionDefaultLifecycleEventHandler(1968)=>[INFO] connection/xmpp/lifecycle_event/did-handshake, [0.0019s]
06-26 15:39:26.954 12916 16745 E msys    : E[N WA]_WCCConnectionDefaultReceiveHandler(2120)=>[INFO] connection/receive/login-success
06-26 15:39:26.954 12916 16745 E msys    : E[N WA]_WCCConnectionDefaultEmitStateChange(2939)=>[INFO] connection/new_state/connected [connection_id=1038875555, wcc_source=1, wcc_reason=0]
06-26 15:39:26.959   745   779 E BatteryDump: !@new_battery_dump : 3620,-1201,100,100,4,324,323,372,0,0,339,372,0,Charging,NO_CHARGING,Normal,Good,USB,1,Normal,0,0,9900,0x40000000,0x10000,0x0,0,0,0000,0000,00000000,0,0,0,0,452,3638,460,990,0,
06-26 15:39:26.988  1585 29009 E SecPowerUI.Notification: no saved value, so we do nothing !!
06-26 15:39:27.004 12916 13254 E msys    : E[N mns]_OnDiskCacheGetData(542)=>Start post callback cache refresh DNS resolution
06-26 15:39:27.012 12916 13254 E msys    : E[N mns]_OnSystemDNSSuccessCallback(314)=>Cache refresh succeeded with system DNS resolver. IP count: 1
06-26 15:39:27.098   687   687 E audit   : type=1400 audit(1750963167.096:13087): avc:  denied  { write } for  pid=9347 comm="elastic_global-" name="fd" dev="proc" ino=7386016 scontext=u:r:untrusted_app:s0:c55,c257,c512,c768 tcontext=u:r:untrusted_app:s0:c55,c257,c512,c768 tclass=dir permissive=0 SEPF_SM-M546B_13_0001 audit_filtered
06-26 15:39:27.098   687   687 E audit   : type=1400 audit(1750963167.096:13088): avc:  denied  { write } for  pid=9347 comm="elastic_global-" name="fd" dev="proc" ino=7386016 scontext=u:r:untrusted_app:s0:c55,c257,c512,c768 tcontext=u:r:untrusted_app:s0:c55,c257,c512,c768 tclass=dir permissive=0 SEPF_SM-M546B_13_0001 audit_filtered
06-26 15:39:27.304  9347  9453 E deo:pushservice: No package ID 6a found for resource ID 0x6a0b000f.
06-26 15:39:27.343   687   687 E audit   : type=1400 audit(1750963167.340:13089): avc:  denied  { getattr } for  pid=6200 comm="Thread-191" path="/system/lib/bootstrap" dev="dm-6" ino=72269434 scontext=u:r:untrusted_app:s0:c208,c257,c512,c768 tcontext=u:object_r:system_bootstrap_lib_file:s0 tclass=dir permissive=0 SEPF_SM-M546B_13_0001 audit_filtered
06-26 15:39:27.347   687   687 E audit   : type=1400 audit(1750963167.344:13090): avc:  denied  { search } for  pid=6200 comm="Thread-191" name="/" dev="dm-8" ino=38 scontext=u:r:untrusted_app:s0:c208,c257,c512,c768 tcontext=u:object_r:system_dlkm_file:s0 tclass=dir permissive=0 SEPF_SM-M546B_13_0001 audit_filtered
06-26 15:39:27.353   687   687 E audit   : type=1400 audit(1750963167.352:13091): avc:  denied  { getattr } for  pid=6200 comm="Thread-191" path="/system/lib64/bootstrap" dev="dm-6" ino=72090360 scontext=u:r:untrusted_app:s0:c208,c257,c512,c768 tcontext=u:object_r:system_bootstrap_lib_file:s0 tclass=dir permissive=0 SEPF_SM-M546B_13_0001 audit_filtered
06-26 15:39:27.436   687   687 E audit   : type=1400 audit(1750963167.432:13092): avc:  denied  { read } for  pid=6200 comm="Thread-191" name="sdcard" dev="tmpfs" ino=36 scontext=u:r:untrusted_app:s0:c208,c257,c512,c768 tcontext=u:object_r:mnt_sdcard_file:s0 tclass=lnk_file permissive=0 SEPF_SM-M546B_13_0001 audit_filtered
06-26 15:39:28.106   687   687 E audit   : type=1400 audit(1750963168.104:13094): avc:  denied  { search } for  pid=9347 comm="securityaio_sg_" name="abox" dev="proc" ino=4026533045 scontext=u:r:untrusted_app:s0:c55,c257,c512,c768 tcontext=u:object_r:proc_abox:s0 tclass=dir permissive=0 SEPF_SM-M546B_13_0001 audit_filtered
06-26 15:39:28.106   687   687 E audit   : type=1400 audit(1750963168.104:13095): avc:  denied  { search } for  pid=9347 comm="securityaio_sg_" name="audio" dev="proc" ino=4026532640 scontext=u:r:untrusted_app:s0:c55,c257,c512,c768 tcontext=u:object_r:proc_audio:s0 tclass=dir permissive=0 SEPF_SM-M546B_13_0001 audit_filtered
06-26 15:39:28.107   687   687 E audit   : type=1400 audit(1750963168.104:13096): avc:  denied  { search } for  pid=9347 comm="securityaio_sg_" name="fslog" dev="proc" ino=4026532125 scontext=u:r:untrusted_app:s0:c55,c257,c512,c768 tcontext=u:object_r:proc_fslog:s0 tclass=dir permissive=0 SEPF_SM-M546B_13_0001 audit_filtered
06-26 15:39:28.107   687   687 E audit   : type=1400 audit(1750963168.104:13097): avc:  denied  { search } for  pid=9347 comm="securityaio_sg_" name="fslog" dev="proc" ino=4026532125 scontext=u:r:untrusted_app:s0:c55,c257,c512,c768 tcontext=u:object_r:proc_fslog:s0 tclass=dir permissive=0 SEPF_SM-M546B_13_0001 audit_filtered
06-26 15:39:28.107   687   687 E audit   : type=1400 audit(1750963168.104:13098): avc:  denied  { search } for  pid=9347 comm="securityaio_sg_" name="asound" dev="proc" ino=4026531984 scontext=u:r:untrusted_app:s0:c55,c257,c512,c768 tcontext=u:object_r:proc_asound:s0 tclass=dir permissive=0 SEPF_SM-M546B_13_0001 audit_filtered
06-26 15:39:29.758 12916 13254 E msys    : E[N mns]_OnDiskCacheGetData(542)=>Start post callback cache refresh DNS resolution
06-26 15:39:29.770 12916 13254 E msys    : E[N mns]_OnSystemDNSSuccessCallback(314)=>Cache refresh succeeded with system DNS resolver. IP count: 1
06-26 15:39:29.783 12916 24519 E IdleQueuePayloadBasedServiceLayer: Request empty, but still some servings left: 189904
06-26 15:39:29.869 12916 10544 E IdleQueuePayloadBasedServiceLayer: Request empty, but still some servings left: -94774
06-26 15:39:29.915 12916 10544 E IdleQueuePayloadBasedServiceLayer: Request empty, but still some servings left: -95130
06-26 15:39:30.428  9347  9392 E SensorManager: sensor or listener is null
06-26 15:39:30.428  9347  9392 E SensorManager: sensor or listener is null
06-26 15:39:34.350   687   687 E audit   : type=1400 audit(1750963174.348:13127): avc:  denied  { search } for  pid=6200 comm="Thread-194" name="fslog" dev="proc" ino=4026532125 scontext=u:r:untrusted_app:s0:c208,c257,c512,c768 tcontext=u:object_r:proc_fslog:s0 tclass=dir permissive=0 SEPF_SM-M546B_13_0001 audit_filtered
06-26 15:39:34.351   687   687 E audit   : type=1400 audit(1750963174.348:13128): avc:  denied  { search } for  pid=6200 comm="Thread-194" name="fslog" dev="proc" ino=4026532125 scontext=u:r:untrusted_app:s0:c208,c257,c512,c768 tcontext=u:object_r:proc_fslog:s0 tclass=dir permissive=0 SEPF_SM-M546B_13_0001 audit_filtered
06-26 15:39:37.054   745   779 E BatteryDump: !@new_battery_dump : 3632,-275,100,100,4,324,323,373,0,0,338,373,0,Charging,NO_CHARGING,Normal,Good,USB,1,Normal,0,0,9900,0x40000000,0x10000,0x0,0,0,0000,0000,00000000,0,0,0,0,452,3638,460,990,0,
06-26 15:39:37.094  1585 29209 E SecPowerUI.Notification: no saved value, so we do nothing !!
06-26 15:39:41.903   687   687 E audit   : type=1400 audit(1750963181.900:13129): avc:  denied  { getattr } for  pid=6200 comm="Thread-197" path="/system/lib/bootstrap" dev="dm-6" ino=72269434 scontext=u:r:untrusted_app:s0:c208,c257,c512,c768 tcontext=u:object_r:system_bootstrap_lib_file:s0 tclass=dir permissive=0 SEPF_SM-M546B_13_0001 audit_filtered
06-26 15:39:41.907   687   687 E audit   : type=1400 audit(1750963181.904:13130): avc:  denied  { search } for  pid=6200 comm="Thread-197" name="/" dev="dm-8" ino=38 scontext=u:r:untrusted_app:s0:c208,c257,c512,c768 tcontext=u:object_r:system_dlkm_file:s0 tclass=dir permissive=0 SEPF_SM-M546B_13_0001 audit_filtered
06-26 15:39:41.926   687   687 E audit   : type=1400 audit(1750963181.924:13131): avc:  denied  { getattr } for  pid=6200 comm="Thread-197" path="/system/lib64/bootstrap" dev="dm-6" ino=72090360 scontext=u:r:untrusted_app:s0:c208,c257,c512,c768 tcontext=u:object_r:system_bootstrap_lib_file:s0 tclass=dir permissive=0 SEPF_SM-M546B_13_0001 audit_filtered
06-26 15:39:47.121   745   779 E BatteryDump: !@new_battery_dump : 3632,-164,100,100,4,324,324,368,0,0,338,368,0,Charging,NO_CHARGING,Normal,Good,USB,1,Normal,0,0,9900,0x40000000,0x10000,0x0,0,0,0000,0000,00000000,0,0,0,0,452,3638,460,990,0,
06-26 15:39:47.175  1585  3003 E SecPowerUI.Notification: no saved value, so we do nothing !!
06-26 15:39:48.780  1130  1161 E Watchdog: !@Sync: 1210 heap: 136 / 139 FD: 1202 [2025-06-26 15:39:48.779]
06-26 15:39:57.211   745   779 E BatteryDump: !@new_battery_dump : 3634,-162,100,100,4,324,324,363,0,0,337,363,0,Charging,NO_CHARGING,Normal,Good,USB,1,Normal,0,0,9900,0x40000000,0x10000,0x0,0,0,0000,0000,00000000,0,0,0,0,452,3638,460,990,0,
06-26 15:39:57.252  1585  3200 E SecPowerUI.Notification: no saved value, so we do nothing !!
06-26 15:39:59.927  1130  4186 E KernelCpuUidFullTimeReader: Negative delta from freq time for uid: 90000, delta: -10773
06-26 15:39:59.927  1130  4186 E KernelCpuUidFullTimeReader: Negative delta from freq time for uid: 90001, delta: -3288
06-26 15:39:59.927  1130  4186 E KernelCpuUidFullTimeReader: Negative delta from freq time for uid: 90002, delta: -1222
06-26 15:39:59.927  1130  4186 E KernelCpuUidFullTimeReader: Negative delta from freq time for uid: 90003, delta: -6417
06-26 15:39:59.927  1130  4186 E KernelCpuUidFullTimeReader: Negative delta from freq time for uid: 90005, delta: -2118
06-26 15:39:59.927  1130  4186 E KernelCpuUidFullTimeReader: Negative delta from freq time for uid: 90007, delta: -866
06-26 15:39:59.927  1130  4186 E KernelCpuUidFullTimeReader: Negative delta from freq time for uid: 90008, delta: -5539
06-26 15:39:59.927  1130  4186 E KernelCpuUidFullTimeReader: Negative delta from freq time for uid: 90009, delta: -4387
06-26 15:39:59.927  1130  4186 E KernelCpuUidFullTimeReader: Negative delta from freq time for uid: 90010, delta: -7393
06-26 15:39:59.927  1130  4186 E KernelCpuUidFullTimeReader: Negative delta from freq time for uid: 90011, delta: -2507
06-26 15:39:59.927  1130  4186 E KernelCpuUidFullTimeReader: Negative delta from freq time for uid: 90012, delta: -1663
06-26 15:39:59.927  1130  4186 E KernelCpuUidFullTimeReader: Negative delta from freq time for uid: 90013, delta: -1817
06-26 15:39:59.927  1130  4186 E KernelCpuUidFullTimeReader: Negative delta from freq time for uid: 90014, delta: -2632
06-26 15:39:59.927  1130  4186 E KernelCpuUidFullTimeReader: Negative delta from freq time for uid: 90015, delta: -2147
06-26 15:39:59.927  1130  4186 E KernelCpuUidFullTimeReader: Negative delta from freq time for uid: 90016, delta: -286
06-26 15:39:59.927  1130  4186 E KernelCpuUidFullTimeReader: Negative delta from freq time for uid: 90018, delta: -46
06-26 15:39:59.927  1130  4186 E KernelCpuUidFullTimeReader: Negative delta from freq time for uid: 90019, delta: -1766
06-26 15:39:59.927  1130  4186 E KernelCpuUidFullTimeReader: Negative delta from freq time for uid: 90020, delta: -9181
06-26 15:40:06.085 31089 31102 E word_detector_0: RecordingActivityTracker(): binding to audio service failed, service up?
06-26 15:40:06.092   766  1126 E AudioEffectStageHandle: command DEAD_OBJECT
06-26 15:40:06.122 12916 16845 E msys    : E[N mccw.liger]onReadError(732)=>read/error - ex: AsyncSocketException: recv() failed (peer=57.144.164.36:5222), type = Internal error, errno = 103 (Software caused connection abort), errno: 103
06-26 15:40:06.125 12916 16745 E msys    : E[N WA]_WCCXMPPStreamDisconnectHandler(300)=>xmpp/disconnect - WCIStreamStateErrorCode: 2, domain: WCIStreamState, subdomain: MCCWLigerStream: Error Domain=WCIStreamState Code=2 UserInfo=0xb4000070d688b2b0 {MCFErrorDirectUnderlyingErrorKey=0xb400007166afba10 "Error Domain=MCCWLigerStream Code=2 UserInfo=0xb4000070d702a660 {MCFErrorDirectLocalizedFailureReasonKey=AsyncSocketException: recv() failed (peer=57.144.164.36:5222), type = Internal error, errno = 103 (Software caused connection abort)}"}
06-26 15:40:06.125 12916 16745 E msys    : E[N WA]_WCCConnectionDefaultLifecycleEventHandler(1968)=>[INFO] connection/xmpp/lifecycle_event/not-connected, [39.1892s]
06-26 15:40:06.125 12916 16745 E msys    : E[N WA]_WCCXMPPStreamDoDisconnect(1051)=>xmpp/disconnect - flags: 256
06-26 15:40:06.125 12916 16745 E msys    : E[N WA]_WCCConnectionDefaultDisconnectHandler(2066)=>connection/disconnected, peer reset
06-26 15:40:06.125 12916 16745 E msys    : E[N WA]_WCCConnectionDefaultEmitStateChange(2939)=>[INFO] connection/new_state/not-connected [connection_id=1038875555, wcc_source=1, wcc_reason=18]
06-26 15:40:06.129 12916 16745 E msys    : E[C 1]MCCLogErrorWithTraceOrQPL(274)=>8/374/3970/65536
06-26 15:40:06.130 12916 16745 E msys    : E[C 1]MCCLogErrorWithTraceOrQPL(274)=>8/374/3972/18
06-26 15:40:06.130 12916 16745 E msys    : E[C mem.context]_LogConnectFailure(4997)=>Establishing connection failure reason and flags: disconnect/Doze/-1/reason/18/flags/65536/[-, -, -, -, -, -, -, -, -, peer_reset, -]
06-26 15:40:06.131 12916 16745 E msys    : E[C mem.context]_LogConnectFailure(5031)=>[Happy Eyeball] Connect failed with source=1, winner stream ip=57.144.164.36, port=5222, dnsResolutionMethod=1, combined_ip_addresses=57.144.164.36
06-26 15:40:06.132 12916 16745 E msys    : E[N WA]_WCCConnectionDefaultDisconnectHandler(2091)=>[INFO] connection/disconnected/[did-connect, did-read-bytes]
06-26 15:40:06.133 12916 16745 E msys    : E[N WA]_WCCConnectionDefaultEmitStateChange(2939)=>[INFO] connection/new_state/connecting [connection_id=1038875556, wcc_source=1, wcc_reason=18]
06-26 15:40:06.145 12916 16745 E msys    : E[N WA]_WCCConnectionDefaultDoConnectWithAuthKeys(1436)=>[INFO] connection/connect/start/[host=z-p42-chat-e2ee-ig.facebook.com port=5222]/[57.144.164.36:5222]
06-26 15:40:06.145 12916 16745 E msys    : E[N WA]_WCCConnectionDefaultLifecycleEventHandler(1960)=>[INFO] connection/xmpp/lifecycle_event/will-connect
06-26 15:40:06.177 12916 16745 E msys    : E[N WA]_WCCConnectionDefaultLifecycleEventHandler(1968)=>[INFO] connection/xmpp/lifecycle_event/did-connect, [0.0318s]
06-26 15:40:06.183 12916 16745 E msys    : E[N WA]_WCCConnectionDefaultLifecycleEventHandler(1968)=>[INFO] connection/xmpp/lifecycle_event/did-send-initial-payload, [0.0055s]
06-26 15:40:06.344 12916 16745 E msys    : E[N WA]_WCCConnectionDefaultLifecycleEventHandler(1968)=>[INFO] connection/xmpp/lifecycle_event/will-handshake, [0.1601s]
06-26 15:40:06.346 12916 16745 E msys    : E[N WA]_WCCConnectionDefaultLifecycleEventHandler(1968)=>[INFO] connection/xmpp/lifecycle_event/did-handshake, [0.0022s]
06-26 15:40:06.354 12916 16745 E msys    : E[N WA]_WCCConnectionDefaultReceiveHandler(2120)=>[INFO] connection/receive/login-success
06-26 15:40:06.354 12916 16745 E msys    : E[N WA]_WCCConnectionDefaultEmitStateChange(2939)=>[INFO] connection/new_state/connected [connection_id=1038875556, wcc_source=1, wcc_reason=18]
06-26 15:40:07.010   687   687 E audit   : type=1400 audit(1750963207.008:13132): avc:  denied  { getattr } for  pid=6200 comm="Thread-202" path="/system/lib/bootstrap" dev="dm-6" ino=72269434 scontext=u:r:untrusted_app:s0:c208,c257,c512,c768 tcontext=u:object_r:system_bootstrap_lib_file:s0 tclass=dir permissive=0 SEPF_SM-M546B_13_0001 audit_filtered
06-26 15:40:07.015   687   687 E audit   : type=1400 audit(1750963207.012:13133): avc:  denied  { search } for  pid=6200 comm="Thread-202" name="/" dev="dm-8" ino=38 scontext=u:r:untrusted_app:s0:c208,c257,c512,c768 tcontext=u:object_r:system_dlkm_file:s0 tclass=dir permissive=0 SEPF_SM-M546B_13_0001 audit_filtered
06-26 15:40:07.034   687   687 E audit   : type=1400 audit(1750963207.032:13134): avc:  denied  { getattr } for  pid=6200 comm="Thread-202" path="/system/lib64/bootstrap" dev="dm-6" ino=72090360 scontext=u:r:untrusted_app:s0:c208,c257,c512,c768 tcontext=u:object_r:system_bootstrap_lib_file:s0 tclass=dir permissive=0 SEPF_SM-M546B_13_0001 audit_filtered
06-26 15:40:07.244   745   779 E BatteryDump: !@new_battery_dump : 3599,-672,100,100,4,325,324,366,0,0,335,366,0,Charging,NO_CHARGING,Normal,Good,USB,1,Normal,0,0,9900,0x40000000,0x10000,0x0,0,0,0000,0000,00000000,0,0,0,0,452,3638,460,990,0,
06-26 15:40:07.267  1585 19322 E SecPowerUI.Notification: no saved value, so we do nothing !!
06-26 15:40:17.309   745   779 E BatteryDump: !@new_battery_dump : 3644,-256,100,100,4,325,325,364,0,0,335,364,0,Charging,NO_CHARGING,Normal,Good,USB,1,Normal,0,0,9900,0x40000000,0x10000,0x0,0,0,0000,0000,00000000,0,0,0,0,452,3638,460,990,0,
06-26 15:40:17.351  1585 28102 E SecPowerUI.Notification: no saved value, so we do nothing !!
06-26 15:40:18.794  1130  1161 E Watchdog: !@Sync: 1211 heap: 126 / 139 FD: 1198 [2025-06-26 15:40:18.793]
06-26 15:40:21.352   687   687 E audit   : type=1400 audit(1750963221.348:13135): avc:  denied  { getattr } for  pid=6200 comm="Thread-203" path="/system/lib/bootstrap" dev="dm-6" ino=72269434 scontext=u:r:untrusted_app:s0:c208,c257,c512,c768 tcontext=u:object_r:system_bootstrap_lib_file:s0 tclass=dir permissive=0 SEPF_SM-M546B_13_0001 audit_filtered
06-26 15:40:21.357   687   687 E audit   : type=1400 audit(1750963221.352:13136): avc:  denied  { search } for  pid=6200 comm="Thread-203" name="/" dev="dm-8" ino=38 scontext=u:r:untrusted_app:s0:c208,c257,c512,c768 tcontext=u:object_r:system_dlkm_file:s0 tclass=dir permissive=0 SEPF_SM-M546B_13_0001 audit_filtered
06-26 15:40:21.361   687   687 E audit   : type=1400 audit(1750963221.360:13137): avc:  denied  { getattr } for  pid=6200 comm="Thread-203" path="/system/lib64/bootstrap" dev="dm-6" ino=72090360 scontext=u:r:untrusted_app:s0:c208,c257,c512,c768 tcontext=u:object_r:system_bootstrap_lib_file:s0 tclass=dir permissive=0 SEPF_SM-M546B_13_0001 audit_filtered
06-26 15:40:21.435   687   687 E audit   : type=1400 audit(1750963221.432:13138): avc:  denied  { read } for  pid=6200 comm="Thread-203" name="sdcard" dev="tmpfs" ino=36 scontext=u:r:untrusted_app:s0:c208,c257,c512,c768 tcontext=u:object_r:mnt_sdcard_file:s0 tclass=lnk_file permissive=0 SEPF_SM-M546B_13_0001 audit_filtered
06-26 15:40:27.358   745   779 E BatteryDump: !@new_battery_dump : 3644,-455,100,100,4,325,325,361,0,0,335,361,0,Charging,NO_CHARGING,Normal,Good,USB,1,Normal,0,0,9900,0x40000000,0x10000,0x0,0,0,0000,0000,00000000,0,0,0,0,452,3638,460,990,0,
06-26 15:40:27.387  1585 26930 E SecPowerUI.Notification: no saved value, so we do nothing !!
