06-26 15:39:02.924  1130  2619 V WindowManager: Collecting in transition 1475: ActivityRecord{d4fb270 u0 com.example.myapplication.debug/com.example.myapplication.SecondScreenActivity, caller=com.android.server.wm.Transition.collect:759 com.android.server.wm.TransitionController.collect:935 com.android.server.wm.ActivityStarter.startActivityUnchecked:2361 com.android.server.wm.ActivityStarter.executeRequest:1950 com.android.server.wm.ActivityStarter.execute:1090 
06-26 15:39:02.924  1130  2619 D ActivityTaskManager: TaskLaunchParamsModifier:task=null activity=ActivityRecord{d4fb270 u0 com.example.myapplication.debug/com.example.myapplication.SecondScreenActivity t-1} display-area-from-source=DefaultTaskDisplayArea_d0@254920689 display-id=0 task-display-area-windowing-mode=1 suggested-display-area=DefaultTaskDisplayArea_d0@254920689
06-26 15:39:02.925  1130  2619 D ActivityTaskManager: TaskLaunchParamsModifier:task=Task{33fc67 #4384 type=standard A=10594:com.example.myapplication.debug} activity=ActivityRecord{d4fb270 u0 com.example.myapplication.debug/com.example.myapplication.SecondScreenActivity t-1} display-area-from-source=DefaultTaskDisplayArea_d0@254920689 display-id=0 task-display-area-windowing-mode=1 suggested-display-area=DefaultTaskDisplayArea_d0@254920689 inherit-from-source=fullscreen non-freeform-task-display-area display-area=DefaultTaskDisplayArea_d0@254920689 default-portrait freeform-size-mismatch=Rect(81, 578 - 999, 1778)
06-26 15:39:02.925   780   958 I SurfaceFlinger: id=21682 createSurf, flag=84004, ActivityRecord{d4fb270 u0 com.example.myapplication.debug/com.example.myapplication.SecondScreenActivity t4384}#21682
06-26 15:39:02.928  1130  2619 V WindowManager: Collecting in transition 1475: ActivityRecord{d4fb270 u0 com.example.myapplication.debug/com.example.myapplication.SecondScreenActivity t4384}, caller=com.android.server.wm.Transition.collect:759 com.android.server.wm.Transition.collectExistenceChange:942 com.android.server.wm.TransitionController.collectExistenceChange:985 com.android.server.wm.ActivityStarter.handleStartResult:2542 com.android.server.wm.ActivityStarter.startActivityUnchecked:2369 
06-26 15:39:02.928  1130  2619 I ActivityTaskManager: START u0 {cmp=com.example.myapplication.debug/com.example.myapplication.SecondScreenActivity (has extras)} with LAUNCH_SINGLE_TOP from uid 10594 (BAL_ALLOW_VISIBLE_WINDOW) result code=0
06-26 15:39:02.930  1585  1643 V WindowManagerShell: Transition requested: android.os.BinderProxy@5024e78 TransitionRequestInfo { type = OPEN, triggerTask = TaskInfo{userId=0 taskId=4384 displayId=0 isRunning=true baseIntent=Intent { act=android.intent.action.MAIN cat=[android.intent.category.LAUNCHER] flg=0x10000000 cmp=com.example.myapplication.debug/com.example.myapplication.LoadingLoginActivity } baseActivity=ComponentInfo{com.example.myapplication.debug/com.example.myapplication.MainActivity} topActivity=ComponentInfo{com.example.myapplication.debug/com.example.myapplication.SecondScreenActivity} origActivity=null realActivity=ComponentInfo{com.example.myapplication.debug/com.example.myapplication.LoadingLoginActivity} numActivities=2 lastActiveTime=61939045 supportsMultiWindow=true resizeMode=1 isResizeable=true minWidth=-1 minHeight=-1 maxWidth=-1 maxHeight=-1 defaultMinSize=220 token=WCT{android.window.IWindowContainerToken$Stub$Proxy@eb42951} topActivityType=1 pictureInPictureParams=null shouldDockBigOverlays=false launchIntoPipHostTaskId=-1 lastParentTaskIdBeforePip=-1 displayCutoutSafeInsets=Rect(0, 92 - 0, 0) topActivityInfo=ActivityInfo{cf275b6 com.example.myapplication.SecondScreenActivity} launchCookies=[] positionInParent=Point(0, 0) parentTaskId=-1 isFocused=true isVisible=true isVisibleRequested=true isSleeping=false topActivityInSizeCompat=false topActivityEligibleForLetterboxEducation= false topActivityLetterboxed= false isFromDoubleTap= false topActivityLetterboxVerticalPosition= -1 topActivityLetterboxHorizontalPosition= -1 topActivityLetterboxWidth=-1 topActivityLetterboxHeight=-1 locusId=null displayAreaFeatureId=1 cameraCompatControlState=hidden originallySupportedMultiWindow=true hasWallpaper=false topActivityInFixedAspectRatio=false rootAffinity=10594:com.example.myapplication.debug topActivityInDisplayCompat=false topActivityInBoundsCompat=false topActivityBounds=null singleTapFromLetterbox=false isTopTaskInStage=false topActivityUiMode=33 CoverLauncherWidgetTask=false CoverScreenTask=false isAllowedSeamlessRotation=false isTopTransparentActivity=false hasPopOver=false}, remoteTransition = null, displayChange = null }
06-26 15:39:02.931  1130  4186 V WindowManager: Collecting in transition 1475: ActivityRecord{d4fb270 u0 com.example.myapplication.debug/com.example.myapplication.SecondScreenActivity t4384}, caller=com.android.server.wm.Transition.collect:759 com.android.server.wm.TransitionController.collect:935 com.android.server.wm.ActivityRecord.setVisibility:6348 com.android.server.wm.ActivityRecord.setVisibility:6300 com.android.server.wm.ActivityRecord.makeVisibleIfNeeded:7102 
06-26 15:39:02.940  1130  4186 D WindowManager: rotationForOrientation, orientationSource=ActivityRecord{d4fb270 u0 com.example.myapplication.debug/com.example.myapplication.SecondScreenActivity t4384}
06-26 15:39:02.940  1130  4186 D WindowManager: rotationForOrientation, orientationSource=ActivityRecord{d4fb270 u0 com.example.myapplication.debug/com.example.myapplication.SecondScreenActivity t4384}
06-26 15:39:02.940  1130  4186 D WindowManager: rotationForOrientation, orientationSource=ActivityRecord{d4fb270 u0 com.example.myapplication.debug/com.example.myapplication.SecondScreenActivity t4384}
06-26 15:39:02.945  1130  4186 V WindowManager: Collecting in transition 1475: ActivityRecord{d4fb270 u0 com.example.myapplication.debug/com.example.myapplication.SecondScreenActivity t4384}, caller=com.android.server.wm.Transition.collect:759 com.android.server.wm.TransitionController.collect:935 com.android.server.wm.ActivityRecord.setVisibility:6348 com.android.server.wm.ActivityRecord.setVisibility:6300 com.android.server.wm.ActivityTaskSupervisor.realStartActivityLocked:941 
06-26 15:39:02.954  1130  4186 D InputDispatcher: Focused application(0): ActivityRecord{d4fb270 u0 com.example.myapplication.debug/com.example.myapplication.SecondScreenActivity t4384}
06-26 15:39:02.955  1130  4186 D ActivityTaskManager: scheduleTopResumedActivityChanged, onTop=true, r=ActivityRecord{d4fb270 u0 com.example.myapplication.debug/com.example.myapplication.SecondScreenActivity t4384}, caller=com.android.server.wm.ActivityTaskSupervisor.scheduleTopResumedActivityStateIfNeeded:2857 com.android.server.wm.ActivityTaskSupervisor.updateTopResumedActivityIfNeeded:2849 com.android.server.wm.TaskFragment.setResumedActivity:579 com.android.server.wm.TaskFragment.onActivityStateChanged:903 com.android.server.wm.ActivityRecord.setState:6811 com.android.server.wm.Task.minimalResumeActivityLocked:6192 
06-26 15:39:02.956  1130  4186 V WindowManager: Collecting in transition 1475: ActivityRecord{d4fb270 u0 com.example.myapplication.debug/com.example.myapplication.SecondScreenActivity t4384}, caller=com.android.server.wm.Transition.collect:759 com.android.server.wm.TransitionController.collect:935 com.android.server.wm.ActivityRecord.setVisibility:6348 com.android.server.wm.ActivityRecord.setVisibility:6300 com.android.server.wm.ActivityRecord.completeResumeLocked:7395 
06-26 15:39:02.956  1130  4186 D WindowManagerServiceExt: notifyOccludeChangeNotice: cn=ComponentInfo{com.example.myapplication.debug/com.example.myapplication.SecondScreenActivity} occludesParent=true isInSplitScreenMode=false styleFloating=false caller=com.android.server.wm.ActivityRecord.completeResumeLocked:7452 com.android.server.wm.Task.minimalResumeActivityLocked:6193 com.android.server.wm.ActivityTaskSupervisor.realStartActivityLocked:1158 com.android.server.wm.ActivityTaskSupervisor.startSpecificActivity:1267 com.android.server.wm.TaskFragment.resumeTopActivity:1885 
06-26 15:39:02.958  1130  4186 D WindowManager: SyncGroup 1475:  Unfinished container: ActivityRecord{d4fb270 u0 com.example.myapplication.debug/com.example.myapplication.SecondScreenActivity t4384} mSyncState=2
06-26 15:39:03.002  9075  9075 D SecondScreen: onCreate chamado
06-26 15:39:03.101  9075  9075 D SecondScreen: ClienteDbHelper inicializado com sucesso
06-26 15:39:03.101  9075  9075 D SecondScreen: Room Database inicializado com sucesso
06-26 15:39:03.110  9075  9075 D SecondScreen: Carregando fatura do banco de dados com ID: 1
06-26 15:39:03.111  9075  9075 D SecondScreen: Nome do cliente carregado do banco: NSN EMPRESA MAKE MARKETING PROMOCIONAL LTDA
06-26 15:39:03.112  9075  9075 W SecondScreen: Cliente NSN EMPRESA MAKE MARKETING PROMOCIONAL LTDA n+úo encontrado na tabela 'clientes' para obter ID.
06-26 15:39:03.112  9075  9075 D SecondScreen: N+¦mero da fatura carregado: #0001
06-26 15:39:03.112  9075  9075 D SecondScreen: Carregando artigos do banco: 1,newhhw665ygv1261e43,1,0.1,,
06-26 15:39:03.114  9075  9075 D SecondScreen: Artigos carregados com sucesso do banco: 1 itens
06-26 15:39:03.115  9075  9075 D SecondScreen: Fotos carregadas do banco para fatura ID 1: 0 itens
06-26 15:39:03.115  9075  9075 D SecondScreen: Nenhuma nota espec+¡fica no banco para fatura ID 1. Carregando notas padr+úo.
06-26 15:39:03.115  9075  9075 D SecondScreen: Carregando notas padr+úo do SharedPreferences (NotasPrefs): 
06-26 15:39:03.115  9075  9075 D SecondScreen: Nenhuma nota padr+úo encontrada no SharedPreferences (NotasPrefs).
06-26 15:39:03.115  9075  9075 D SecondScreen: NotaAdapter (espec+¡ficas da fatura) notificado, tamanho da lista: 0
06-26 15:39:03.115  9075  9075 D SecondScreen: Calculando subtotal. Base Subtotal (soma dos pre+ºos dos artigos): 0.1
06-26 15:39:03.116  9075  9075 D SecondScreen: Desconto (valor num+®rico): 0.0, isPercent=false, Desconto calculado (descontoValor): 0.0
06-26 15:39:03.117  9075  9075 D SecondScreen: Texto do desconto (UI): (R$ 0,00)
06-26 15:39:03.118  9075  9075 D SecondScreen: Taxa de entrega (UI): R$ 0,00
06-26 15:39:03.118  9075  9075 D SecondScreen: Saldo devedor calculado (UI): R$ 0,10
06-26 15:39:03.131  1130  4390 D WindowManager: prepareSync <SYNC_STATE_WAITING_FOR_DRAW>, mPrepareSyncSeqId=0, win=Window{e31e68c u0 com.example.myapplication.debug/com.example.myapplication.SecondScreenActivity}
06-26 15:39:03.131   780   956 I SurfaceFlinger: id=21683 createSurf, flag=84004, e31e68c com.example.myapplication.debug/com.example.myapplication.SecondScreenActivity#21683
06-26 15:39:03.135  9075  9075 I InsetsController: onStateChanged: host=com.example.myapplication.debug/com.example.myapplication.SecondScreenActivity, from=android.view.ViewRootImpl.setView:1753, state=InsetsState: {mDisplayFrame=Rect(0, 0 - 1080, 2400), mDisplayCutout=DisplayCutout{insets=Rect(0, 92 - 0, 0) waterfall=Insets{left=0, top=0, right=0, bottom=0} boundingRect={Bounds=[Rect(0, 0 - 0, 0), Rect(507, 0 - 573, 92), Rect(0, 0 - 0, 0), Rect(0, 0 - 0, 0)]} cutoutPathParserInfo={CutoutPathParserInfo{displayWidth=1080 displayHeight=2400 physicalDisplayWidth=1080 physicalDisplayHeight=2400 density={2.8125} cutoutSpec={M 0,0 H -11.73333333333333 V 32.71111111111111 H 11.73333333333333 V 0 H 0 Z @dp} rotation={0} scale={1.0} physicalPixelDisplaySizeRatio={1.0}}}}, mRoundedCorners=RoundedCorners{[RoundedCorner{position=TopLeft, radius=0, center=Point(0, 0)}, RoundedCorner{position=TopRight, radius=0, center=Point(0, 0)}, RoundedCorner{position=BottomRight, radius=0, center=Point(0, 0)}, RoundedCorner{position=BottomLeft, radius=0, center=Point(0, 0)}]}  mRoundedCornerFrame=Rect(0, 0 - 1080, 2400), mPrivacyIndicatorBounds=PrivacyIndicatorBounds {static bounds=Rect(956, 0 - 1080, 92) rotation=0}, mDisplayShape=DisplayShape{ spec=-311912193 displayWidth=1080 displayHeight=2400 physicalPixelDisplaySizeRatio=1.0 rotation=0 offsetX=0 offsetY=0 scale=1.0}, mSources= { InsetsSource: {c4ee0001 mType=navigationBars mFrame=[0,2265][1080,2400] mVisible=true mFlags=[]}, InsetsSource: {c4ee0004 mType=systemGestures mFrame=[0,0][0,0] mVisible=true mFlags=[]}, InsetsSource: {c4ee0005 mType=mandatorySystemGestures mFrame=[0,2265][1080,2400] mVisible=true mFlags=[]}, InsetsSource: {c4ee0006 mType=tappableElement mFrame=[0,2265][1080,2400] mVisible=true mFlags=[]}, InsetsSource: {c4ee0024 mType=systemGestures mFrame=[0,0][0,0] mVisible=true mFlags=[]}, InsetsSource: {27 mType=displayCutout mFrame=[0,0][1080,92] mVisible=true mFlags=[]}, InsetsSource: {78af0000 mType=statusBars mFrame=[0,0][1080,92] mVisible=true mFlags=[]}, InsetsSource: {78af0005 mType=mandatorySystemGestures mFrame=[0,0][1080,126] mVisible=true mFlags=[]}, InsetsSource: {78af0006 mType=tappableElement mFrame=[0,0][1080,92] mVisible=true mFlags=[]} }
06-26 15:39:03.136  9075  9075 I ViewRootImpl@d16b452[SecondScreenActivity]: synced displayState. AttachInfo displayState=2
06-26 15:39:03.136  9075  9075 I ViewRootImpl@d16b452[SecondScreenActivity]: setView = com.android.internal.policy.DecorView@87ddd9 TM=true
06-26 15:39:03.148  1130  4186 D CoreBackPreview: Window{e31e68c u0 com.example.myapplication.debug/com.example.myapplication.SecondScreenActivity}: Setting back callback OnBackInvokedCallbackInfo{mCallback=android.window.IOnBackInvokedCallback$Stub$Proxy@79bddea, mPriority=0, mIsAnimationCallback=false}
06-26 15:39:03.239  1130  4186 V WindowManager: Relayout Window{e31e68c u0 com.example.myapplication.debug/com.example.myapplication.SecondScreenActivity}: viewVisibility=0 req=1080x2400 ty=1 d0
06-26 15:39:03.240   780   956 I SurfaceFlinger: id=21684 createSurf, flag=44004, com.example.myapplication.debug/com.example.myapplication.SecondScreenActivity$_9075#21684
06-26 15:39:03.241  1130  4186 D WindowManager: makeSurface duration=1 name=com.example.myapplication.debug/com.example.myapplication.SecondScreenActivity$_9075
06-26 15:39:03.243  1130  4186 D WindowManager: SyncGroup 1475:  Unfinished container: ActivityRecord{d4fb270 u0 com.example.myapplication.debug/com.example.myapplication.SecondScreenActivity t4384} mSyncState=2
06-26 15:39:03.243  1130  4186 V WindowManager: Changing focus from null to Window{e31e68c u0 com.example.myapplication.debug/com.example.myapplication.SecondScreenActivity} displayId=0 Callers=com.android.server.wm.RootWindowContainer.updateFocusedWindowLocked:578 com.android.server.wm.WindowManagerService.updateFocusedWindowLocked:6833 com.android.server.wm.WindowManagerService.relayoutWindow:2755 com.android.server.wm.Session.relayout:282 
06-26 15:39:03.246  1130  4186 D InsetsSourceProvider: updateControlForTarget: control=InsetsSourceControl: {78af0000 mType=statusBars initiallyVisible mSurfacePosition=Point(0, 0) mInsetsHint=Insets{left=0, top=92, right=0, bottom=0}}, target=Window{e31e68c u0 com.example.myapplication.debug/com.example.myapplication.SecondScreenActivity}, from=com.android.server.wm.InsetsStateController.onControlTargetChanged:358 com.android.server.wm.InsetsStateController.onBarControlTargetChanged:324 com.android.server.wm.InsetsPolicy.updateBarControlTarget:173 com.android.server.wm.InsetsPolicy.updateSystemBars:805 com.android.server.wm.DisplayPolicy.updateSystemBarsLw:3425 
06-26 15:39:03.247  1130  4186 D InsetsSourceProvider: updateControlForTarget: control=InsetsSourceControl: {c4ee0001 mType=navigationBars initiallyVisible mSurfacePosition=Point(0, 2265) mInsetsHint=Insets{left=0, top=0, right=0, bottom=135}}, target=Window{e31e68c u0 com.example.myapplication.debug/com.example.myapplication.SecondScreenActivity}, from=com.android.server.wm.InsetsStateController.onControlTargetChanged:358 com.android.server.wm.InsetsStateController.onBarControlTargetChanged:327 com.android.server.wm.InsetsPolicy.updateBarControlTarget:173 com.android.server.wm.InsetsPolicy.updateSystemBars:805 com.android.server.wm.DisplayPolicy.updateSystemBarsLw:3425 
06-26 15:39:03.252  9075  9075 I InsetsController: onStateChanged: host=com.example.myapplication.debug/com.example.myapplication.SecondScreenActivity, from=android.view.ViewRootImpl.relayoutWindow:10072, state=InsetsState: {mDisplayFrame=Rect(0, 0 - 1080, 2400), mDisplayCutout=DisplayCutout{insets=Rect(0, 92 - 0, 0) waterfall=Insets{left=0, top=0, right=0, bottom=0} boundingRect={Bounds=[Rect(0, 0 - 0, 0), Rect(507, 0 - 573, 92), Rect(0, 0 - 0, 0), Rect(0, 0 - 0, 0)]} cutoutPathParserInfo={CutoutPathParserInfo{displayWidth=1080 displayHeight=2400 physicalDisplayWidth=1080 physicalDisplayHeight=2400 density={2.8125} cutoutSpec={M 0,0 H -11.73333333333333 V 32.71111111111111 H 11.73333333333333 V 0 H 0 Z @dp} rotation={0} scale={1.0} physicalPixelDisplaySizeRatio={1.0}}}}, mRoundedCorners=RoundedCorners{[RoundedCorner{position=TopLeft, radius=0, center=Point(0, 0)}, RoundedCorner{position=TopRight, radius=0, center=Point(0, 0)}, RoundedCorner{position=BottomRight, radius=0, center=Point(0, 0)}, RoundedCorner{position=BottomLeft, radius=0, center=Point(0, 0)}]}  mRoundedCornerFrame=Rect(0, 0 - 1080, 2400), mPrivacyIndicatorBounds=PrivacyIndicatorBounds {static bounds=Rect(956, 0 - 1080, 92) rotation=0}, mDisplayShape=DisplayShape{ spec=-311912193 displayWidth=1080 displayHeight=2400 physicalPixelDisplaySizeRatio=1.0 rotation=0 offsetX=0 offsetY=0 scale=1.0}, mSources= { InsetsSource: {c4ee0001 mType=navigationBars mFrame=[0,2265][1080,2400] mVisible=true mFlags=[]}, InsetsSource: {c4ee0004 mType=systemGestures mFrame=[0,0][0,0] mVisible=true mFlags=[]}, InsetsSource: {c4ee0005 mType=mandatorySystemGestures mFrame=[0,2265][1080,2400] mVisible=true mFlags=[]}, InsetsSource: {c4ee0006 mType=tappableElement mFrame=[0,2265][1080,2400] mVisible=true mFlags=[]}, InsetsSource: {c4ee0024 mType=systemGestures mFrame=[0,0][0,0] mVisible=true mFlags=[]}, InsetsSource: {3 mType=ime mFrame=[0,0][0,0] mVisible=false mFlags=[]}, InsetsSource: {27 mType=displayCutout mFrame=[0,0][1080,92] mVisible=true mFlags=[]}, InsetsSource: {78af0000 mType=statusBars mFrame=[0,0][1080,92] mVisible=true mFlags=[]}, InsetsSource: {78af0005 mType=mandatorySystemGestures mFrame=[0,0][1080,126] mVisible=true mFlags=[]}, InsetsSource: {78af0006 mType=tappableElement mFrame=[0,0][1080,92] mVisible=true mFlags=[]} }
06-26 15:39:03.253  9075  9075 I BLASTBufferQueue_Java: new BLASTBufferQueue, mName= ViewRootImpl@d16b452[SecondScreenActivity] mNativeObject= 0xb4000070568092b0 sc.mNativeObject= 0xb4000071d67efa10 caller= android.view.ViewRootImpl.updateBlastSurfaceIfNeeded:3028 android.view.ViewRootImpl.relayoutWindow:10131 android.view.ViewRootImpl.performTraversals:4110 android.view.ViewRootImpl.doTraversal:3288 android.view.ViewRootImpl$TraversalRunnable.run:11344 android.view.Choreographer$CallbackRecord.run:1689 android.view.Choreographer$CallbackRecord.run:1698 android.view.Choreographer.doCallbacks:1153 android.view.Choreographer.doFrame:1079 android.view.Choreographer$FrameDisplayEventReceiver.run:1646 
06-26 15:39:03.254  9075  9075 I BLASTBufferQueue_Java: update, w= 1080 h= 2400 mName = ViewRootImpl@d16b452[SecondScreenActivity] mNativeObject= 0xb4000070568092b0 sc.mNativeObject= 0xb4000071d67efa10 format= -1 caller= android.graphics.BLASTBufferQueue.<init>:89 android.view.ViewRootImpl.updateBlastSurfaceIfNeeded:3028 android.view.ViewRootImpl.relayoutWindow:10131 android.view.ViewRootImpl.performTraversals:4110 android.view.ViewRootImpl.doTraversal:3288 android.view.ViewRootImpl$TraversalRunnable.run:11344 
06-26 15:39:03.254  9075  9075 I ViewRootImpl@d16b452[SecondScreenActivity]: Relayout returned: old=(0,0,1080,2400) new=(0,0,1080,2400) relayoutAsync=false req=(1080,2400)0 dur=14 res=0x403 s={true 0xb4000071c6871070} ch=true seqId=0
06-26 15:39:03.255  9075  9075 I ViewRootImpl@d16b452[SecondScreenActivity]: performConfigurationChange setNightDimText nightDimLevel=0
06-26 15:39:03.255  9075  9075 D ViewRootImpl@d16b452[SecondScreenActivity]: mThreadedRenderer.initialize() mSurface={isValid=true 0xb4000071c6871070} hwInitialized=true
06-26 15:39:03.260  1130  2619 D InputDispatcher: Focus request (0): e31e68c com.example.myapplication.debug/com.example.myapplication.SecondScreenActivity but waiting because NO_WINDOW
06-26 15:39:03.300  9075  9075 D ViewRootImpl@d16b452[SecondScreenActivity]: reportNextDraw android.view.ViewRootImpl.performTraversals:4718 android.view.ViewRootImpl.doTraversal:3288 android.view.ViewRootImpl$TraversalRunnable.run:11344 android.view.Choreographer$CallbackRecord.run:1689 android.view.Choreographer$CallbackRecord.run:1698 
06-26 15:39:03.300  9075  9075 I ViewRootImpl@d16b452[SecondScreenActivity]: Setup new sync=wmsSync-ViewRootImpl@d16b452[SecondScreenActivity]#4
06-26 15:39:03.301  9075  9075 I ViewRootImpl@d16b452[SecondScreenActivity]: Creating new active sync group ViewRootImpl@d16b452[SecondScreenActivity]#5
06-26 15:39:03.301  9075  9075 I ViewRootImpl@d16b452[SecondScreenActivity]: registerCallbacksForSync syncBuffer=false
06-26 15:39:03.309  9075  9157 I ViewRootImpl@d16b452[SecondScreenActivity]: Received frameDrawingCallback syncResult=0 frameNum=1.
06-26 15:39:03.309  9075  9157 I ViewRootImpl@d16b452[SecondScreenActivity]: mWNT: t=0xb40000701681cc90 mBlastBufferQueue=0xb4000070568092b0 fn= 1 mRenderHdrSdrRatio=1.0 caller= android.view.ViewRootImpl$8.onFrameDraw:13841 android.view.ThreadedRenderer$1.onFrameDraw:792 <bottom of call stack> 
06-26 15:39:03.309  9075  9157 I ViewRootImpl@d16b452[SecondScreenActivity]: Setting up sync and frameCommitCallback
06-26 15:39:03.314  9075  9141 I BLASTBufferQueue: [ViewRootImpl@d16b452[SecondScreenActivity]#2](f:0,a:0,s:0) onFrameAvailable the first frame is available
06-26 15:39:03.315  9075  9141 I ViewRootImpl@d16b452[SecondScreenActivity]: Received frameCommittedCallback lastAttemptedDrawFrameNum=1 didProduceBuffer=true
06-26 15:39:03.316  9075  9075 I ViewRootImpl@d16b452[SecondScreenActivity]: reportDrawFinished seqId=0
06-26 15:39:03.317  1130  4186 D WindowManager: finishDrawingWindow: Window{e31e68c u0 com.example.myapplication.debug/com.example.myapplication.SecondScreenActivity} mDrawState=DRAW_PENDING seqId=0
06-26 15:39:03.319  9075  9075 I InsetsSourceConsumer: applyRequestedVisibilityToControl: visible=true, type=statusBars, host=com.example.myapplication.debug/com.example.myapplication.SecondScreenActivity
06-26 15:39:03.319  1130  1159 V WindowManager: performShowLocked: mDrawState=HAS_DRAWN in Window{e31e68c u0 com.example.myapplication.debug/com.example.myapplication.SecondScreenActivity}
06-26 15:39:03.320  1130  1159 V WindowManager: Start calculating TransitionInfo based on participants: {ActivityRecord{ca6218 u0 com.example.myapplication.debug/com.example.myapplication.MainActivity t4384}, ActivityRecord{d4fb270 u0 com.example.myapplication.debug/com.example.myapplication.SecondScreenActivity t4384}}
06-26 15:39:03.320  9075  9075 I InsetsSourceConsumer: applyRequestedVisibilityToControl: visible=true, type=navigationBars, host=com.example.myapplication.debug/com.example.myapplication.SecondScreenActivity
06-26 15:39:03.320  1130  1159 V WindowManager:   Final targets: [ActivityRecord{d4fb270 u0 com.example.myapplication.debug/com.example.myapplication.SecondScreenActivity t4384}, ActivityRecord{ca6218 u0 com.example.myapplication.debug/com.example.myapplication.MainActivity t4384}]
06-26 15:39:03.320   780   958 I SurfaceFlinger: id=21687 createSurf, flag=84004, Transition Root: ActivityRecord{d4fb270 u0 com.example.myapplication.debug/com.example.myapplication.SecondScreenActivity t4384}#21687
06-26 15:39:03.321  1130  1159 I SurfaceControl: show, t=StartTransaction_SyncId<1475>, sc=Surface(name=ActivityRecord{d4fb270 u0 com.example.myapplication.debug/com.example.myapplication.SecondScreenActivity t4384})/@0xd63cecb, caller=com.android.server.wm.Transition.onTransactionReady:1992 com.android.server.wm.BLASTSyncEngine$SyncGroup.finishNow:315 com.android.server.wm.BLASTSyncEngine$SyncGroup.tryFinish:242 com.android.server.wm.BLASTSyncEngine$SyncGroup.-$$Nest$mtryFinish:0 com.android.server.wm.BLASTSyncEngine.onSurfacePlacement:675 com.android.server.wm.RootWindowContainer.performSurfacePlacementNoTrace:990 
06-26 15:39:03.322  1130  1159 V WindowManager:         {null m=OPEN f=FILLS_TASK|IS_ACTIVITY leash=Surface(name=ActivityRecord{d4fb270 u0 com.example.myapplication.debug/com.example.myapplication.SecondScreenActivity t4384})/@0xd63cecb sb=Rect(0, 0 - 0, 0) eb=Rect(0, 0 - 1080, 2400) d=-1->0 r=-1->0:-1 dim=true inset=Rect(0, 0 - 0, 0)},
06-26 15:39:03.323  1130  1155 I ActivityTaskManager: Displayed com.example.myapplication.debug/com.example.myapplication.SecondScreenActivity for user 0: +394ms
06-26 15:39:03.324   780   958 I SurfaceFlinger: id=21688 createSurf, flag=84000, edb0a22 ActivityRecordInputSink com.example.myapplication.debug/com.example.myapplication.SecondScreenActivity#21688
06-26 15:39:03.324  1585  1643 V WindowManagerShell: onTransitionReady android.os.BinderProxy@5024e78: {id=1475 t=OPEN f=0x0 trk=0 r=[0@Point(0, 0)] c=[{null m=OPEN f=FILLS_TASK|IS_ACTIVITY leash=Surface(name=ActivityRecord{d4fb270 u0 com.example.myapplication.debug/com.example.myapplication.SecondScreenActivity t4384})/@0x3ddc2b7 sb=Rect(0, 0 - 0, 0) eb=Rect(0, 0 - 1080, 2400) d=-1->0 r=-1->0:-1 dim=true inset=Rect(0, 0 - 0, 0)},{null m=TO_BACK f=FILLS_TASK|IS_ACTIVITY leash=Surface(name=ActivityRecord{ca6218 u0 com.example.myapplication.debug/com.example.myapplication.MainActivity t4384})/@0x749da24 sb=Rect(0, 0 - 1080, 2400) eb=Rect(0, 0 - 1080, 2400) d=0 inset=Rect(0, 0 - 0, 0)}]}
06-26 15:39:03.325  1585  1643 I SurfaceControl: show, t=StartTransaction_SyncId<1475>, sc=Surface(name=ActivityRecord{d4fb270 u0 com.example.myapplication.debug/com.example.myapplication.SecondScreenActivity t4384})/@0x3ddc2b7, caller=com.android.wm.shell.transition.Transitions.dispatchReady:687 com.android.wm.shell.transition.Transitions.onTransitionReady:119 com.android.wm.shell.transition.Transitions$TransitionPlayerImpl$$ExternalSyntheticLambda0.run:13 android.os.Handler.handleCallback:958 android.os.Handler.dispatchMessage:99 android.os.Looper.loopOnce:230 
06-26 15:39:03.325  1585  1643 I SurfaceControl: show, t=FinishTransaction_SyncId<1475>, sc=Surface(name=ActivityRecord{d4fb270 u0 com.example.myapplication.debug/com.example.myapplication.SecondScreenActivity t4384})/@0x3ddc2b7, caller=com.android.wm.shell.transition.Transitions.dispatchReady:744 com.android.wm.shell.transition.Transitions.onTransitionReady:119 com.android.wm.shell.transition.Transitions$TransitionPlayerImpl$$ExternalSyntheticLambda0.run:13 android.os.Handler.handleCallback:958 android.os.Handler.dispatchMessage:99 android.os.Looper.loopOnce:230 
06-26 15:39:03.325  1585  1643 I SurfaceControl: show, t=StartTransaction_SyncId<1475>, sc=Surface(name=Transition Root: ActivityRecord{d4fb270 u0 com.example.myapplication.debug/com.example.myapplication.SecondScreenActivity t4384})/@0x6c1098d, caller=com.android.wm.shell.transition.Transitions.playTransition:80 com.android.wm.shell.transition.Transitions.processReadyQueue:195 com.android.wm.shell.transition.Transitions.dispatchReady:762 com.android.wm.shell.transition.Transitions.onTransitionReady:119 com.android.wm.shell.transition.Transitions$TransitionPlayerImpl$$ExternalSyntheticLambda0.run:13 android.os.Handler.handleCallback:958 
06-26 15:39:03.325  1130  1155 V WindowManager: Sent Transition #1475 createdAt=06-26 15:39:02.924 via request=TransitionRequestInfo { type = OPEN, triggerTask = TaskInfo{userId=0 taskId=4384 displayId=0 isRunning=true baseIntent=Intent { act=android.intent.action.MAIN cat=[android.intent.category.LAUNCHER] flg=0x10000000 cmp=com.example.myapplication.debug/com.example.myapplication.LoadingLoginActivity } baseActivity=ComponentInfo{com.example.myapplication.debug/com.example.myapplication.MainActivity} topActivity=ComponentInfo{com.example.myapplication.debug/com.example.myapplication.SecondScreenActivity} origActivity=null realActivity=ComponentInfo{com.example.myapplication.debug/com.example.myapplication.LoadingLoginActivity} numActivities=2 lastActiveTime=61939045 supportsMultiWindow=true resizeMode=1 isResizeable=true minWidth=-1 minHeight=-1 maxWidth=-1 maxHeight=-1 defaultMinSize=220 token=WCT{RemoteToken{f67c41f Task{33fc67 #4384 type=standard A=10594:com.example.myapplication.debug}}} topActivityType=1 pictureInPictureParams=null shouldDockBigOverlays=false launchIntoPipHostTaskId=-1 lastParentTaskIdBeforePip=-1 displayCutoutSafeInsets=Rect(0, 92 - 0, 0) topActivityInfo=ActivityInfo{ea805c1 com.example.myapplication.SecondScreenActivity} launchCookies=[] positionInParent=Point(0, 0) parentTaskId=-1 isFocused=true isVisible=true isVisibleRequested=true isSleeping=false topActivityInSizeCompat=false topActivityEligibleForLetterboxEducation= false topActivityLetterboxed= false isFromDoubleTap= false topActivityLetterboxVerticalPosition= -1 topActivityLetterboxHorizontalPosition= -1 topActivityLetterboxWidth=-1 topActivityLetterboxHeight=-1 locusId=null displayAreaFeatureId=1 cameraCompatControlState=hidden originallySupportedMultiWindow=true hasWallpaper=false topActivityInFixedAspectRatio=false rootAffinity=10594:com.example.myapplication.debug topActivityInDisplayCompat=false topActivityInBoundsCompat=false topActivityBounds=null singleTapFromLetterbox=false isTopTaskInStage=false topActivityUiMode=33 CoverLauncherWidgetTask=false CoverScreenTask=false isAllowedSeamlessRotation=false isTopTransparentActivity=false hasPopOver=false}, remoteTransition = null, displayChange = null }
06-26 15:39:03.325  1585  1643 V WindowManagerShell: Transition doesn't have explicit remote, search filters for match for {id=1475 t=OPEN f=0x0 trk=0 r=[0@Point(0, 0)] c=[{null m=OPEN f=FILLS_TASK|IS_ACTIVITY leash=Surface(name=ActivityRecord{d4fb270 u0 com.example.myapplication.debug/com.example.myapplication.SecondScreenActivity t4384})/@0x3ddc2b7 sb=Rect(0, 0 - 0, 0) eb=Rect(0, 0 - 1080, 2400) d=-1->0 r=-1->0:-1 dim=true inset=Rect(0, 0 - 0, 0)},{null m=TO_BACK f=FILLS_TASK|IS_ACTIVITY leash=Surface(name=ActivityRecord{ca6218 u0 com.example.myapplication.debug/com.example.myapplication.MainActivity t4384})/@0x749da24 sb=Rect(0, 0 - 1080, 2400) eb=Rect(0, 0 - 1080, 2400) d=0 inset=Rect(0, 0 - 0, 0)}]}
06-26 15:39:03.326  1585  1643 V WindowManagerShell: start default transition animation, info = {id=1475 t=OPEN f=0x0 trk=0 r=[0@Point(0, 0)] c=[{null m=OPEN f=FILLS_TASK|IS_ACTIVITY leash=Surface(name=ActivityRecord{d4fb270 u0 com.example.myapplication.debug/com.example.myapplication.SecondScreenActivity t4384})/@0x3ddc2b7 sb=Rect(0, 0 - 0, 0) eb=Rect(0, 0 - 1080, 2400) d=-1->0 r=-1->0:-1 dim=true inset=Rect(0, 0 - 0, 0)},{null m=TO_BACK f=FILLS_TASK|IS_ACTIVITY leash=Surface(name=ActivityRecord{ca6218 u0 com.example.myapplication.debug/com.example.myapplication.MainActivity t4384})/@0x749da24 sb=Rect(0, 0 - 1080, 2400) eb=Rect(0, 0 - 1080, 2400) d=0 inset=Rect(0, 0 - 0, 0)}]}
06-26 15:39:03.327  1130  1155 V WindowManager:         {null m=OPEN f=FILLS_TASK|IS_ACTIVITY leash=Surface(name=ActivityRecord{d4fb270 u0 com.example.myapplication.debug/com.example.myapplication.SecondScreenActivity t4384})/@0xd63cecb sb=Rect(0, 0 - 0, 0) eb=Rect(0, 0 - 1080, 2400) d=-1->0 r=-1->0:-1 dim=true inset=Rect(0, 0 - 0, 0)},
06-26 15:39:03.337   780   956 I SurfaceFlinger: id=21692 createSurf, flag=20004, DimTransitionLayer for Surface(name=ActivityRecord{d4fb270 u0 com.example.myapplication.debug/com.example.myapplication.SecondScreenActivity t4384})/@0x3ddc2b7#21692
06-26 15:39:03.338  1585  1643 I SurfaceControl: show, t=StartTransaction_SyncId<1475>, sc=Surface(name=DimTransitionLayer for Surface(name=ActivityRecord{d4fb270 u0 com.example.myapplication.debug/com.example.myapplication.SecondScreenActivity t4384})/@0x3ddc2b7)/@0xd696c9a, caller=com.android.wm.shell.transition.DefaultTransitionHandler.startAnimation:2970 com.android.wm.shell.transition.Transitions.dispatchTransition:80 com.android.wm.shell.transition.Transitions.playTransition:793 com.android.wm.shell.transition.Transitions.processReadyQueue:195 com.android.wm.shell.transition.Transitions.dispatchReady:762 com.android.wm.shell.transition.Transitions.onTransitionReady:119 
06-26 15:39:03.338  1585  1643 V WindowManagerShell: attach dim transition, change={null m=OPEN f=FILLS_TASK|IS_ACTIVITY leash=Surface(name=ActivityRecord{d4fb270 u0 com.example.myapplication.debug/com.example.myapplication.SecondScreenActivity t4384})/@0x3ddc2b7 sb=Rect(0, 0 - 0, 0) eb=Rect(0, 0 - 1080, 2400) d=-1->0 r=-1->0:-1 dim=true inset=Rect(0, 0 - 0, 0)}
06-26 15:39:03.343   780   780 I Layer   : Layer [ActivityRecord{d4fb270 u0 com.example.myapplication.debug/com.example.myapplication.SecondScreenActivity t4384}#21682] hidden!! flag(0)
06-26 15:39:03.343   780   780 I Layer   : Layer [Transition Root: ActivityRecord{d4fb270 u0 com.example.myapplication.debug/com.example.myapplication.SecondScreenActivity t4384}#21687] hidden!! flag(0)
06-26 15:39:03.343   780   780 I Layer   : Layer [e31e68c com.example.myapplication.debug/com.example.myapplication.SecondScreenActivity#21683] hidden!! flag(0)
06-26 15:39:03.343   780   780 I Layer   : Layer [DimTransitionLayer for Surface(name=ActivityRecord{d4fb270 u0 com.example.myapplication.debug/com.example.myapplication.SecondScreenActivity t4384})/@0x3ddc2b7#21692] hidden!! flag(0)
06-26 15:39:03.343   780   780 I Layer   : Layer [com.example.myapplication.debug/com.example.myapplication.SecondScreenActivity$_9075#21684] hidden!! flag(0)
06-26 15:39:03.410  1130  4416 D InputDispatcher: Focus entered window (0): e31e68c com.example.myapplication.debug/com.example.myapplication.SecondScreenActivity
06-26 15:39:03.411  9075  9075 I ViewRootImpl@d16b452[SecondScreenActivity]: handleWindowFocusChanged: 1 0 call from android.view.ViewRootImpl.-$$Nest$mhandleWindowFocusChanged:0
06-26 15:39:03.412  9075  9075 D ViewRootImpl@d16b452[SecondScreenActivity]: mThreadedRenderer.initializeIfNeeded()#2 mSurface={isValid=true 0xb4000071c6871070}
06-26 15:39:03.419  1130  4416 D InsetsSourceProvider: updateControlForTarget: control=InsetsSourceControl: {3 mType=ime mSurfacePosition=Point(0, 92) mInsetsHint=Insets{left=0, top=0, right=0, bottom=918}}, target=Window{e31e68c u0 com.example.myapplication.debug/com.example.myapplication.SecondScreenActivity}, from=com.android.server.wm.ImeInsetsSourceProvider.updateControlForTarget:165 com.android.server.wm.InsetsStateController.onControlTargetChanged:358 com.android.server.wm.InsetsStateController.onImeControlTargetChanged:302 com.android.server.wm.DisplayContent.updateImeControlTarget:5727 com.android.server.wm.DisplayContent.updateImeInputAndControlTarget:5687 
06-26 15:39:03.421  9075  9075 I InsetsSourceConsumer: applyRequestedVisibilityToControl: visible=false, type=ime, host=com.example.myapplication.debug/com.example.myapplication.SecondScreenActivity
06-26 15:39:03.426   780   780 D SurfaceFlinger:      DEVICE | 0xb4000070062fc910 | 0102 | RGBA_8888    |    0.0    0.0 1080.0 1973.0 |    0  427 1080 2400 | com.example.myapplication.debug/com.[...]ion.SecondScreenActivity$_9075#21684
06-26 15:39:03.525   780   780 D SurfaceFlinger:      DEVICE | 0xb4000070062fc910 | 0102 | RGBA_8888    |    0.0    0.0 1080.0 2300.0 |    0  100 1080 2400 | com.example.myapplication.debug/com.[...]ion.SecondScreenActivity$_9075#21684
06-26 15:39:03.708   780   780 I Layer   : id=21692 removeFromCurrentState DimTransitionLayer for Surface(name=ActivityRecord{d4fb270 u0 com.example.myapplication.debug/com.example.myapplication.SecondScreenActivity t4384})/@0x3ddc2b7#21692 (205)
06-26 15:39:03.723   780   780 D SurfaceFlinger:      DEVICE | 0xb4000070062fc910 | 0102 | RGBA_8888    |    0.0    0.0 1080.0 2396.0 |    0    4 1080 2400 | com.example.myapplication.debug/com.[...]ion.SecondScreenActivity$_9075#21684
06-26 15:39:03.790   780   780 D SurfaceFlinger:      DEVICE | 0xb4000070062fc910 | 0102 | RGBA_8888    |    0.0    0.0 1080.0 2400.0 |    0    0 1080 2400 | com.example.myapplication.debug/com.[...]ion.SecondScreenActivity$_9075#21684
06-26 15:39:03.808   780   780 I Layer   : id=21692 removeFromCurrentState DimTransitionLayer for Surface(name=ActivityRecord{d4fb270 u0 com.example.myapplication.debug/com.example.myapplication.SecondScreenActivity t4384})/@0x3ddc2b7#21692 (205)
06-26 15:39:03.808   780   780 I Layer   : id=21687 removeFromCurrentState Transition Root: ActivityRecord{d4fb270 u0 com.example.myapplication.debug/com.example.myapplication.SecondScreenActivity t4384}#21687 (205)
06-26 15:39:03.808   780   780 I Layer   : id=21682 removeFromCurrentState ActivityRecord{d4fb270 u0 com.example.myapplication.debug/com.example.myapplication.SecondScreenActivity t4384}#21682 (205)
06-26 15:39:03.808   780   780 I Layer   : id=21688 removeFromCurrentState edb0a22 ActivityRecordInputSink com.example.myapplication.debug/com.example.myapplication.SecondScreenActivity#21688 (205)
06-26 15:39:03.808   780   780 I Layer   : id=21683 removeFromCurrentState e31e68c com.example.myapplication.debug/com.example.myapplication.SecondScreenActivity#21683 (205)
06-26 15:39:03.808   780   780 I Layer   : id=21684 removeFromCurrentState com.example.myapplication.debug/com.example.myapplication.SecondScreenActivity$_9075#21684 (205)
06-26 15:39:03.808   780   780 I Layer   : id=21682 addToCurrentState ActivityRecord{d4fb270 u0 com.example.myapplication.debug/com.example.myapplication.SecondScreenActivity t4384}#21682 (205)
06-26 15:39:03.808   780   780 I Layer   : id=21688 addToCurrentState edb0a22 ActivityRecordInputSink com.example.myapplication.debug/com.example.myapplication.SecondScreenActivity#21688 (205)
06-26 15:39:03.808   780   780 I Layer   : id=21683 addToCurrentState e31e68c com.example.myapplication.debug/com.example.myapplication.SecondScreenActivity#21683 (205)
06-26 15:39:03.808   780   780 I Layer   : id=21684 addToCurrentState com.example.myapplication.debug/com.example.myapplication.SecondScreenActivity$_9075#21684 (205)
06-26 15:39:03.808   780   780 I Layer   : id=21687 removeFromCurrentState Transition Root: ActivityRecord{d4fb270 u0 com.example.myapplication.debug/com.example.myapplication.SecondScreenActivity t4384}#21687 (205)
06-26 15:39:03.808   780   780 I SurfaceFlinger: id=21687 Removed Transition Root: ActivityRecord{d4fb270 u0 com.example.myapplication.debug/com.example.myapplication.SecondScreenActivity t4384}#21687 (205)
06-26 15:39:03.808   780   780 I SurfaceFlinger: id=21692 Removed DimTransitionLayer for Surface(name=ActivityRecord{d4fb270 u0 com.example.myapplication.debug/com.example.myapplication.SecondScreenActivity t4384})/@0x3ddc2b7#21692 (205)
06-26 15:39:03.823   780   780 I Layer   : id=21692 Destroyed DimTransitionLayer for Surface(name=ActivityRecord{d4fb270 u0 com.example.myapplication.debug/com.example.myapplication.SecondScreenActivity t4384})/@0x3ddc2b7#21692
06-26 15:39:03.823   780   780 I Layer   : id=21687 Destroyed Transition Root: ActivityRecord{d4fb270 u0 com.example.myapplication.debug/com.example.myapplication.SecondScreenActivity t4384}#21687
06-26 15:39:05.246  9075  9075 I ViewRootImpl@d16b452[SecondScreenActivity]: ViewPostIme pointer 0
06-26 15:39:05.304  9075  9075 I ViewRootImpl@d16b452[SecondScreenActivity]: ViewPostIme pointer 1
06-26 15:39:05.307  9075  9075 D SecondScreen: Clicou em artigo para editar: ID=1, Nome='newhhw665ygv1261e43', Quantidade=1
06-26 15:39:05.307  9075  9075 D SecondScreen: Enviando para CriarNovoArtigoActivityRoom: artigo_id=1, nome='newhhw665ygv1261e43'
06-26 15:39:05.317  1130  4390 D ActivityTaskManager: scheduleTopResumedActivityChanged, onTop=false, r=ActivityRecord{d4fb270 u0 com.example.myapplication.debug/com.example.myapplication.SecondScreenActivity t4384}, caller=com.android.server.wm.ActivityTaskSupervisor.updateTopResumedActivityIfNeeded:2826 com.android.server.wm.TaskFragment.setResumedActivity:579 com.android.server.wm.TaskFragment.onActivityStateChanged:888 com.android.server.wm.ActivityRecord.setState:6811 com.android.server.wm.TaskFragment.startPausing:2004 com.android.server.wm.TaskFragment.startPausing:1948 
06-26 15:39:05.323  1130  4390 V WindowManager: Collecting in transition 1476: ActivityRecord{d4fb270 u0 com.example.myapplication.debug/com.example.myapplication.SecondScreenActivity t4384}, caller=com.android.server.wm.Transition.collect:759 com.android.server.wm.TransitionController.collect:935 com.android.server.wm.ActivityRecord.setVisibility:6348 com.android.server.wm.ActivityRecord.setVisibility:6300 com.android.server.wm.ActivityRecord.makeInvisible:7137 
06-26 15:39:05.323  1130  4390 D WindowManager: prepareSync <SYNC_STATE_WAITING_FOR_DRAW>, mPrepareSyncSeqId=0, win=Window{e31e68c u0 com.example.myapplication.debug/com.example.myapplication.SecondScreenActivity}
06-26 15:39:05.323  1130  4390 D WindowManager: VisibleRequested updated, r=ActivityRecord{d4fb270 u0 com.example.myapplication.debug/com.example.myapplication.SecondScreenActivity t4384}
06-26 15:39:05.325  1130  4390 V WindowManager: Changing focus from Window{e31e68c u0 com.example.myapplication.debug/com.example.myapplication.SecondScreenActivity} to null displayId=0 Callers=com.android.server.wm.RootWindowContainer.updateFocusedWindowLocked:578 com.android.server.wm.WindowManagerService.updateFocusedWindowLocked:6833 com.android.server.wm.ActivityTaskManagerService.setLastResumedActivityUncheckLocked:6118 com.android.server.wm.ActivityTaskSupervisor.updateTopResumedActivityIfNeeded:2847 
06-26 15:39:05.336  1130  4390 D InputDispatcher: Focus left window (0): e31e68c com.example.myapplication.debug/com.example.myapplication.SecondScreenActivity
06-26 15:39:05.559  9075  9075 I ViewRootImpl@d16b452[SecondScreenActivity]: handleWindowFocusChanged: 0 0 call from android.view.ViewRootImpl.-$$Nest$mhandleWindowFocusChanged:0
06-26 15:39:05.560  1130  1159 V WindowManager: Start calculating TransitionInfo based on participants: {ActivityRecord{6b3f7a3 u0 com.example.myapplication.debug/com.example.myapplication.CriarNovoArtigoActivityRoom t4384}, ActivityRecord{d4fb270 u0 com.example.myapplication.debug/com.example.myapplication.SecondScreenActivity t4384}}
06-26 15:39:05.560  1130  1159 V WindowManager:   Final targets: [ActivityRecord{6b3f7a3 u0 com.example.myapplication.debug/com.example.myapplication.CriarNovoArtigoActivityRoom t4384}, ActivityRecord{d4fb270 u0 com.example.myapplication.debug/com.example.myapplication.SecondScreenActivity t4384}]
06-26 15:39:05.563  1130  1159 V WindowManager:         {null m=TO_BACK f=FILLS_TASK|IS_ACTIVITY leash=Surface(name=ActivityRecord{d4fb270 u0 com.example.myapplication.debug/com.example.myapplication.SecondScreenActivity t4384})/@0xd63cecb sb=Rect(0, 0 - 1080, 2400) eb=Rect(0, 0 - 1080, 2400) d=0 inset=Rect(0, 0 - 0, 0)}
06-26 15:39:05.565  1585  1643 V WindowManagerShell: onTransitionReady android.os.BinderProxy@3ea1454: {id=1476 t=OPEN f=0x0 trk=0 r=[0@Point(0, 0)] c=[{null m=OPEN f=FILLS_TASK|IS_ACTIVITY leash=Surface(name=ActivityRecord{6b3f7a3 u0 com.example.myapplication.debug/com.example.myapplication.CriarNovoArtigoActivityRoom t4384})/@0xf763743 sb=Rect(0, 0 - 0, 0) eb=Rect(0, 0 - 1080, 2400) d=-1->0 r=-1->0:-1 dim=true inset=Rect(0, 0 - 0, 0)},{null m=TO_BACK f=FILLS_TASK|IS_ACTIVITY leash=Surface(name=ActivityRecord{d4fb270 u0 com.example.myapplication.debug/com.example.myapplication.SecondScreenActivity t4384})/@0xafe21c0 sb=Rect(0, 0 - 1080, 2400) eb=Rect(0, 0 - 1080, 2400) d=0 inset=Rect(0, 0 - 0, 0)}]}
06-26 15:39:05.565  1585  1643 I SurfaceControl: hide, t=FinishTransaction_SyncId<1476>, sc=Surface(name=ActivityRecord{d4fb270 u0 com.example.myapplication.debug/com.example.myapplication.SecondScreenActivity t4384})/@0xafe21c0, caller=com.android.wm.shell.transition.Transitions.dispatchReady:682 com.android.wm.shell.transition.Transitions.onTransitionReady:119 com.android.wm.shell.transition.Transitions$TransitionPlayerImpl$$ExternalSyntheticLambda0.run:13 android.os.Handler.handleCallback:958 android.os.Handler.dispatchMessage:99 android.os.Looper.loopOnce:230 
06-26 15:39:05.566  1130  1155 V WindowManager:         {null m=TO_BACK f=FILLS_TASK|IS_ACTIVITY leash=Surface(name=ActivityRecord{d4fb270 u0 com.example.myapplication.debug/com.example.myapplication.SecondScreenActivity t4384})/@0xd63cecb sb=Rect(0, 0 - 1080, 2400) eb=Rect(0, 0 - 1080, 2400) d=0 inset=Rect(0, 0 - 0, 0)}
06-26 15:39:05.568  1585  1643 V WindowManagerShell: Transition doesn't have explicit remote, search filters for match for {id=1476 t=OPEN f=0x0 trk=0 r=[0@Point(0, 0)] c=[{null m=OPEN f=FILLS_TASK|IS_ACTIVITY leash=Surface(name=ActivityRecord{6b3f7a3 u0 com.example.myapplication.debug/com.example.myapplication.CriarNovoArtigoActivityRoom t4384})/@0xf763743 sb=Rect(0, 0 - 0, 0) eb=Rect(0, 0 - 1080, 2400) d=-1->0 r=-1->0:-1 dim=true inset=Rect(0, 0 - 0, 0)},{null m=TO_BACK f=FILLS_TASK|IS_ACTIVITY leash=Surface(name=ActivityRecord{d4fb270 u0 com.example.myapplication.debug/com.example.myapplication.SecondScreenActivity t4384})/@0xafe21c0 sb=Rect(0, 0 - 1080, 2400) eb=Rect(0, 0 - 1080, 2400) d=0 inset=Rect(0, 0 - 0, 0)}]}
06-26 15:39:05.568  1585  1643 V WindowManagerShell: start default transition animation, info = {id=1476 t=OPEN f=0x0 trk=0 r=[0@Point(0, 0)] c=[{null m=OPEN f=FILLS_TASK|IS_ACTIVITY leash=Surface(name=ActivityRecord{6b3f7a3 u0 com.example.myapplication.debug/com.example.myapplication.CriarNovoArtigoActivityRoom t4384})/@0xf763743 sb=Rect(0, 0 - 0, 0) eb=Rect(0, 0 - 1080, 2400) d=-1->0 r=-1->0:-1 dim=true inset=Rect(0, 0 - 0, 0)},{null m=TO_BACK f=FILLS_TASK|IS_ACTIVITY leash=Surface(name=ActivityRecord{d4fb270 u0 com.example.myapplication.debug/com.example.myapplication.SecondScreenActivity t4384})/@0xafe21c0 sb=Rect(0, 0 - 1080, 2400) eb=Rect(0, 0 - 1080, 2400) d=0 inset=Rect(0, 0 - 0, 0)}]}
06-26 15:39:05.682   780   780 D SurfaceFlinger:      DEVICE | 0xb4000070062fc910 | 0102 | RGBA_8888    |    0.0    8.0 1080.0 2400.0 |    0    0 1080 2392 | com.example.myapplication.debug/com.[...]ion.SecondScreenActivity$_9075#21684
06-26 15:39:06.064   780   780 I Layer   : Layer [ActivityRecord{d4fb270 u0 com.example.myapplication.debug/com.example.myapplication.SecondScreenActivity t4384}#21682] hidden!! flag(1)
06-26 15:39:06.064  1130  4390 V WindowManager: Setting visibility of Window{e31e68c u0 com.example.myapplication.debug/com.example.myapplication.SecondScreenActivity}: false, caller=com.android.server.wm.WindowContainer.sendAppVisibilityToClients:1301 com.android.server.wm.WindowToken.setClientVisible:446 com.android.server.wm.ActivityRecord.setClientVisible:8121 com.android.server.wm.ActivityRecord.postApplyAnimation:6685 com.android.server.wm.ActivityRecord.commitVisibility:6628 
06-26 15:39:06.065  9075  9075 I ViewRootImpl@d16b452[SecondScreenActivity]: handleAppVisibility mAppVisible = true visible = false
06-26 15:39:06.073  9075  9075 I ViewRootImpl@d16b452[SecondScreenActivity]: destroyHardwareResources: Callers=android.view.ViewRootImpl.performTraversals:3932 android.view.ViewRootImpl.doTraversal:3288 android.view.ViewRootImpl$TraversalRunnable.run:11344 android.view.Choreographer$CallbackRecord.run:1689 android.view.Choreographer$CallbackRecord.run:1698 android.view.Choreographer.doCallbacks:1153 android.view.Choreographer.doFrame:1079 android.view.Choreographer$FrameDisplayEventReceiver.run:1646 android.os.Handler.handleCallback:958 android.os.Handler.dispatchMessage:99 
06-26 15:39:06.076  1130  4390 V WindowManager: Relayout Window{e31e68c u0 com.example.myapplication.debug/com.example.myapplication.SecondScreenActivity}: viewVisibility=8 req=1080x2400 ty=1 d0
06-26 15:39:06.080   780   780 I Layer   : Layer [com.example.myapplication.debug/com.example.myapplication.SecondScreenActivity$_9075#21684] hidden!! flag(1)
06-26 15:39:06.087  9075  9075 I ViewRootImpl@d16b452[SecondScreenActivity]: Relayout returned: old=(0,0,1080,2400) new=(0,0,1080,2400) relayoutAsync=false req=(1080,2400)8 dur=10 res=0x402 s={false 0x0} ch=true seqId=0
06-26 15:39:06.088  9075  9075 I ViewRootImpl@d16b452[SecondScreenActivity]: stopped(true) old = false
06-26 15:39:06.089  9075  9075 D ViewRootImpl@d16b452[SecondScreenActivity]: WindowStopped on com.example.myapplication.debug/com.example.myapplication.SecondScreenActivity set to true
06-26 15:39:06.090  9075  9075 D SecondScreen: onStop: isFinishing=false, isChangingConfigurations=false
06-26 15:39:06.091  9075  9075 D SecondScreen: onSaveInstanceState: nomeClienteSalvo=NSN EMPRESA MAKE MARKETING PROMOCIONAL LTDA, clienteIdSalvo=-1
06-26 15:39:06.095  1130  4390 V WindowManager: Relayout Window{e31e68c u0 com.example.myapplication.debug/com.example.myapplication.SecondScreenActivity}: viewVisibility=8 req=1080x2400 ty=1 d0
06-26 15:39:06.099  9075  9075 I ViewRootImpl@d16b452[SecondScreenActivity]: Relayout returned: old=(0,0,1080,2400) new=(0,0,1080,2400) relayoutAsync=false req=(1080,2400)8 dur=4 res=0x402 s={false 0x0} ch=false seqId=0
06-26 15:39:06.101  1130  2619 E WindowManager: win=Window{e31e68c u0 com.example.myapplication.debug/com.example.myapplication.SecondScreenActivity} destroySurfaces: appStopped=true cleanupOnResume=false win.mWindowRemovalAllowed=false win.mRemoveOnExit=false win.mViewVisibility=8 caller=com.android.server.wm.ActivityRecord.destroySurfaces:6952 com.android.server.wm.ActivityRecord.destroySurfaces:6933 com.android.server.wm.ActivityRecord.activityStopped:7633 com.android.server.wm.ActivityClientController.activityStopped:321 android.app.IActivityClientController$Stub.onTransact:702 com.android.server.wm.ActivityClientController.onTransact:186 android.os.Binder.execTransactInternal:1380 
